Archive member included to satisfy reference by file (symbol)

/opt/devkitpro/libctru/lib/libcitro2d.a(base.o)
                              main.o (C2D_Init)
/opt/devkitpro/libctru/lib/libcitro2d.a(render2d.shbin.o)
                              /opt/devkitpro/libctru/lib/libcitro2d.a(base.o) (render2d_shbin)
/opt/devkitpro/libctru/lib/libcitro3d.a(base.o)
                              main.o (C3D_Init)
/opt/devkitpro/libctru/lib/libcitro3d.a(renderqueue.o)
                              /opt/devkitpro/libctru/lib/libcitro3d.a(base.o) (C3Di_RenderQueueEnableVBlank)
/opt/devkitpro/libctru/lib/libcitro3d.a(texture.o)
                              main.o (C3D_TexLoadImage)
/opt/devkitpro/libctru/lib/libcitro3d.a(framebuffer.o)
                              /opt/devkitpro/libctru/lib/libcitro3d.a(renderqueue.o) (C3D_CalcColorBufSize)
/opt/devkitpro/libctru/lib/libcitro3d.a(texenv.o)
                              /opt/devkitpro/libctru/lib/libcitro2d.a(base.o) (C3D_GetTexEnv)
/opt/devkitpro/libctru/lib/libcitro3d.a(drawElements.o)
                              /opt/devkitpro/libctru/lib/libcitro2d.a(base.o) (C3D_DrawElements)
/opt/devkitpro/libctru/lib/libcitro3d.a(proctex.o)
                              /opt/devkitpro/libctru/lib/libcitro2d.a(base.o) (C3D_ProcTexInit)
/opt/devkitpro/libctru/lib/libcitro3d.a(buffers.o)
                              /opt/devkitpro/libctru/lib/libcitro2d.a(base.o) (BufInfo_Init)
/opt/devkitpro/libctru/lib/libcitro3d.a(effect.o)
                              /opt/devkitpro/libctru/lib/libcitro3d.a(base.o) (C3D_DepthMap)
/opt/devkitpro/libctru/lib/libcitro3d.a(attribs.o)
                              /opt/devkitpro/libctru/lib/libcitro2d.a(base.o) (AttrInfo_Init)
/opt/devkitpro/libctru/lib/libcitro3d.a(immediate.o)
                              /opt/devkitpro/libctru/lib/libcitro3d.a(base.o) (C3D_ImmSendAttrib)
/opt/devkitpro/libctru/lib/libcitro3d.a(uniforms.o)
                              /opt/devkitpro/libctru/lib/libcitro3d.a(base.o) (C3D_UpdateUniforms)
/opt/devkitpro/libctru/lib/libcitro3d.a(mtx_ortho.o)
                              /opt/devkitpro/libctru/lib/libcitro2d.a(base.o) (Mtx_Ortho)
/opt/devkitpro/libctru/lib/libcitro3d.a(mtx_scale.o)
                              /opt/devkitpro/libctru/lib/libcitro2d.a(base.o) (Mtx_Scale)
/opt/devkitpro/libctru/lib/libcitro3d.a(mtx_multiply.o)
                              /opt/devkitpro/libctru/lib/libcitro2d.a(base.o) (Mtx_Multiply)
/opt/devkitpro/libctru/lib/libcitro3d.a(mtx_orthotilt.o)
                              /opt/devkitpro/libctru/lib/libcitro2d.a(base.o) (Mtx_OrthoTilt)
/opt/devkitpro/libctru/lib/libcitro3d.a(mtx_translate.o)
                              /opt/devkitpro/libctru/lib/libcitro2d.a(base.o) (Mtx_Translate)
/opt/devkitpro/libctru/lib/libcitro3d.a(mtx_rotatez.o)
                              /opt/devkitpro/libctru/lib/libcitro2d.a(base.o) (Mtx_RotateZ)
/opt/devkitpro/libctru/lib/libctru.a(vram.o)
                              /opt/devkitpro/libctru/lib/libcitro3d.a(renderqueue.o) (vramAlloc)
/opt/devkitpro/libctru/lib/libctru.a(linear.o)
                              /opt/devkitpro/libctru/lib/libcitro2d.a(base.o) (linearAlloc)
/opt/devkitpro/libctru/lib/libctru.a(mem_pool.o)
                              /opt/devkitpro/libctru/lib/libctru.a(vram.o) (MemPool::Allocate(MemChunk&, unsigned long, int))
/opt/devkitpro/libctru/lib/libctru.a(os.o)
                              /opt/devkitpro/libctru/lib/libcitro3d.a(texture.o) (osConvertVirtToPhys)
/opt/devkitpro/libctru/lib/libctru.a(console.o)
                              main.o (consoleInit)
/opt/devkitpro/libctru/lib/libctru.a(gfx.o)
                              /opt/devkitpro/libctru/lib/libcitro2d.a(base.o) (gfxIsWide)
/opt/devkitpro/libctru/lib/libctru.a(shaderProgram.o)
                              /opt/devkitpro/libctru/lib/libcitro2d.a(base.o) (shaderInstanceGetUniformLocation)
/opt/devkitpro/libctru/lib/libctru.a(shbin.o)
                              /opt/devkitpro/libctru/lib/libcitro2d.a(base.o) (DVLB_ParseFile)
/opt/devkitpro/libctru/lib/libctru.a(gx.o)
                              /opt/devkitpro/libctru/lib/libcitro3d.a(renderqueue.o) (GX_BindQueue)
/opt/devkitpro/libctru/lib/libctru.a(gxqueue.o)
                              /opt/devkitpro/libctru/lib/libcitro3d.a(renderqueue.o) (gxCmdQueueClear)
/opt/devkitpro/libctru/lib/libctru.a(gpu.o)
                              /opt/devkitpro/libctru/lib/libcitro3d.a(base.o) (gpuCmdBufOffset)
/opt/devkitpro/libctru/lib/libctru.a(gspgpu.o)
                              /opt/devkitpro/libctru/lib/libctru.a(gfx.o) (gspInit)
/opt/devkitpro/libctru/lib/libctru.a(apt.o)
                              /opt/devkitpro/libctru/lib/libcitro3d.a(base.o) (aptHook)
/opt/devkitpro/libctru/lib/libctru.a(hid.o)
                              main.o (hidScanInput)
/opt/devkitpro/libctru/lib/libctru.a(ptmsysm.o)
                              /opt/devkitpro/libctru/lib/libctru.a(os.o) (ptmSysmInit)
[...]
Memory Configuration

Name             Origin             Length             Attributes
*default*        0x0000000000000000 0xffffffffffffffff

Linker script and memory map

                0x0000000000100000                PROVIDE (__start__ = 0x100000)
                0x0000000000100000                . = __start__

.text           0x0000000000100000    0x25f68
 *(.crt0)
 .crt0          0x0000000000100000       0x94 /opt/devkitpro/devkitARM/bin/../lib/gcc/arm-none-eabi/12.1.0/../../../../arm-none-eabi/lib/armv6k/fpu/3dsx_crt0.o
                0x0000000000100000                _start
                0x0000000000100008                __service_ptr
                0x000000000010000c                __apt_appid
                0x0000000000100010                __heap_size
                0x0000000000100014                __linear_heap_size
                0x0000000000100018                __system_arglist
                0x000000000010001c                __system_runflags
 *(.init)
 .init          0x0000000000100094        0xc /opt/devkitpro/devkitARM/bin/../lib/gcc/arm-none-eabi/12.1.0/armv6k/fpu/crti.o
                0x0000000000100094                _init
 .init          0x00000000001000a0        0xc /opt/devkitpro/devkitARM/bin/../lib/gcc/arm-none-eabi/12.1.0/armv6k/fpu/crtn.o
                0x00000000001000ac                . = ALIGN (0x4)
 *(.text)
 .text          0x00000000001000ac      0x240 /opt/devkitpro/devkitARM/bin/../lib/gcc/arm-none-eabi/12.1.0/armv6k/fpu/libgcc.a(_divsi3.o)
                0x00000000001000ac                __aeabi_idiv
                0x00000000001000ac                __divsi3
                0x00000000001002cc                __aeabi_idivmod
 .text          0x00000000001002ec        0x4 /opt/devkitpro/devkitARM/bin/../lib/gcc/arm-none-eabi/12.1.0/armv6k/fpu/libgcc.a(_dvmd_tls.o)
                0x00000000001002ec                __aeabi_ldiv0
                0x00000000001002ec                __aeabi_idiv0
 .text          0x00000000001002f0      0x3c0 /opt/devkitpro/devkitARM/bin/../lib/gcc/arm-none-eabi/12.1.0/armv6k/fpu/libgcc.a(_arm_addsubdf3.o)
                0x00000000001002f0                __aeabi_drsub
                0x00000000001002f8                __aeabi_dsub
                0x00000000001002f8                __subdf3
                0x00000000001002fc                __adddf3
                0x00000000001002fc                __aeabi_dadd
                0x00000000001005a8                __aeabi_ui2d
                0x00000000001005a8                __floatunsidf
                0x00000000001005cc                __floatsidf
                0x00000000001005cc                __aeabi_i2d
                0x00000000001005f4                __extendsfdf2
                0x00000000001005f4                __aeabi_f2d
                0x000000000010063c                __aeabi_ul2d
                0x000000000010063c                __floatundidf
                0x0000000000100650                __floatdidf
                0x0000000000100650                __aeabi_l2d
 .text          0x00000000001006b0       0xd4 /opt/devkitpro/devkitARM/bin/../lib/gcc/arm-none-eabi/12.1.0/armv6k/fpu/libgcc.a(_aeabi_ldivmod.o)
                0x00000000001006b0                __aeabi_ldivmod
 .text          0x0000000000100784       0x3c /opt/devkitpro/devkitARM/bin/../lib/gcc/arm-none-eabi/12.1.0/armv6k/fpu/libgcc.a(_aeabi_uldivmod.o)
                0x0000000000100784                __aeabi_uldivmod
 .text          0x00000000001007c0      0x390 /opt/devkitpro/devkitARM/bin/../lib/gcc/arm-none-eabi/12.1.0/../../../../arm-none-eabi/lib/armv6k/fpu/libg.a(lib_a-strcmp.o)
                0x00000000001007c8                strcmp
 .text          0x0000000000100b50      0x20c /opt/devkitpro/devkitARM/bin/../lib/gcc/arm-none-eabi/12.1.0/armv6k/fpu/libgcc.a(_udivsi3.o)
                0x0000000000100b50                __udivsi3
                0x0000000000100b50                __aeabi_uidiv
                0x0000000000100d3c                __aeabi_uidivmod
 *(.text.*)
 .text.__do_global_dtors_aux
                0x0000000000100d5c       0x40 /opt/devkitpro/devkitARM/bin/../lib/gcc/arm-none-eabi/12.1.0/armv6k/fpu/crtbegin.o
 .text.frame_dummy
                0x0000000000100d9c       0x2c /opt/devkitpro/devkitARM/bin/../lib/gcc/arm-none-eabi/12.1.0/armv6k/fpu/crtbegin.o
 .text.startup.main
                0x0000000000100dc8      0x2a0 main.o
                0x0000000000100dc8                main
 .text.C2Di_FrameEndHook
                0x0000000000101068       0x44 /opt/devkitpro/libctru/lib/libcitro2d.a(base.o)
 *fill*         0x00000000001010ac        0x4 
 .text.C2D_Init
                0x00000000001010b0      0x36c /opt/devkitpro/libctru/lib/libcitro2d.a(base.o)
                0x00000000001010b0                C2D_Init
 .text.C2D_Fini
                0x000000000010141c       0x4c /opt/devkitpro/libctru/lib/libcitro2d.a(base.o)
                0x000000000010141c                C2D_Fini
 .text.C2D_Prepare
                0x0000000000101468       0xb8 /opt/devkitpro/libctru/lib/libcitro2d.a(base.o)
                0x0000000000101468                C2D_Prepare
 .text.C2D_Flush
                0x0000000000101520       0x48 /opt/devkitpro/libctru/lib/libcitro2d.a(base.o)
                0x0000000000101520                C2D_Flush
 .text.C2D_SceneSize
                0x0000000000101568      0x104 /opt/devkitpro/libctru/lib/libcitro2d.a(base.o)
                0x0000000000101568                C2D_SceneSize
 .text.C2D_CreateScreenTarget
                0x000000000010166c       0x58 /opt/devkitpro/libctru/lib/libcitro2d.a(base.o)
                0x000000000010166c                C2D_CreateScreenTarget
 .text.C2D_TargetClear
                0x00000000001016c4       0x64 /opt/devkitpro/libctru/lib/libcitro2d.a(base.o)
                0x00000000001016c4                C2D_TargetClear
 .text.C3Di_LightEnvUpdate
                0x0000000000101728        0x4 /opt/devkitpro/libctru/lib/libcitro3d.a(base.o)
                0x0000000000101728                C3Di_LightEnvUpdate
 .text.C3Di_LightEnvDirty
                0x000000000010172c        0x4 /opt/devkitpro/libctru/lib/libcitro3d.a(base.o)
                0x000000000010172c                C3Di_LightEnvDirty
 .text.C3Di_AptEventHook
                0x0000000000101730       0xb4 /opt/devkitpro/libctru/lib/libcitro3d.a(base.o)
 .text.C3Di_GasUpdate
                0x00000000001017e4        0x4 /opt/devkitpro/libctru/lib/libcitro3d.a(base.o)
                0x00000000001017e4                C3Di_GasUpdate
 .text.C3D_Init
                0x00000000001017e8      0x1e0 /opt/devkitpro/libctru/lib/libcitro3d.a(base.o)
                0x00000000001017e8                C3D_Init
 .text.C3D_SetViewport
                0x00000000001019c8       0x98 /opt/devkitpro/libctru/lib/libcitro3d.a(base.o)
                0x00000000001019c8                C3D_SetViewport
 .text.C3Di_UpdateContext
                0x0000000000101a60      0x4e8 /opt/devkitpro/libctru/lib/libcitro3d.a(base.o)
                0x0000000000101a60                C3Di_UpdateContext
 .text.C3Di_SplitFrame
                0x0000000000101f48       0xe0 /opt/devkitpro/libctru/lib/libcitro3d.a(base.o)
                0x0000000000101f48                C3Di_SplitFrame
 .text.C3D_GetCmdBufUsage
                0x0000000000102028       0x10 /opt/devkitpro/libctru/lib/libcitro3d.a(base.o)
                0x0000000000102028                C3D_GetCmdBufUsage
 .text.C3D_Fini
                0x0000000000102038       0x44 /opt/devkitpro/libctru/lib/libcitro3d.a(base.o)
                0x0000000000102038                C3D_Fini
 .text.C3D_BindProgram
                0x000000000010207c      0x114 /opt/devkitpro/libctru/lib/libcitro3d.a(base.o)
                0x000000000010207c                C3D_BindProgram
 .text.onVBlank0
                0x0000000000102190       0x4c /opt/devkitpro/libctru/lib/libcitro3d.a(renderqueue.o)
 .text.onVBlank1
                0x00000000001021dc       0x4c /opt/devkitpro/libctru/lib/libcitro3d.a(renderqueue.o)
 .text.C3Di_RenderTargetDestroy
                0x0000000000102228       0x80 /opt/devkitpro/libctru/lib/libcitro3d.a(renderqueue.o)
 .text.onQueueFinish
                0x00000000001022a8       0xf4 /opt/devkitpro/libctru/lib/libcitro3d.a(renderqueue.o)
 .text.C3Di_RenderQueueEnableVBlank
                0x000000000010239c       0x38 /opt/devkitpro/libctru/lib/libcitro3d.a(renderqueue.o)
                0x000000000010239c                C3Di_RenderQueueEnableVBlank
 .text.C3Di_RenderQueueDisableVBlank
                0x00000000001023d4       0x30 /opt/devkitpro/libctru/lib/libcitro3d.a(renderqueue.o)
                0x00000000001023d4                C3Di_RenderQueueDisableVBlank
 .text.C3Di_RenderQueueInit
                0x0000000000102404       0x60 /opt/devkitpro/libctru/lib/libcitro3d.a(renderqueue.o)
                0x0000000000102404                C3Di_RenderQueueInit
 .text.C3Di_RenderQueueExit
                0x0000000000102464       0xb0 /opt/devkitpro/libctru/lib/libcitro3d.a(renderqueue.o)
                0x0000000000102464                C3Di_RenderQueueExit
 .text.C3Di_RenderQueueWaitDone
                0x0000000000102514       0x34 /opt/devkitpro/libctru/lib/libcitro3d.a(renderqueue.o)
                0x0000000000102514                C3Di_RenderQueueWaitDone
 .text.C3D_FrameBegin
                0x0000000000102548       0xe4 /opt/devkitpro/libctru/lib/libcitro3d.a(renderqueue.o)
                0x0000000000102548                C3D_FrameBegin
 .text.C3D_FrameDrawOn
                0x000000000010262c       0x48 /opt/devkitpro/libctru/lib/libcitro3d.a(renderqueue.o)
                0x000000000010262c                C3D_FrameDrawOn
 .text.C3D_FrameSplit
                0x0000000000102674       0x58 /opt/devkitpro/libctru/lib/libcitro3d.a(renderqueue.o)
                0x0000000000102674                C3D_FrameSplit
 .text.C3D_FrameEnd
                0x00000000001026cc      0x1d8 /opt/devkitpro/libctru/lib/libcitro3d.a(renderqueue.o)
                0x00000000001026cc                C3D_FrameEnd
 .text.C3D_FrameEndHook
                0x00000000001028a4       0x1c /opt/devkitpro/libctru/lib/libcitro3d.a(renderqueue.o)
                0x00000000001028a4                C3D_FrameEndHook
 .text.C3D_GetDrawingTime
                0x00000000001028c0       0x18 /opt/devkitpro/libctru/lib/libcitro3d.a(renderqueue.o)
                0x00000000001028c0                C3D_GetDrawingTime
 .text.C3D_GetProcessingTime
                0x00000000001028d8       0x18 /opt/devkitpro/libctru/lib/libcitro3d.a(renderqueue.o)
                0x00000000001028d8                C3D_GetProcessingTime
 .text.C3D_RenderTargetCreate
                0x00000000001028f0      0x184 /opt/devkitpro/libctru/lib/libcitro3d.a(renderqueue.o)
                0x00000000001028f0                C3D_RenderTargetCreate
 .text.C3D_RenderTargetSetOutput
                0x0000000000102a74       0xa8 /opt/devkitpro/libctru/lib/libcitro3d.a(renderqueue.o)
                0x0000000000102a74                C3D_RenderTargetSetOutput
 .text.C3D_SyncTextureCopy
                0x0000000000102b1c       0xfc /opt/devkitpro/libctru/lib/libcitro3d.a(renderqueue.o)
                0x0000000000102b1c                C3D_SyncTextureCopy
 .text.C3D_TexLoadImage
                0x0000000000102c18       0xc8 /opt/devkitpro/libctru/lib/libcitro3d.a(texture.o)
                0x0000000000102c18                C3D_TexLoadImage
 .text.C3Di_SetTex
                0x0000000000102ce0      0x16c /opt/devkitpro/libctru/lib/libcitro3d.a(texture.o)
                0x0000000000102ce0                C3Di_SetTex
 .text.C3D_CalcColorBufSize
                0x0000000000102e4c       0x1c /opt/devkitpro/libctru/lib/libcitro3d.a(framebuffer.o)
                0x0000000000102e4c                C3D_CalcColorBufSize
 .text.C3D_CalcDepthBufSize
                0x0000000000102e68       0x1c /opt/devkitpro/libctru/lib/libcitro3d.a(framebuffer.o)
                0x0000000000102e68                C3D_CalcDepthBufSize
 .text.C3D_SetFrameBuf
                0x0000000000102e84       0x44 /opt/devkitpro/libctru/lib/libcitro3d.a(framebuffer.o)
                0x0000000000102e84                C3D_SetFrameBuf
 .text.C3Di_FrameBufBind
                0x0000000000102ec8      0x16c /opt/devkitpro/libctru/lib/libcitro3d.a(framebuffer.o)
                0x0000000000102ec8                C3Di_FrameBufBind
 .text.C3D_FrameBufClear
                0x0000000000103034       0xc8 /opt/devkitpro/libctru/lib/libcitro3d.a(framebuffer.o)
                0x0000000000103034                C3D_FrameBufClear
 .text.C3D_FrameBufTransfer
                0x00000000001030fc       0x44 /opt/devkitpro/libctru/lib/libcitro3d.a(framebuffer.o)
                0x00000000001030fc                C3D_FrameBufTransfer
 .text.C3D_GetTexEnv
                0x0000000000103140       0x34 /opt/devkitpro/libctru/lib/libcitro3d.a(texenv.o)
                0x0000000000103140                C3D_GetTexEnv
 .text.C3Di_TexEnvBind
                0x0000000000103174       0x24 /opt/devkitpro/libctru/lib/libcitro3d.a(texenv.o)
                0x0000000000103174                C3Di_TexEnvBind
 .text.C3D_DrawElements
                0x0000000000103198      0x218 /opt/devkitpro/libctru/lib/libcitro3d.a(drawElements.o)
                0x0000000000103198                C3D_DrawElements
 .text.C3D_ProcTexInit
                0x00000000001033b0       0x70 /opt/devkitpro/libctru/lib/libcitro3d.a(proctex.o)
                0x00000000001033b0                C3D_ProcTexInit
 .text.ProcTexLut_FromArray
                0x0000000000103420       0xa4 /opt/devkitpro/libctru/lib/libcitro3d.a(proctex.o)
                0x0000000000103420                ProcTexLut_FromArray
 .text.C3Di_ProcTexUpdate
                0x00000000001034c4      0x17c /opt/devkitpro/libctru/lib/libcitro3d.a(proctex.o)
                0x00000000001034c4                C3Di_ProcTexUpdate
 .text.C3Di_ProcTexDirty
                0x0000000000103640       0x68 /opt/devkitpro/libctru/lib/libcitro3d.a(proctex.o)
                0x0000000000103640                C3Di_ProcTexDirty
 .text.BufInfo_Init
                0x00000000001036a8       0x24 /opt/devkitpro/libctru/lib/libcitro3d.a(buffers.o)
                0x00000000001036a8                BufInfo_Init
 .text.BufInfo_Add
                0x00000000001036cc       0x80 /opt/devkitpro/libctru/lib/libcitro3d.a(buffers.o)
                0x00000000001036cc                BufInfo_Add
 .text.C3D_SetBufInfo
                0x000000000010374c       0x40 /opt/devkitpro/libctru/lib/libcitro3d.a(buffers.o)
                0x000000000010374c                C3D_SetBufInfo
 .text.C3Di_BufInfoBind
                0x000000000010378c       0x48 /opt/devkitpro/libctru/lib/libcitro3d.a(buffers.o)
                0x000000000010378c                C3Di_BufInfoBind
 .text.C3D_DepthMap
                0x00000000001037d4       0x40 /opt/devkitpro/libctru/lib/libcitro3d.a(effect.o)
                0x00000000001037d4                C3D_DepthMap
 .text.C3D_CullFace
                0x0000000000103814       0x1c /opt/devkitpro/libctru/lib/libcitro3d.a(effect.o)
                0x0000000000103814                C3D_CullFace
 .text.C3D_StencilTest
                0x0000000000103830       0x40 /opt/devkitpro/libctru/lib/libcitro3d.a(effect.o)
                0x0000000000103830                C3D_StencilTest
 .text.C3D_StencilOp
                0x0000000000103870       0x24 /opt/devkitpro/libctru/lib/libcitro3d.a(effect.o)
                0x0000000000103870                C3D_StencilOp
 .text.C3D_BlendingColor
                0x0000000000103894       0x1c /opt/devkitpro/libctru/lib/libcitro3d.a(effect.o)
                0x0000000000103894                C3D_BlendingColor
 .text.C3D_EarlyDepthTest
                0x00000000001038b0       0x24 /opt/devkitpro/libctru/lib/libcitro3d.a(effect.o)
                0x00000000001038b0                C3D_EarlyDepthTest
 .text.C3D_DepthTest
                0x00000000001038d4       0x2c /opt/devkitpro/libctru/lib/libcitro3d.a(effect.o)
                0x00000000001038d4                C3D_DepthTest
 .text.C3D_AlphaTest
                0x0000000000103900       0x2c /opt/devkitpro/libctru/lib/libcitro3d.a(effect.o)
                0x0000000000103900                C3D_AlphaTest
 .text.C3D_AlphaBlend
                0x000000000010392c       0x50 /opt/devkitpro/libctru/lib/libcitro3d.a(effect.o)
                0x000000000010392c                C3D_AlphaBlend
 .text.C3D_FragOpMode
                0x000000000010397c       0x30 /opt/devkitpro/libctru/lib/libcitro3d.a(effect.o)
                0x000000000010397c                C3D_FragOpMode
 .text.C3D_FragOpShadow
                0x00000000001039ac       0x44 /opt/devkitpro/libctru/lib/libcitro3d.a(effect.o)
                0x00000000001039ac                C3D_FragOpShadow
 .text.C3Di_EffectBind
                0x00000000001039f0      0x1ac /opt/devkitpro/libctru/lib/libcitro3d.a(effect.o)
                0x00000000001039f0                C3Di_EffectBind
 .text.AttrInfo_Init
                0x0000000000103b9c       0x28 /opt/devkitpro/libctru/lib/libcitro3d.a(attribs.o)
                0x0000000000103b9c                AttrInfo_Init
 .text.AttrInfo_AddLoader
                0x0000000000103bc4       0x94 /opt/devkitpro/libctru/lib/libcitro3d.a(attribs.o)
                0x0000000000103bc4                AttrInfo_AddLoader
 .text.C3D_SetAttrInfo
                0x0000000000103c58       0x54 /opt/devkitpro/libctru/lib/libcitro3d.a(attribs.o)
                0x0000000000103c58                C3D_SetAttrInfo
 .text.C3Di_AttrInfoBind
                0x0000000000103cac       0x80 /opt/devkitpro/libctru/lib/libcitro3d.a(attribs.o)
                0x0000000000103cac                C3Di_AttrInfoBind
 .text.C3D_ImmSendAttrib
                0x0000000000103d2c       0xa8 /opt/devkitpro/libctru/lib/libcitro3d.a(immediate.o)
                0x0000000000103d2c                C3D_ImmSendAttrib
 .text.C3D_UpdateUniforms
                0x0000000000103dd4      0x280 /opt/devkitpro/libctru/lib/libcitro3d.a(uniforms.o)
                0x0000000000103dd4                C3D_UpdateUniforms
 .text.C3Di_DirtyUniforms
                0x0000000000104054       0xc0 /opt/devkitpro/libctru/lib/libcitro3d.a(uniforms.o)
                0x0000000000104054                C3Di_DirtyUniforms
 .text.C3Di_LoadShaderUniforms
                0x0000000000104114       0xd8 /opt/devkitpro/libctru/lib/libcitro3d.a(uniforms.o)
                0x0000000000104114                C3Di_LoadShaderUniforms
 .text.C3Di_ClearShaderUniforms
                0x00000000001041ec       0x28 /opt/devkitpro/libctru/lib/libcitro3d.a(uniforms.o)
                0x00000000001041ec                C3Di_ClearShaderUniforms
 .text.Mtx_Ortho
                0x0000000000104214       0xcc /opt/devkitpro/libctru/lib/libcitro3d.a(mtx_ortho.o)
                0x0000000000104214                Mtx_Ortho
 .text.Mtx_OrthoTilt
                0x00000000001042e0       0xcc /opt/devkitpro/libctru/lib/libcitro3d.a(mtx_orthotilt.o)
                0x00000000001042e0                Mtx_OrthoTilt
 .text._ZL21addrMapNodeComparatorPK11rbtree_nodeS1_
                0x00000000001043ac       0x24 /opt/devkitpro/libctru/lib/libctru.a(vram.o)
 .text._ZL21addrMapNodeDestructorP11rbtree_node
                0x00000000001043d0        0x4 /opt/devkitpro/libctru/lib/libctru.a(vram.o)
 .text.vramMemAlignAt
                0x00000000001043d4      0x250 /opt/devkitpro/libctru/lib/libctru.a(vram.o)
                0x00000000001043d4                vramMemAlignAt
 .text.vramAlloc
                0x0000000000104624        0xc /opt/devkitpro/libctru/lib/libctru.a(vram.o)
                0x0000000000104624                vramAlloc
 .text.vramAllocAt
                0x0000000000104630        0xc /opt/devkitpro/libctru/lib/libctru.a(vram.o)
                0x0000000000104630                vramAllocAt
 .text.vramFree
                0x000000000010463c       0x90 /opt/devkitpro/libctru/lib/libctru.a(vram.o)
                0x000000000010463c                vramFree
 .text._ZL21addrMapNodeComparatorPK11rbtree_nodeS1_
                0x00000000001046cc       0x24 /opt/devkitpro/libctru/lib/libctru.a(linear.o)
 .text._ZL21addrMapNodeDestructorP11rbtree_node
                0x00000000001046f0        0x4 /opt/devkitpro/libctru/lib/libctru.a(linear.o)
 .text.linearMemAlign
                0x00000000001046f4      0x120 /opt/devkitpro/libctru/lib/libctru.a(linear.o)
                0x00000000001046f4                linearMemAlign
 .text.linearAlloc
                0x0000000000104814        0x8 /opt/devkitpro/libctru/lib/libctru.a(linear.o)
                0x0000000000104814                linearAlloc
 .text.linearFree
                0x000000000010481c       0x5c /opt/devkitpro/libctru/lib/libctru.a(linear.o)
                0x000000000010481c                linearFree
 .text._ZN7MemPool13CoalesceRightEP8MemBlock
                0x0000000000104878       0x80 /opt/devkitpro/libctru/lib/libctru.a(mem_pool.o)
                0x0000000000104878                MemPool::CoalesceRight(MemBlock*)
 .text._ZN7MemPool8AllocateER8MemChunkmi
                0x00000000001048f8      0x16c /opt/devkitpro/libctru/lib/libctru.a(mem_pool.o)
                0x00000000001048f8                MemPool::Allocate(MemChunk&, unsigned long, int)
 .text._ZN7MemPool10DeallocateERK8MemChunk
                0x0000000000104a64       0xfc /opt/devkitpro/libctru/lib/libctru.a(mem_pool.o)
                0x0000000000104a64                MemPool::Deallocate(MemChunk const&)
 .text._ZN7MemPool12GetFreeSpaceEv
                0x0000000000104b60       0x30 /opt/devkitpro/libctru/lib/libctru.a(mem_pool.o)
                0x0000000000104b60                MemPool::GetFreeSpace()
 .text.osConvertVirtToPhys
                0x0000000000104b90       0x74 /opt/devkitpro/libctru/lib/libctru.a(os.o)
                0x0000000000104b90                osConvertVirtToPhys
 .text.osGetTimeRef
                0x0000000000104c04       0x54 /opt/devkitpro/libctru/lib/libctru.a(os.o)
                0x0000000000104c04                osGetTimeRef
 .text.osGetTime
                0x0000000000104c58       0xec /opt/devkitpro/libctru/lib/libctru.a(os.o)
                0x0000000000104c58                osGetTime
 *fill*         0x0000000000104d44        0x4 
 .text.osTickCounterRead
                0x0000000000104d48       0x38 /opt/devkitpro/libctru/lib/libctru.a(os.o)
                0x0000000000104d48                osTickCounterRead
 .text.__ctru_speedup_config
                0x0000000000104d80       0x34 /opt/devkitpro/libctru/lib/libctru.a(os.o)
                0x0000000000104d80                __ctru_speedup_config
 .text.parseColor
                0x0000000000104db4      0x1e8 /opt/devkitpro/libctru/lib/libctru.a(console.o)
 .text.consoleDrawChar
                0x0000000000104f9c      0x1ac /opt/devkitpro/libctru/lib/libctru.a(console.o)
                0x0000000000104f9c                consoleDrawChar
 .text.consolePrintChar
                0x0000000000105148      0x124 /opt/devkitpro/libctru/lib/libctru.a(console.o)
                0x0000000000105148                consolePrintChar
 .text.con_write
                0x000000000010526c      0xb94 /opt/devkitpro/libctru/lib/libctru.a(console.o)
                0x000000000010526c                con_write
 .text.newRow   0x0000000000105e00       0xfc /opt/devkitpro/libctru/lib/libctru.a(console.o)
 .text.consoleInit
                0x0000000000105efc      0x168 /opt/devkitpro/libctru/lib/libctru.a(console.o)
                0x0000000000105efc                consoleInit
 .text.gfxPresentFramebuffer
                0x0000000000106064       0xd0 /opt/devkitpro/libctru/lib/libctru.a(gfx.o)
 .text.gfxIsWide
                0x0000000000106134       0x1c /opt/devkitpro/libctru/lib/libctru.a(gfx.o)
                0x0000000000106134                gfxIsWide
 .text.gfxSetScreenFormat
                0x0000000000106150       0xec /opt/devkitpro/libctru/lib/libctru.a(gfx.o)
                0x0000000000106150                gfxSetScreenFormat
 .text.gfxSetDoubleBuffering
                0x000000000010623c       0x10 /opt/devkitpro/libctru/lib/libctru.a(gfx.o)
                0x000000000010623c                gfxSetDoubleBuffering
 .text.gfxInit  0x000000000010624c       0xe0 /opt/devkitpro/libctru/lib/libctru.a(gfx.o)
                0x000000000010624c                gfxInit
 .text.gfxInitDefault
                0x000000000010632c       0x10 /opt/devkitpro/libctru/lib/libctru.a(gfx.o)
                0x000000000010632c                gfxInitDefault
 .text.gfxExit  0x000000000010633c       0xb4 /opt/devkitpro/libctru/lib/libctru.a(gfx.o)
                0x000000000010633c                gfxExit
 .text.gfxGetFramebuffer
                0x00000000001063f0       0xa0 /opt/devkitpro/libctru/lib/libctru.a(gfx.o)
                0x00000000001063f0                gfxGetFramebuffer
 .text.gfxFlushBuffers
                0x0000000000106490      0x104 /opt/devkitpro/libctru/lib/libctru.a(gfx.o)
                0x0000000000106490                gfxFlushBuffers
 .text.gfxScreenSwapBuffers
                0x0000000000106594       0x30 /opt/devkitpro/libctru/lib/libctru.a(gfx.o)
                0x0000000000106594                gfxScreenSwapBuffers
 .text.gfxSwapBuffersGpu
                0x00000000001065c4       0x50 /opt/devkitpro/libctru/lib/libctru.a(gfx.o)
                0x00000000001065c4                gfxSwapBuffersGpu
 .text.shaderInstanceInit
                0x0000000000106614      0x1d4 /opt/devkitpro/libctru/lib/libctru.a(shaderProgram.o)
                0x0000000000106614                shaderInstanceInit
 .text.shaderInstanceGetUniformLocation
                0x00000000001067e8       0x18 /opt/devkitpro/libctru/lib/libctru.a(shaderProgram.o)
                0x00000000001067e8                shaderInstanceGetUniformLocation
 .text.shaderProgramInit
                0x0000000000106800       0x1c /opt/devkitpro/libctru/lib/libctru.a(shaderProgram.o)
                0x0000000000106800                shaderProgramInit
 .text.shaderProgramFree
                0x000000000010681c       0x64 /opt/devkitpro/libctru/lib/libctru.a(shaderProgram.o)
                0x000000000010681c                shaderProgramFree
 .text.shaderProgramSetVsh
                0x0000000000106880       0x80 /opt/devkitpro/libctru/lib/libctru.a(shaderProgram.o)
                0x0000000000106880                shaderProgramSetVsh
 .text.shaderProgramConfigure
                0x0000000000106900      0x8e0 /opt/devkitpro/libctru/lib/libctru.a(shaderProgram.o)
                0x0000000000106900                shaderProgramConfigure
 .text.DVLE_GenerateOutmap.part.0
                0x00000000001071e0      0x1cc /opt/devkitpro/libctru/lib/libctru.a(shbin.o)
 .text.DVLB_ParseFile
                0x00000000001073ac      0x1b4 /opt/devkitpro/libctru/lib/libctru.a(shbin.o)
                0x00000000001073ac                DVLB_ParseFile
 .text.DVLB_Free
                0x0000000000107560       0x38 /opt/devkitpro/libctru/lib/libctru.a(shbin.o)
                0x0000000000107560                DVLB_Free
 .text.DVLE_GetUniformRegister
                0x0000000000107598       0x74 /opt/devkitpro/libctru/lib/libctru.a(shbin.o)
                0x0000000000107598                DVLE_GetUniformRegister
 .text.GX_BindQueue
                0x000000000010760c       0x10 /opt/devkitpro/libctru/lib/libctru.a(gx.o)
                0x000000000010760c                GX_BindQueue
 .text.GX_ProcessCommandList
                0x000000000010761c       0x78 /opt/devkitpro/libctru/lib/libctru.a(gx.o)
                0x000000000010761c                GX_ProcessCommandList
 .text.GX_MemoryFill
                0x0000000000107694       0x74 /opt/devkitpro/libctru/lib/libctru.a(gx.o)
                0x0000000000107694                GX_MemoryFill
 .text.GX_DisplayTransfer
                0x0000000000107708       0x70 /opt/devkitpro/libctru/lib/libctru.a(gx.o)
                0x0000000000107708                GX_DisplayTransfer
 .text.GX_TextureCopy
                0x0000000000107778       0x74 /opt/devkitpro/libctru/lib/libctru.a(gx.o)
                0x0000000000107778                GX_TextureCopy
 .text.gxCmdQueueDoCommands.part.0
                0x00000000001077ec       0x68 /opt/devkitpro/libctru/lib/libctru.a(gxqueue.o)
 .text.gxCmdQueueInterrupt
                0x0000000000107854       0xc8 /opt/devkitpro/libctru/lib/libctru.a(gxqueue.o)
                0x0000000000107854                gxCmdQueueInterrupt
 .text.gxCmdQueueClear
                0x000000000010791c       0x4c /opt/devkitpro/libctru/lib/libctru.a(gxqueue.o)
                0x000000000010791c                gxCmdQueueClear
 .text.gxCmdQueueAdd
                0x0000000000107968       0xf8 /opt/devkitpro/libctru/lib/libctru.a(gxqueue.o)
                0x0000000000107968                gxCmdQueueAdd
 .text.gxCmdQueueRun
                0x0000000000107a60       0x80 /opt/devkitpro/libctru/lib/libctru.a(gxqueue.o)
                0x0000000000107a60                gxCmdQueueRun
 .text.gxCmdQueueStop
                0x0000000000107ae0       0x60 /opt/devkitpro/libctru/lib/libctru.a(gxqueue.o)
                0x0000000000107ae0                gxCmdQueueStop
 .text.gxCmdQueueWait
                0x0000000000107b40       0x74 /opt/devkitpro/libctru/lib/libctru.a(gxqueue.o)
                0x0000000000107b40                gxCmdQueueWait
 .text.GPUCMD_Add
                0x0000000000107bb4      0x13c /opt/devkitpro/libctru/lib/libctru.a(gpu.o)
                0x0000000000107bb4                GPUCMD_Add
 .text.GPUCMD_Split
                0x0000000000107cf0       0xb0 /opt/devkitpro/libctru/lib/libctru.a(gpu.o)
                0x0000000000107cf0                GPUCMD_Split
 .text.f32tof16
                0x0000000000107da0       0x34 /opt/devkitpro/libctru/lib/libctru.a(gpu.o)
                0x0000000000107da0                f32tof16
 .text.f32tof24
                0x0000000000107dd4       0x34 /opt/devkitpro/libctru/lib/libctru.a(gpu.o)
                0x0000000000107dd4                f32tof24
 .text.f32tof31
                0x0000000000107e08       0x38 /opt/devkitpro/libctru/lib/libctru.a(gpu.o)
                0x0000000000107e08                f32tof31
 .text.gspHardwareInit
                0x0000000000107e40      0xc58 /opt/devkitpro/libctru/lib/libctru.a(gspgpu.o)
 .text.gspInit  0x0000000000108a98      0x248 /opt/devkitpro/libctru/lib/libctru.a(gspgpu.o)
                0x0000000000108a98                gspInit
 .text.gspExit  0x0000000000108ce0       0xf0 /opt/devkitpro/libctru/lib/libctru.a(gspgpu.o)
                0x0000000000108ce0                gspExit
 .text.gspHasGpuRight
                0x0000000000108dd0       0x10 /opt/devkitpro/libctru/lib/libctru.a(gspgpu.o)
                0x0000000000108dd0                gspHasGpuRight
 .text.gspPresentBuffer
                0x0000000000108de0       0xa0 /opt/devkitpro/libctru/lib/libctru.a(gspgpu.o)
                0x0000000000108de0                gspPresentBuffer
 .text.gspSetEventCallback
                0x0000000000108e80       0x30 /opt/devkitpro/libctru/lib/libctru.a(gspgpu.o)
                0x0000000000108e80                gspSetEventCallback
 .text.gspWaitForEvent
                0x0000000000108eb0       0x44 /opt/devkitpro/libctru/lib/libctru.a(gspgpu.o)
                0x0000000000108eb0                gspWaitForEvent
 .text.gspWaitForAnyEvent
                0x0000000000108ef4       0x4c /opt/devkitpro/libctru/lib/libctru.a(gspgpu.o)
                0x0000000000108ef4                gspWaitForAnyEvent
 .text.gspEventThreadMain
                0x0000000000108f40      0x158 /opt/devkitpro/libctru/lib/libctru.a(gspgpu.o)
 .text.gspSubmitGxCommand
                0x0000000000109098      0x130 /opt/devkitpro/libctru/lib/libctru.a(gspgpu.o)
                0x0000000000109098                gspSubmitGxCommand
 .text.GSPGPU_FlushDataCache
                0x00000000001091c8       0x50 /opt/devkitpro/libctru/lib/libctru.a(gspgpu.o)
                0x00000000001091c8                GSPGPU_FlushDataCache
 .text.GSPGPU_SetLcdForceBlack
                0x0000000000109218       0x34 /opt/devkitpro/libctru/lib/libctru.a(gspgpu.o)
                0x0000000000109218                GSPGPU_SetLcdForceBlack
 .text.GSPGPU_AcquireRight
                0x000000000010924c       0x68 /opt/devkitpro/libctru/lib/libctru.a(gspgpu.o)
                0x000000000010924c                GSPGPU_AcquireRight
 .text.GSPGPU_ReleaseRight
                0x00000000001092b4       0x48 /opt/devkitpro/libctru/lib/libctru.a(gspgpu.o)
                0x00000000001092b4                GSPGPU_ReleaseRight
 .text.GSPGPU_ImportDisplayCaptureInfo
                0x00000000001092fc       0x7c /opt/devkitpro/libctru/lib/libctru.a(gspgpu.o)
                0x00000000001092fc                GSPGPU_ImportDisplayCaptureInfo
 .text.GSPGPU_SaveVramSysArea
                0x0000000000109378       0x2c /opt/devkitpro/libctru/lib/libctru.a(gspgpu.o)
                0x0000000000109378                GSPGPU_SaveVramSysArea
 .text.GSPGPU_RestoreVramSysArea
                0x00000000001093a4       0x2c /opt/devkitpro/libctru/lib/libctru.a(gspgpu.o)
                0x00000000001093a4                GSPGPU_RestoreVramSysArea
 .text.aptConvertScreenForCapture
                0x00000000001093d0      0x1a4 /opt/devkitpro/libctru/lib/libctru.a(apt.o)
 .text.aptDspSleep
                0x0000000000109574        0x8 /opt/devkitpro/libctru/lib/libctru.a(apt.o)
                0x0000000000109574                aptDspSleep
 .text.aptDspWakeup
                0x000000000010957c        0x4 /opt/devkitpro/libctru/lib/libctru.a(apt.o)
                0x000000000010957c                aptDspWakeup
 .text.aptDspCancel
                0x0000000000109580        0x4 /opt/devkitpro/libctru/lib/libctru.a(apt.o)
                0x0000000000109580                aptDspCancel
 .text.aptSendCommand
                0x0000000000109584      0x158 /opt/devkitpro/libctru/lib/libctru.a(apt.o)
                0x0000000000109584                aptSendCommand
 *fill*         0x00000000001096dc        0x4 
 .text.aptExitProcess
                0x00000000001096e0       0x44 /opt/devkitpro/libctru/lib/libctru.a(apt.o)
 .text.aptExit  0x0000000000109724      0x2f4 /opt/devkitpro/libctru/lib/libctru.a(apt.o)
                0x0000000000109724                aptExit
 .text.aptHandleSleep
                0x0000000000109a18       0xe0 /opt/devkitpro/libctru/lib/libctru.a(apt.o)
                0x0000000000109a18                aptHandleSleep
 .text.aptHook  0x0000000000109af8       0x30 /opt/devkitpro/libctru/lib/libctru.a(apt.o)
                0x0000000000109af8                aptHook
 .text.aptUnhook
                0x0000000000109b28       0x30 /opt/devkitpro/libctru/lib/libctru.a(apt.o)
                0x0000000000109b28                aptUnhook
 .text.APT_SleepIfShellClosed
                0x0000000000109b58       0x84 /opt/devkitpro/libctru/lib/libctru.a(apt.o)
                0x0000000000109b58                APT_SleepIfShellClosed
 .text.aptSetSleepAllowed
                0x0000000000109bdc       0x84 /opt/devkitpro/libctru/lib/libctru.a(apt.o)
                0x0000000000109bdc                aptSetSleepAllowed
 .text.APT_UnlockTransition
                0x0000000000109c60       0x84 /opt/devkitpro/libctru/lib/libctru.a(apt.o)
                0x0000000000109c60                APT_UnlockTransition
 *fill*         0x0000000000109ce4        0x4 
 .text.aptEventHandler
                0x0000000000109ce8      0x4a4 /opt/devkitpro/libctru/lib/libctru.a(apt.o)
 .text.APT_ReceiveParameter
                0x000000000010a18c       0xb0 /opt/devkitpro/libctru/lib/libctru.a(apt.o)
                0x000000000010a18c                APT_ReceiveParameter
 .text.aptReceiveParameter.constprop.0
                0x000000000010a23c       0xb0 /opt/devkitpro/libctru/lib/libctru.a(apt.o)
 *fill*         0x000000000010a2ec        0x4 
 .text.aptScreenTransfer
                0x000000000010a2f0      0x2ac /opt/devkitpro/libctru/lib/libctru.a(apt.o)
 .text.aptWaitForWakeUp.isra.0
                0x000000000010a59c      0x344 /opt/devkitpro/libctru/lib/libctru.a(apt.o)
 .text.aptJumpToHomeMenu
                0x000000000010a8e0      0x100 /opt/devkitpro/libctru/lib/libctru.a(apt.o)
                0x000000000010a8e0                aptJumpToHomeMenu
 .text.aptMainLoop
                0x000000000010a9e0       0x48 /opt/devkitpro/libctru/lib/libctru.a(apt.o)
                0x000000000010a9e0                aptMainLoop
 .text.aptInit  0x000000000010aa28      0x22c /opt/devkitpro/libctru/lib/libctru.a(apt.o)
                0x000000000010aa28                aptInit
 .text.APT_CheckNew3DS
                0x000000000010ac54       0x7c /opt/devkitpro/libctru/lib/libctru.a(apt.o)
                0x000000000010ac54                APT_CheckNew3DS
 .text.hidShouldUseIrrst
                0x000000000010acd0       0x24 /opt/devkitpro/libctru/lib/libctru.a(hid.o)
                0x000000000010acd0                hidShouldUseIrrst
 .text.hidInit  0x000000000010acf4      0x18c /opt/devkitpro/libctru/lib/libctru.a(hid.o)
                0x000000000010acf4                hidInit
 .text.hidExit  0x000000000010ae80       0xe8 /opt/devkitpro/libctru/lib/libctru.a(hid.o)
                0x000000000010ae80                hidExit
 .text.hidScanInput
                0x000000000010af68      0x2a4 /opt/devkitpro/libctru/lib/libctru.a(hid.o)
                0x000000000010af68                hidScanInput
 .text.hidKeysDown
                0x000000000010b20c       0x10 /opt/devkitpro/libctru/lib/libctru.a(hid.o)
                0x000000000010b20c                hidKeysDown
 .text.ptmSysmInit
                0x000000000010b21c       0x74 /opt/devkitpro/libctru/lib/libctru.a(ptmsysm.o)
                0x000000000010b21c                ptmSysmInit
 .text.ptmSysmExit
                0x000000000010b290       0x3c /opt/devkitpro/libctru/lib/libctru.a(ptmsysm.o)
                0x000000000010b290                ptmSysmExit
 .text.PTMSYSM_ConfigureNew3DSCPU
                0x000000000010b2cc       0x34 /opt/devkitpro/libctru/lib/libctru.a(ptmsysm.o)
                0x000000000010b2cc                PTMSYSM_ConfigureNew3DSCPU
 .text.rbtree_init
                0x000000000010b300       0x10 /opt/devkitpro/libctru/lib/libctru.a(rbtree_init.o)
                0x000000000010b300                rbtree_init
 .text.do_insert
                0x000000000010b310      0x1b4 /opt/devkitpro/libctru/lib/libctru.a(rbtree_insert.o)
 .text.rbtree_insert
                0x000000000010b4c4        0x8 /opt/devkitpro/libctru/lib/libctru.a(rbtree_insert.o)
                0x000000000010b4c4                rbtree_insert
 .text.rbtree_rotate
                0x000000000010b4cc       0x90 /opt/devkitpro/libctru/lib/libctru.a(rbtree_rotate.o)
                0x000000000010b4cc                rbtree_rotate
 .text.rbtree_remove
                0x000000000010b55c      0x318 /opt/devkitpro/libctru/lib/libctru.a(rbtree_remove.o)
                0x000000000010b55c                rbtree_remove
 .text.rbtree_find
                0x000000000010b874       0x74 /opt/devkitpro/libctru/lib/libctru.a(rbtree_find.o)
                0x000000000010b874                rbtree_find
 .text.__system_allocateHeaps
                0x000000000010b8e8      0x1e0 /opt/devkitpro/libctru/lib/libctru.a(allocateHeaps.o)
                0x000000000010b8e8                __system_allocateHeaps
 .text.__libctru_init
                0x000000000010bac8       0x38 /opt/devkitpro/libctru/lib/libctru.a(ctru_init.o)
                0x000000000010bac8                __libctru_init
 .text.__system_initArgv
                0x000000000010bb00      0x170 /opt/devkitpro/libctru/lib/libctru.a(initArgv.o)
                0x000000000010bb00                __system_initArgv
 .text.svcControlMemory
                0x000000000010bc70       0x20 /opt/devkitpro/libctru/lib/libctru.a(svc.o)
                0x000000000010bc70                svcControlMemory
 .text.svcQueryMemory
                0x000000000010bc90       0x30 /opt/devkitpro/libctru/lib/libctru.a(svc.o)
                0x000000000010bc90                svcQueryMemory
 .text.svcExitProcess
                0x000000000010bcc0        0x8 /opt/devkitpro/libctru/lib/libctru.a(svc.o)
                0x000000000010bcc0                svcExitProcess
 .text.svcCreateThread
                0x000000000010bcc8       0x20 /opt/devkitpro/libctru/lib/libctru.a(svc.o)
                0x000000000010bcc8                svcCreateThread
 .text.svcExitThread
                0x000000000010bce8        0x8 /opt/devkitpro/libctru/lib/libctru.a(svc.o)
                0x000000000010bce8                svcExitThread
 .text.svcSleepThread
                0x000000000010bcf0        0x8 /opt/devkitpro/libctru/lib/libctru.a(svc.o)
                0x000000000010bcf0                svcSleepThread
 .text.svcReleaseMutex
                0x000000000010bcf8        0x8 /opt/devkitpro/libctru/lib/libctru.a(svc.o)
                0x000000000010bcf8                svcReleaseMutex
 .text.svcCreateEvent
                0x000000000010bd00       0x14 /opt/devkitpro/libctru/lib/libctru.a(svc.o)
                0x000000000010bd00                svcCreateEvent
 .text.svcSignalEvent
                0x000000000010bd14        0x8 /opt/devkitpro/libctru/lib/libctru.a(svc.o)
                0x000000000010bd14                svcSignalEvent
 .text.svcClearEvent
                0x000000000010bd1c        0x8 /opt/devkitpro/libctru/lib/libctru.a(svc.o)
                0x000000000010bd1c                svcClearEvent
 .text.svcMapMemoryBlock
                0x000000000010bd24        0x8 /opt/devkitpro/libctru/lib/libctru.a(svc.o)
                0x000000000010bd24                svcMapMemoryBlock
 .text.svcUnmapMemoryBlock
                0x000000000010bd2c        0x8 /opt/devkitpro/libctru/lib/libctru.a(svc.o)
                0x000000000010bd2c                svcUnmapMemoryBlock
 .text.svcCreateAddressArbiter
                0x000000000010bd34       0x14 /opt/devkitpro/libctru/lib/libctru.a(svc.o)
                0x000000000010bd34                svcCreateAddressArbiter
 .text.svcArbitrateAddressNoTimeout
                0x000000000010bd48        0x8 /opt/devkitpro/libctru/lib/libctru.a(svc.o)
                0x000000000010bd48                svcArbitrateAddressNoTimeout
 .text.svcCloseHandle
                0x000000000010bd50        0x8 /opt/devkitpro/libctru/lib/libctru.a(svc.o)
                0x000000000010bd50                svcCloseHandle
 .text.svcWaitSynchronization
                0x000000000010bd58        0x8 /opt/devkitpro/libctru/lib/libctru.a(svc.o)
                0x000000000010bd58                svcWaitSynchronization
 .text.svcWaitSynchronizationN
                0x000000000010bd60       0x28 /opt/devkitpro/libctru/lib/libctru.a(svc.o)
                0x000000000010bd60                svcWaitSynchronizationN
 .text.svcDuplicateHandle
                0x000000000010bd88       0x14 /opt/devkitpro/libctru/lib/libctru.a(svc.o)
                0x000000000010bd88                svcDuplicateHandle
 .text.svcGetSystemTick
                0x000000000010bd9c        0x8 /opt/devkitpro/libctru/lib/libctru.a(svc.o)
                0x000000000010bd9c                svcGetSystemTick
 .text.svcConnectToPort
                0x000000000010bda4       0x14 /opt/devkitpro/libctru/lib/libctru.a(svc.o)
                0x000000000010bda4                svcConnectToPort
 .text.svcSendSyncRequest
                0x000000000010bdb8        0x8 /opt/devkitpro/libctru/lib/libctru.a(svc.o)
                0x000000000010bdb8                svcSendSyncRequest
 .text.svcGetResourceLimit
                0x000000000010bdc0       0x14 /opt/devkitpro/libctru/lib/libctru.a(svc.o)
                0x000000000010bdc0                svcGetResourceLimit
 .text.svcGetResourceLimitLimitValues
                0x000000000010bdd4        0x8 /opt/devkitpro/libctru/lib/libctru.a(svc.o)
                0x000000000010bdd4                svcGetResourceLimitLimitValues
 .text.svcGetResourceLimitCurrentValues
                0x000000000010bddc        0x8 /opt/devkitpro/libctru/lib/libctru.a(svc.o)
                0x000000000010bddc                svcGetResourceLimitCurrentValues
 .text.svcBreak
                0x000000000010bde4        0x8 /opt/devkitpro/libctru/lib/libctru.a(svc.o)
                0x000000000010bde4                svcBreak
 .text.initSystem
                0x000000000010bdec       0x50 /opt/devkitpro/libctru/lib/libctru.a(stack_adjust.o)
                0x000000000010bdec                initSystem
 .text.__ctru_exit
                0x000000000010be3c       0x18 /opt/devkitpro/libctru/lib/libctru.a(stack_adjust.o)
                0x000000000010be3c                __ctru_exit
 .text.__sync_init
                0x000000000010be54        0xc /opt/devkitpro/libctru/lib/libctru.a(synchronization.o)
                0x000000000010be54                __sync_init
 .text.__sync_fini
                0x000000000010be60       0x18 /opt/devkitpro/libctru/lib/libctru.a(synchronization.o)
                0x000000000010be60                __sync_fini
 .text.syncArbitrateAddress
                0x000000000010be78       0x2c /opt/devkitpro/libctru/lib/libctru.a(synchronization.o)
                0x000000000010be78                syncArbitrateAddress
 .text.LightLock_Lock
                0x000000000010bea4       0xb0 /opt/devkitpro/libctru/lib/libctru.a(synchronization.o)
                0x000000000010bea4                LightLock_Lock
 .text.LightLock_Unlock
                0x000000000010bf54       0x40 /opt/devkitpro/libctru/lib/libctru.a(synchronization.o)
                0x000000000010bf54                LightLock_Unlock
 .text.RecursiveLock_Init
                0x000000000010bf94       0x24 /opt/devkitpro/libctru/lib/libctru.a(synchronization.o)
                0x000000000010bf94                RecursiveLock_Init
 .text.RecursiveLock_Lock
                0x000000000010bfb8       0x30 /opt/devkitpro/libctru/lib/libctru.a(synchronization.o)
                0x000000000010bfb8                RecursiveLock_Lock
 .text.RecursiveLock_Unlock
                0x000000000010bfe8       0x54 /opt/devkitpro/libctru/lib/libctru.a(synchronization.o)
                0x000000000010bfe8                RecursiveLock_Unlock
 .text.LightEvent_Init
                0x000000000010c03c       0x40 /opt/devkitpro/libctru/lib/libctru.a(synchronization.o)
                0x000000000010c03c                LightEvent_Init
 .text.LightEvent_Clear
                0x000000000010c07c       0xa4 /opt/devkitpro/libctru/lib/libctru.a(synchronization.o)
                0x000000000010c07c                LightEvent_Clear
 .text.LightEvent_Signal
                0x000000000010c120       0xc8 /opt/devkitpro/libctru/lib/libctru.a(synchronization.o)
                0x000000000010c120                LightEvent_Signal
 .text.LightEvent_TryWait
                0x000000000010c1e8       0x50 /opt/devkitpro/libctru/lib/libctru.a(synchronization.o)
                0x000000000010c1e8                LightEvent_TryWait
 .text.LightEvent_Wait
                0x000000000010c238       0xb0 /opt/devkitpro/libctru/lib/libctru.a(synchronization.o)
                0x000000000010c238                LightEvent_Wait
 .text.srvInit  0x000000000010c2e8      0x130 /opt/devkitpro/libctru/lib/libctru.a(srv.o)
                0x000000000010c2e8                srvInit
 .text.srvExit  0x000000000010c418       0x58 /opt/devkitpro/libctru/lib/libctru.a(srv.o)
                0x000000000010c418                srvExit
 .text.srvGetServiceHandleDirect
                0x000000000010c470       0xa0 /opt/devkitpro/libctru/lib/libctru.a(srv.o)
                0x000000000010c470                srvGetServiceHandleDirect
 .text.srvGetServiceHandle
                0x000000000010c510       0x38 /opt/devkitpro/libctru/lib/libctru.a(srv.o)
                0x000000000010c510                srvGetServiceHandle
 .text.srvPublishToSubscriber
                0x000000000010c548       0x38 /opt/devkitpro/libctru/lib/libctru.a(srv.o)
                0x000000000010c548                srvPublishToSubscriber
 .text.threadCreate
                0x000000000010c580      0x178 /opt/devkitpro/libctru/lib/libctru.a(thread.o)
                0x000000000010c580                threadCreate
 .text.threadFree
                0x000000000010c6f8       0x2c /opt/devkitpro/libctru/lib/libctru.a(thread.o)
                0x000000000010c6f8                threadFree
 .text.threadJoin
                0x000000000010c724       0x24 /opt/devkitpro/libctru/lib/libctru.a(thread.o)
                0x000000000010c724                threadJoin
 .text.threadGetCurrent
                0x000000000010c748       0x30 /opt/devkitpro/libctru/lib/libctru.a(thread.o)
                0x000000000010c748                threadGetCurrent
 .text.threadExit
                0x000000000010c778       0x40 /opt/devkitpro/libctru/lib/libctru.a(thread.o)
                0x000000000010c778                threadExit
 .text._thread_begin
                0x000000000010c7b8       0x20 /opt/devkitpro/libctru/lib/libctru.a(thread.o)
 .text.mappableFindAddressWithin
                0x000000000010c7d8       0xb4 /opt/devkitpro/libctru/lib/libctru.a(mappable.o)
 .text.mappableInit
                0x000000000010c88c       0x28 /opt/devkitpro/libctru/lib/libctru.a(mappable.o)
                0x000000000010c88c                mappableInit
 .text.mappableAlloc
                0x000000000010c8b4       0x80 /opt/devkitpro/libctru/lib/libctru.a(mappable.o)
                0x000000000010c8b4                mappableAlloc
 .text.mappableFree
                0x000000000010c934        0x4 /opt/devkitpro/libctru/lib/libctru.a(mappable.o)
                0x000000000010c934                mappableFree
 .text.irrstInit
                0x000000000010c938      0x164 /opt/devkitpro/libctru/lib/libctru.a(irrst.o)
                0x000000000010c938                irrstInit
 .text.irrstExit
                0x000000000010ca9c       0xcc /opt/devkitpro/libctru/lib/libctru.a(irrst.o)
                0x000000000010ca9c                irrstExit
 .text.irrstScanInput
                0x000000000010cb68       0xb4 /opt/devkitpro/libctru/lib/libctru.a(irrst.o)
                0x000000000010cb68                irrstScanInput
 .text.irrstKeysHeld
                0x000000000010cc1c       0x24 /opt/devkitpro/libctru/lib/libctru.a(irrst.o)
                0x000000000010cc1c                irrstKeysHeld
 .text.srvPmGetSessionHandle
                0x000000000010cc40        0xc /opt/devkitpro/libctru/lib/libctru.a(srvpm.o)
                0x000000000010cc40                srvPmGetSessionHandle
 .text.rbtree_node_next
                0x000000000010cc4c       0x5c /opt/devkitpro/libctru/lib/libctru.a(rbtree_iterator.o)
                0x000000000010cc4c                rbtree_node_next
 .text.__appInit
                0x000000000010cca8       0x30 /opt/devkitpro/libctru/lib/libctru.a(appInit.o)
                0x000000000010cca8                __appInit
 .text.__syscall_getreent
                0x000000000010ccd8       0x30 /opt/devkitpro/libctru/lib/libctru.a(syscalls.o)
                0x000000000010ccd8                __syscall_getreent
 .text.__syscall_gettod_r
                0x000000000010cd08       0x74 /opt/devkitpro/libctru/lib/libctru.a(syscalls.o)
                0x000000000010cd08                __syscall_gettod_r
 .text.__syscall_lock_acquire
                0x000000000010cd7c        0x4 /opt/devkitpro/libctru/lib/libctru.a(syscalls.o)
                0x000000000010cd7c                __syscall_lock_acquire
 .text.__syscall_lock_release
                0x000000000010cd80        0x4 /opt/devkitpro/libctru/lib/libctru.a(syscalls.o)
                0x000000000010cd80                __syscall_lock_release
 .text.__syscall_lock_init_recursive
                0x000000000010cd84        0x4 /opt/devkitpro/libctru/lib/libctru.a(syscalls.o)
                0x000000000010cd84                __syscall_lock_init_recursive
 .text.__syscall_lock_acquire_recursive
                0x000000000010cd88        0x4 /opt/devkitpro/libctru/lib/libctru.a(syscalls.o)
                0x000000000010cd88                __syscall_lock_acquire_recursive
 .text.__syscall_lock_release_recursive
                0x000000000010cd8c        0x4 /opt/devkitpro/libctru/lib/libctru.a(syscalls.o)
                0x000000000010cd8c                __syscall_lock_release_recursive
 .text.__syscall_exit
                0x000000000010cd90        0x4 /opt/devkitpro/libctru/lib/libctru.a(syscalls.o)
                0x000000000010cd90                __syscall_exit
 .text.initThreadVars
                0x000000000010cd94       0x50 /opt/devkitpro/libctru/lib/libctru.a(syscalls.o)
                0x000000000010cd94                initThreadVars
 .text.__system_initSyscalls
                0x000000000010cde4       0x68 /opt/devkitpro/libctru/lib/libctru.a(syscalls.o)
                0x000000000010cde4                __system_initSyscalls
 .text.__appExit
                0x000000000010ce4c       0x30 /opt/devkitpro/libctru/lib/libctru.a(appExit.o)
                0x000000000010ce4c                __appExit
 .text.__libctru_exit
                0x000000000010ce7c       0x90 /opt/devkitpro/libctru/lib/libctru.a(ctru_exit.o)
                0x000000000010ce7c                __libctru_exit
 .text.envGetHandle
                0x000000000010cf0c       0x84 /opt/devkitpro/libctru/lib/libctru.a(env.o)
                0x000000000010cf0c                envGetHandle
 .text.envDestroyHandles
                0x000000000010cf90       0x50 /opt/devkitpro/libctru/lib/libctru.a(env.o)
                0x000000000010cf90                envDestroyHandles
 .text.archive_link
                0x000000000010cfe0       0x14 /opt/devkitpro/libctru/lib/libctru.a(archive_dev.o)
 .text.archive_dirreset
                0x000000000010cff4       0x14 /opt/devkitpro/libctru/lib/libctru.a(archive_dev.o)
 .text.archive_chmod
                0x000000000010d008       0x14 /opt/devkitpro/libctru/lib/libctru.a(archive_dev.o)
 .text.error_cmp
                0x000000000010d01c       0x24 /opt/devkitpro/libctru/lib/libctru.a(archive_dev.o)
 .text.archive_translate_error
                0x000000000010d040       0x50 /opt/devkitpro/libctru/lib/libctru.a(archive_dev.o)
 .text.archive_seek
                0x000000000010d090       0xc8 /opt/devkitpro/libctru/lib/libctru.a(archive_dev.o)
 .text._archiveInit.part.0
                0x000000000010d158       0x7c /opt/devkitpro/libctru/lib/libctru.a(archive_dev.o)
 .text.archiveFindDevice.part.0
                0x000000000010d1d4       0xc4 /opt/devkitpro/libctru/lib/libctru.a(archive_dev.o)
 .text.archive_utf16path
                0x000000000010d298      0x25c /opt/devkitpro/libctru/lib/libctru.a(archive_dev.o)
 .text._archiveUnmountDeviceStruct.part.0
                0x000000000010d4f4       0xa0 /opt/devkitpro/libctru/lib/libctru.a(archive_dev.o)
 .text.archive_fchmod
                0x000000000010d594       0x14 /opt/devkitpro/libctru/lib/libctru.a(archive_dev.o)
 .text.archive_statvfs
                0x000000000010d5a8       0x14 /opt/devkitpro/libctru/lib/libctru.a(archive_dev.o)
 .text._archiveMountDevice
                0x000000000010d5bc      0x164 /opt/devkitpro/libctru/lib/libctru.a(archive_dev.o)
 .text.archive_diropen
                0x000000000010d720       0xe8 /opt/devkitpro/libctru/lib/libctru.a(archive_dev.o)
 .text.archive_fstat
                0x000000000010d808       0xa4 /opt/devkitpro/libctru/lib/libctru.a(archive_dev.o)
 .text.archive_close
                0x000000000010d8ac       0x6c /opt/devkitpro/libctru/lib/libctru.a(archive_dev.o)
 .text.archive_fsync
                0x000000000010d918       0x6c /opt/devkitpro/libctru/lib/libctru.a(archive_dev.o)
 .text.archive_dirclose
                0x000000000010d984       0x70 /opt/devkitpro/libctru/lib/libctru.a(archive_dev.o)
 .text.sdmc_statvfs
                0x000000000010d9f4       0xe8 /opt/devkitpro/libctru/lib/libctru.a(archive_dev.o)
 .text.archive_chdir
                0x000000000010dadc       0xec /opt/devkitpro/libctru/lib/libctru.a(archive_dev.o)
 .text.archive_ftruncate
                0x000000000010dbc8       0x7c /opt/devkitpro/libctru/lib/libctru.a(archive_dev.o)
 .text.archive_read
                0x000000000010dc44       0xac /opt/devkitpro/libctru/lib/libctru.a(archive_dev.o)
 .text.archive_unlink
                0x000000000010dcf0       0xa4 /opt/devkitpro/libctru/lib/libctru.a(archive_dev.o)
 .text.archive_rmdir
                0x000000000010dd94       0xbc /opt/devkitpro/libctru/lib/libctru.a(archive_dev.o)
 .text.archive_mkdir
                0x000000000010de50       0xdc /opt/devkitpro/libctru/lib/libctru.a(archive_dev.o)
 .text.archive_stat
                0x000000000010df2c      0x19c /opt/devkitpro/libctru/lib/libctru.a(archive_dev.o)
 .text.archive_dirnext
                0x000000000010e0c8      0x15c /opt/devkitpro/libctru/lib/libctru.a(archive_dev.o)
 .text.archive_write
                0x000000000010e224       0xec /opt/devkitpro/libctru/lib/libctru.a(archive_dev.o)
 .text.archive_open
                0x000000000010e310      0x1d4 /opt/devkitpro/libctru/lib/libctru.a(archive_dev.o)
 .text.archive_rename
                0x000000000010e4e4      0x278 /opt/devkitpro/libctru/lib/libctru.a(archive_dev.o)
 .text.archiveMountSdmc
                0x000000000010e75c      0x19c /opt/devkitpro/libctru/lib/libctru.a(archive_dev.o)
                0x000000000010e75c                archiveMountSdmc
 .text.archiveUnmountAll
                0x000000000010e8f8       0x54 /opt/devkitpro/libctru/lib/libctru.a(archive_dev.o)
                0x000000000010e8f8                archiveUnmountAll
 .text.fsInit   0x000000000010e94c       0xcc /opt/devkitpro/libctru/lib/libctru.a(fs.o)
                0x000000000010e94c                fsInit
 .text.fsExit   0x000000000010ea18       0x3c /opt/devkitpro/libctru/lib/libctru.a(fs.o)
                0x000000000010ea18                fsExit
 .text.fsExemptFromSession
                0x000000000010ea54       0x60 /opt/devkitpro/libctru/lib/libctru.a(fs.o)
                0x000000000010ea54                fsExemptFromSession
 .text.fsUnexemptFromSession
                0x000000000010eab4       0x50 /opt/devkitpro/libctru/lib/libctru.a(fs.o)
                0x000000000010eab4                fsUnexemptFromSession
 .text.FSUSER_OpenFile
                0x000000000010eb04       0xcc /opt/devkitpro/libctru/lib/libctru.a(fs.o)
                0x000000000010eb04                FSUSER_OpenFile
 .text.FSUSER_DeleteFile
                0x000000000010ebd0       0xbc /opt/devkitpro/libctru/lib/libctru.a(fs.o)
                0x000000000010ebd0                FSUSER_DeleteFile
 .text.FSUSER_RenameFile
                0x000000000010ec8c       0xf8 /opt/devkitpro/libctru/lib/libctru.a(fs.o)
                0x000000000010ec8c                FSUSER_RenameFile
 .text.FSUSER_DeleteDirectory
                0x000000000010ed84       0xbc /opt/devkitpro/libctru/lib/libctru.a(fs.o)
                0x000000000010ed84                FSUSER_DeleteDirectory
 .text.FSUSER_CreateFile
                0x000000000010ee40       0xd4 /opt/devkitpro/libctru/lib/libctru.a(fs.o)
                0x000000000010ee40                FSUSER_CreateFile
 .text.FSUSER_CreateDirectory
                0x000000000010ef14       0xc4 /opt/devkitpro/libctru/lib/libctru.a(fs.o)
                0x000000000010ef14                FSUSER_CreateDirectory
 .text.FSUSER_RenameDirectory
                0x000000000010efd8       0xf8 /opt/devkitpro/libctru/lib/libctru.a(fs.o)
                0x000000000010efd8                FSUSER_RenameDirectory
 .text.FSUSER_OpenDirectory
                0x000000000010f0d0       0xb4 /opt/devkitpro/libctru/lib/libctru.a(fs.o)
                0x000000000010f0d0                FSUSER_OpenDirectory
 .text.FSUSER_OpenArchive
                0x000000000010f184       0x98 /opt/devkitpro/libctru/lib/libctru.a(fs.o)
                0x000000000010f184                FSUSER_OpenArchive
 .text.FSUSER_CloseArchive
                0x000000000010f21c       0x8c /opt/devkitpro/libctru/lib/libctru.a(fs.o)
                0x000000000010f21c                FSUSER_CloseArchive
 .text.FSUSER_GetSdmcArchiveResource
                0x000000000010f2a8       0x74 /opt/devkitpro/libctru/lib/libctru.a(fs.o)
                0x000000000010f2a8                FSUSER_GetSdmcArchiveResource
 .text.FSUSER_IsSdmcWritable
                0x000000000010f31c       0x64 /opt/devkitpro/libctru/lib/libctru.a(fs.o)
                0x000000000010f31c                FSUSER_IsSdmcWritable
 .text.FSFILE_Read
                0x000000000010f380       0x58 /opt/devkitpro/libctru/lib/libctru.a(fs.o)
                0x000000000010f380                FSFILE_Read
 .text.FSFILE_Write
                0x000000000010f3d8       0x60 /opt/devkitpro/libctru/lib/libctru.a(fs.o)
                0x000000000010f3d8                FSFILE_Write
 .text.FSFILE_GetSize
                0x000000000010f438       0x3c /opt/devkitpro/libctru/lib/libctru.a(fs.o)
                0x000000000010f438                FSFILE_GetSize
 .text.FSFILE_SetSize
                0x000000000010f474       0x28 /opt/devkitpro/libctru/lib/libctru.a(fs.o)
                0x000000000010f474                FSFILE_SetSize
 .text.FSFILE_Close
                0x000000000010f49c       0x3c /opt/devkitpro/libctru/lib/libctru.a(fs.o)
                0x000000000010f49c                FSFILE_Close
 .text.FSFILE_Flush
                0x000000000010f4d8       0x24 /opt/devkitpro/libctru/lib/libctru.a(fs.o)
                0x000000000010f4d8                FSFILE_Flush
 .text.FSDIR_Read
                0x000000000010f4fc       0x50 /opt/devkitpro/libctru/lib/libctru.a(fs.o)
                0x000000000010f4fc                FSDIR_Read
 .text.FSDIR_Close
                0x000000000010f54c       0x3c /opt/devkitpro/libctru/lib/libctru.a(fs.o)
                0x000000000010f54c                FSDIR_Close
 .text.utf16_to_utf8
                0x000000000010f588       0xe8 /opt/devkitpro/libctru/lib/libctru.a(utf16_to_utf8.o)
                0x000000000010f588                utf16_to_utf8
 .text.decode_utf16
                0x000000000010f670       0x64 /opt/devkitpro/libctru/lib/libctru.a(decode_utf16.o)
                0x000000000010f670                decode_utf16
 .text.decode_utf8
                0x000000000010f6d4      0x13c /opt/devkitpro/libctru/lib/libctru.a(decode_utf8.o)
                0x000000000010f6d4                decode_utf8
 .text.utf8_to_utf16
                0x000000000010f810       0xc0 /opt/devkitpro/libctru/lib/libctru.a(utf8_to_utf16.o)
                0x000000000010f810                utf8_to_utf16
 .text.__aeabi_read_tp
                0x000000000010f8d0        0xc /opt/devkitpro/libctru/lib/libctru.a(readtp.o)
                0x000000000010f8d0                __aeabi_read_tp
 .text.encode_utf16
                0x000000000010f8dc       0x54 /opt/devkitpro/libctru/lib/libctru.a(encode_utf16.o)
                0x000000000010f8dc                encode_utf16
 .text.encode_utf8
                0x000000000010f930       0xe0 /opt/devkitpro/libctru/lib/libctru.a(encode_utf8.o)
                0x000000000010f930                encode_utf8
 .text.__udivmoddi4
                0x000000000010fa10      0x120 /opt/devkitpro/devkitARM/bin/../lib/gcc/arm-none-eabi/12.1.0/armv6k/fpu/libgcc.a(_udivmoddi4.o)
                0x000000000010fa10                __udivmoddi4
 .text.bsearch  0x000000000010fb30       0x78 /opt/devkitpro/devkitARM/bin/../lib/gcc/arm-none-eabi/12.1.0/../../../../arm-none-eabi/lib/armv6k/fpu/libg.a(lib_a-bsearch.o)
                0x000000000010fb30                bsearch
 .text.calloc   0x000000000010fba8       0x20 /opt/devkitpro/devkitARM/bin/../lib/gcc/arm-none-eabi/12.1.0/../../../../arm-none-eabi/lib/armv6k/fpu/libg.a(lib_a-calloc.o)
                0x000000000010fba8                calloc
 .text._calloc_r
                0x000000000010fbc8       0xc0 /opt/devkitpro/devkitARM/bin/../lib/gcc/arm-none-eabi/12.1.0/../../../../arm-none-eabi/lib/armv6k/fpu/libg.a(lib_a-callocr.o)
                0x000000000010fbc8                _calloc_r
 .text.__errno  0x000000000010fc88        0xc /opt/devkitpro/devkitARM/bin/../lib/gcc/arm-none-eabi/12.1.0/../../../../arm-none-eabi/lib/armv6k/fpu/libg.a(lib_a-errno.o)
                0x000000000010fc88                __errno
 .text.exit     0x000000000010fc94       0x34 /opt/devkitpro/devkitARM/bin/../lib/gcc/arm-none-eabi/12.1.0/../../../../arm-none-eabi/lib/armv6k/fpu/libg.a(lib_a-exit.o)
                0x000000000010fc94                exit
 .text.__sflush_r
                0x000000000010fcc8      0x234 /opt/devkitpro/devkitARM/bin/../lib/gcc/arm-none-eabi/12.1.0/../../../../arm-none-eabi/lib/armv6k/fpu/libg.a(lib_a-fflush.o)
                0x000000000010fcc8                __sflush_r
 .text._fflush_r
                0x000000000010fefc       0x94 /opt/devkitpro/devkitARM/bin/../lib/gcc/arm-none-eabi/12.1.0/../../../../arm-none-eabi/lib/armv6k/fpu/libg.a(lib_a-fflush.o)
                0x000000000010fefc                _fflush_r
 .text._cleanup_r
                0x000000000010ff90        0xc /opt/devkitpro/devkitARM/bin/../lib/gcc/arm-none-eabi/12.1.0/../../../../arm-none-eabi/lib/armv6k/fpu/libg.a(lib_a-findfp.o)
                0x000000000010ff90                _cleanup_r
 .text.__sinit  0x000000000010ff9c      0x184 /opt/devkitpro/devkitARM/bin/../lib/gcc/arm-none-eabi/12.1.0/../../../../arm-none-eabi/lib/armv6k/fpu/libg.a(lib_a-findfp.o)
                0x000000000010ff9c                __sinit
 .text.__sfp_lock_acquire
                0x0000000000110120        0xc /opt/devkitpro/devkitARM/bin/../lib/gcc/arm-none-eabi/12.1.0/../../../../arm-none-eabi/lib/armv6k/fpu/libg.a(lib_a-findfp.o)
                0x0000000000110120                __sfp_lock_acquire
 .text.__sfp_lock_release
                0x000000000011012c        0xc /opt/devkitpro/devkitARM/bin/../lib/gcc/arm-none-eabi/12.1.0/../../../../arm-none-eabi/lib/armv6k/fpu/libg.a(lib_a-findfp.o)
                0x000000000011012c                __sfp_lock_release
 .text.__libc_fini_array
                0x0000000000110138       0x3c /opt/devkitpro/devkitARM/bin/../lib/gcc/arm-none-eabi/12.1.0/../../../../arm-none-eabi/lib/armv6k/fpu/libg.a(lib_a-fini.o)
                0x0000000000110138                __libc_fini_array
 .text._malloc_trim_r
                0x0000000000110174       0xf8 /opt/devkitpro/devkitARM/bin/../lib/gcc/arm-none-eabi/12.1.0/../../../../arm-none-eabi/lib/armv6k/fpu/libg.a(lib_a-freer.o)
                0x0000000000110174                _malloc_trim_r
 .text._free_r  0x000000000011026c      0x2e8 /opt/devkitpro/devkitARM/bin/../lib/gcc/arm-none-eabi/12.1.0/../../../../arm-none-eabi/lib/armv6k/fpu/libg.a(lib_a-freer.o)
                0x000000000011026c                _free_r
 .text._fwalk_reent
                0x0000000000110554       0x70 /opt/devkitpro/devkitARM/bin/../lib/gcc/arm-none-eabi/12.1.0/../../../../arm-none-eabi/lib/armv6k/fpu/libg.a(lib_a-fwalk.o)
                0x0000000000110554                _fwalk_reent
 .text.__libc_init_array
                0x00000000001105c4       0x84 /opt/devkitpro/devkitARM/bin/../lib/gcc/arm-none-eabi/12.1.0/../../../../arm-none-eabi/lib/armv6k/fpu/libg.a(lib_a-init.o)
                0x00000000001105c4                __libc_init_array
 .text.memalign
                0x0000000000110648       0x20 /opt/devkitpro/devkitARM/bin/../lib/gcc/arm-none-eabi/12.1.0/../../../../arm-none-eabi/lib/armv6k/fpu/libg.a(lib_a-malign.o)
                0x0000000000110648                memalign
 .text._memalign_r
                0x0000000000110668      0x14c /opt/devkitpro/devkitARM/bin/../lib/gcc/arm-none-eabi/12.1.0/../../../../arm-none-eabi/lib/armv6k/fpu/libg.a(lib_a-malignr.o)
                0x0000000000110668                _memalign_r
 .text.malloc   0x00000000001107b4       0x18 /opt/devkitpro/devkitARM/bin/../lib/gcc/arm-none-eabi/12.1.0/../../../../arm-none-eabi/lib/armv6k/fpu/libg.a(lib_a-malloc.o)
                0x00000000001107b4                malloc
 .text.free     0x00000000001107cc       0x18 /opt/devkitpro/devkitARM/bin/../lib/gcc/arm-none-eabi/12.1.0/../../../../arm-none-eabi/lib/armv6k/fpu/libg.a(lib_a-malloc.o)
                0x00000000001107cc                free
 .text._malloc_r
                0x00000000001107e4      0x7e4 /opt/devkitpro/devkitARM/bin/../lib/gcc/arm-none-eabi/12.1.0/../../../../arm-none-eabi/lib/armv6k/fpu/libg.a(lib_a-mallocr.o)
                0x00000000001107e4                _malloc_r
 .text.memchr   0x0000000000110fc8       0xe4 /opt/devkitpro/devkitARM/bin/../lib/gcc/arm-none-eabi/12.1.0/../../../../arm-none-eabi/lib/armv6k/fpu/libg.a(lib_a-memchr-stub.o)
                0x0000000000110fc8                memchr
 .text.memcpy   0x00000000001110ac      0x118 /opt/devkitpro/devkitARM/bin/../lib/gcc/arm-none-eabi/12.1.0/../../../../arm-none-eabi/lib/armv6k/fpu/libg.a(lib_a-memcpy-stub.o)
                0x00000000001110ac                memcpy
 .text.memset   0x00000000001111c4       0xf4 /opt/devkitpro/devkitARM/bin/../lib/gcc/arm-none-eabi/12.1.0/../../../../arm-none-eabi/lib/armv6k/fpu/libg.a(lib_a-memset.o)
                0x00000000001111c4                memset
 .text.__malloc_lock
                0x00000000001112b8        0xc /opt/devkitpro/devkitARM/bin/../lib/gcc/arm-none-eabi/12.1.0/../../../../arm-none-eabi/lib/armv6k/fpu/libg.a(lib_a-mlock.o)
                0x00000000001112b8                __malloc_lock
 .text.__malloc_unlock
                0x00000000001112c4        0xc /opt/devkitpro/devkitARM/bin/../lib/gcc/arm-none-eabi/12.1.0/../../../../arm-none-eabi/lib/armv6k/fpu/libg.a(lib_a-mlock.o)
                0x00000000001112c4                __malloc_unlock
 .text.printf   0x00000000001112d0       0x34 /opt/devkitpro/devkitARM/bin/../lib/gcc/arm-none-eabi/12.1.0/../../../../arm-none-eabi/lib/armv6k/fpu/libg.a(lib_a-printf.o)
                0x00000000001112d0                printf
 .text._puts_r  0x0000000000111304       0xe0 /opt/devkitpro/devkitARM/bin/../lib/gcc/arm-none-eabi/12.1.0/../../../../arm-none-eabi/lib/armv6k/fpu/libg.a(lib_a-puts.o)
                0x0000000000111304                _puts_r
 .text.puts     0x00000000001113e4       0x18 /opt/devkitpro/devkitARM/bin/../lib/gcc/arm-none-eabi/12.1.0/../../../../arm-none-eabi/lib/armv6k/fpu/libg.a(lib_a-puts.o)
                0x00000000001113e4                puts
 .text.setvbuf  0x00000000001113fc      0x25c /opt/devkitpro/devkitARM/bin/../lib/gcc/arm-none-eabi/12.1.0/../../../../arm-none-eabi/lib/armv6k/fpu/libg.a(lib_a-setvbuf.o)
                0x00000000001113fc                setvbuf
 .text.sscanf   0x0000000000111658       0x74 /opt/devkitpro/devkitARM/bin/../lib/gcc/arm-none-eabi/12.1.0/../../../../arm-none-eabi/lib/armv6k/fpu/libg.a(lib_a-sscanf.o)
                0x0000000000111658                sscanf
 .text.__sread  0x00000000001116cc       0x44 /opt/devkitpro/devkitARM/bin/../lib/gcc/arm-none-eabi/12.1.0/../../../../arm-none-eabi/lib/armv6k/fpu/libg.a(lib_a-stdio.o)
                0x00000000001116cc                __sread
 .text.__seofread
                0x0000000000111710        0x8 /opt/devkitpro/devkitARM/bin/../lib/gcc/arm-none-eabi/12.1.0/../../../../arm-none-eabi/lib/armv6k/fpu/libg.a(lib_a-stdio.o)
                0x0000000000111710                __seofread
 .text.__swrite
                0x0000000000111718       0x68 /opt/devkitpro/devkitARM/bin/../lib/gcc/arm-none-eabi/12.1.0/../../../../arm-none-eabi/lib/armv6k/fpu/libg.a(lib_a-stdio.o)
                0x0000000000111718                __swrite
 .text.__sseek  0x0000000000111780       0x44 /opt/devkitpro/devkitARM/bin/../lib/gcc/arm-none-eabi/12.1.0/../../../../arm-none-eabi/lib/armv6k/fpu/libg.a(lib_a-stdio.o)
                0x0000000000111780                __sseek
 .text.__sclose
                0x00000000001117c4        0x8 /opt/devkitpro/devkitARM/bin/../lib/gcc/arm-none-eabi/12.1.0/../../../../arm-none-eabi/lib/armv6k/fpu/libg.a(lib_a-stdio.o)
                0x00000000001117c4                __sclose
 .text.strlen   0x00000000001117cc       0x5c /opt/devkitpro/devkitARM/bin/../lib/gcc/arm-none-eabi/12.1.0/../../../../arm-none-eabi/lib/armv6k/fpu/libg.a(lib_a-strlen-stub.o)
                0x00000000001117cc                strlen
 .text.strncat  0x0000000000111828       0xe4 /opt/devkitpro/devkitARM/bin/../lib/gcc/arm-none-eabi/12.1.0/../../../../arm-none-eabi/lib/armv6k/fpu/libg.a(lib_a-strncat.o)
                0x0000000000111828                strncat
 .text.strncmp  0x000000000011190c       0xe4 /opt/devkitpro/devkitARM/bin/../lib/gcc/arm-none-eabi/12.1.0/../../../../arm-none-eabi/lib/armv6k/fpu/libg.a(lib_a-strncmp.o)
                0x000000000011190c                strncmp
 .text.strncpy  0x00000000001119f0       0xc4 /opt/devkitpro/devkitARM/bin/../lib/gcc/arm-none-eabi/12.1.0/../../../../arm-none-eabi/lib/armv6k/fpu/libg.a(lib_a-strncpy.o)
                0x00000000001119f0                strncpy
 .text.strnlen  0x0000000000111ab4       0x48 /opt/devkitpro/devkitARM/bin/../lib/gcc/arm-none-eabi/12.1.0/../../../../arm-none-eabi/lib/armv6k/fpu/libg.a(lib_a-strnlen.o)
                0x0000000000111ab4                strnlen
 .text._strtoul_l.constprop.0
                0x0000000000111afc      0x1c4 /opt/devkitpro/devkitARM/bin/../lib/gcc/arm-none-eabi/12.1.0/../../../../arm-none-eabi/lib/armv6k/fpu/libg.a(lib_a-strtoul.o)
 .text._strtoul_r
                0x0000000000111cc0        0x4 /opt/devkitpro/devkitARM/bin/../lib/gcc/arm-none-eabi/12.1.0/../../../../arm-none-eabi/lib/armv6k/fpu/libg.a(lib_a-strtoul.o)
                0x0000000000111cc0                _strtoul_r
 .text.strtoul  0x0000000000111cc4       0x28 /opt/devkitpro/devkitARM/bin/../lib/gcc/arm-none-eabi/12.1.0/../../../../arm-none-eabi/lib/armv6k/fpu/libg.a(lib_a-strtoul.o)
                0x0000000000111cc4                strtoul
 .text.get_arg  0x0000000000111cec       0x50 /opt/devkitpro/devkitARM/bin/../lib/gcc/arm-none-eabi/12.1.0/../../../../arm-none-eabi/lib/armv6k/fpu/libg.a(lib_a-svfscanf.o)
 .text.__ssvfscanf_r
                0x0000000000111d3c     0x2c38 /opt/devkitpro/devkitARM/bin/../lib/gcc/arm-none-eabi/12.1.0/../../../../arm-none-eabi/lib/armv6k/fpu/libg.a(lib_a-svfscanf.o)
                0x0000000000111d3c                __ssvfscanf_r
 .text.gettimeofday
                0x0000000000114974       0x20 /opt/devkitpro/devkitARM/bin/../lib/gcc/arm-none-eabi/12.1.0/../../../../arm-none-eabi/lib/armv6k/fpu/libg.a(lib_a-sysgettod.o)
                0x0000000000114974                gettimeofday
 .text.get_arg  0x0000000000114994      0x66c /opt/devkitpro/devkitARM/bin/../lib/gcc/arm-none-eabi/12.1.0/../../../../arm-none-eabi/lib/armv6k/fpu/libg.a(lib_a-vfprintf.o)
 .text._vfprintf_r
                0x0000000000115000     0x339c /opt/devkitpro/devkitARM/bin/../lib/gcc/arm-none-eabi/12.1.0/../../../../arm-none-eabi/lib/armv6k/fpu/libg.a(lib_a-vfprintf.o)
                0x0000000000115000                _vfprintf_r
 .text.__sbprintf
                0x000000000011839c       0xd0 /opt/devkitpro/devkitARM/bin/../lib/gcc/arm-none-eabi/12.1.0/../../../../arm-none-eabi/lib/armv6k/fpu/libg.a(lib_a-vfprintf.o)
 .text._wcrtomb_r
                0x000000000011846c       0x54 /opt/devkitpro/devkitARM/bin/../lib/gcc/arm-none-eabi/12.1.0/../../../../arm-none-eabi/lib/armv6k/fpu/libg.a(lib_a-wcrtomb.o)
                0x000000000011846c                _wcrtomb_r
 .text._wcsrtombs_r
                0x00000000001184c0       0x28 /opt/devkitpro/devkitARM/bin/../lib/gcc/arm-none-eabi/12.1.0/../../../../arm-none-eabi/lib/armv6k/fpu/libg.a(lib_a-wcsrtombs.o)
                0x00000000001184c0                _wcsrtombs_r
 .text.__swsetup_r
                0x00000000001184e8      0x13c /opt/devkitpro/devkitARM/bin/../lib/gcc/arm-none-eabi/12.1.0/../../../../arm-none-eabi/lib/armv6k/fpu/libg.a(lib_a-wsetup.o)
                0x00000000001184e8                __swsetup_r
 .text.__call_exitprocs
                0x0000000000118624      0x114 /opt/devkitpro/devkitARM/bin/../lib/gcc/arm-none-eabi/12.1.0/../../../../arm-none-eabi/lib/armv6k/fpu/libg.a(lib_a-__call_atexit.o)
                0x0000000000118624                __call_exitprocs
 .text.quorem   0x0000000000118738      0x1b0 /opt/devkitpro/devkitARM/bin/../lib/gcc/arm-none-eabi/12.1.0/../../../../arm-none-eabi/lib/armv6k/fpu/libg.a(lib_a-dtoa.o)
 .text._dtoa_r  0x00000000001188e8     0x11f8 /opt/devkitpro/devkitARM/bin/../lib/gcc/arm-none-eabi/12.1.0/../../../../arm-none-eabi/lib/armv6k/fpu/libg.a(lib_a-dtoa.o)
                0x00000000001188e8                _dtoa_r
 .text._fclose_r
                0x0000000000119ae0      0x15c /opt/devkitpro/devkitARM/bin/../lib/gcc/arm-none-eabi/12.1.0/../../../../arm-none-eabi/lib/armv6k/fpu/libg.a(lib_a-fclose.o)
                0x0000000000119ae0                _fclose_r
 .text.__sfvwrite_r
                0x0000000000119c3c      0x4b4 /opt/devkitpro/devkitARM/bin/../lib/gcc/arm-none-eabi/12.1.0/../../../../arm-none-eabi/lib/armv6k/fpu/libg.a(lib_a-fvwrite.o)
                0x0000000000119c3c                __sfvwrite_r
 .text.iswspace
                0x000000000011a0f0        0x8 /opt/devkitpro/devkitARM/bin/../lib/gcc/arm-none-eabi/12.1.0/../../../../arm-none-eabi/lib/armv6k/fpu/libg.a(lib_a-iswspace.o)
                0x000000000011a0f0                iswspace
 .text._localeconv_r
                0x000000000011a0f8        0xc /opt/devkitpro/devkitARM/bin/../lib/gcc/arm-none-eabi/12.1.0/../../../../arm-none-eabi/lib/armv6k/fpu/libg.a(lib_a-localeconv.o)
                0x000000000011a0f8                _localeconv_r
 .text.__locale_mb_cur_max
                0x000000000011a104       0x10 /opt/devkitpro/devkitARM/bin/../lib/gcc/arm-none-eabi/12.1.0/../../../../arm-none-eabi/lib/armv6k/fpu/libg.a(lib_a-locale.o)
                0x000000000011a104                __locale_mb_cur_max
 .text.__smakebuf_r
                0x000000000011a114      0x138 /opt/devkitpro/devkitARM/bin/../lib/gcc/arm-none-eabi/12.1.0/../../../../arm-none-eabi/lib/armv6k/fpu/libg.a(lib_a-makebuf.o)
                0x000000000011a114                __smakebuf_r
 .text.__swhatbuf_r
                0x000000000011a24c       0x8c /opt/devkitpro/devkitARM/bin/../lib/gcc/arm-none-eabi/12.1.0/../../../../arm-none-eabi/lib/armv6k/fpu/libg.a(lib_a-makebuf.o)
                0x000000000011a24c                __swhatbuf_r
 .text._mbrtowc_r
                0x000000000011a2d8       0x68 /opt/devkitpro/devkitARM/bin/../lib/gcc/arm-none-eabi/12.1.0/../../../../arm-none-eabi/lib/armv6k/fpu/libg.a(lib_a-mbrtowc.o)
                0x000000000011a2d8                _mbrtowc_r
 .text.__utf8_mbtowc
                0x000000000011a340      0x2f8 /opt/devkitpro/devkitARM/bin/../lib/gcc/arm-none-eabi/12.1.0/../../../../arm-none-eabi/lib/armv6k/fpu/libg.a(lib_a-mbtowc_r.o)
                0x000000000011a340                __utf8_mbtowc
 .text.memmove  0x000000000011a638      0x150 /opt/devkitpro/devkitARM/bin/../lib/gcc/arm-none-eabi/12.1.0/../../../../arm-none-eabi/lib/armv6k/fpu/libg.a(lib_a-memmove.o)
                0x000000000011a638                memmove
 .text._Balloc  0x000000000011a788       0x88 /opt/devkitpro/devkitARM/bin/../lib/gcc/arm-none-eabi/12.1.0/../../../../arm-none-eabi/lib/armv6k/fpu/libg.a(lib_a-mprec.o)
                0x000000000011a788                _Balloc
 .text._Bfree   0x000000000011a810       0x1c /opt/devkitpro/devkitARM/bin/../lib/gcc/arm-none-eabi/12.1.0/../../../../arm-none-eabi/lib/armv6k/fpu/libg.a(lib_a-mprec.o)
                0x000000000011a810                _Bfree
 .text.__multadd
                0x000000000011a82c       0xf4 /opt/devkitpro/devkitARM/bin/../lib/gcc/arm-none-eabi/12.1.0/../../../../arm-none-eabi/lib/armv6k/fpu/libg.a(lib_a-mprec.o)
                0x000000000011a82c                __multadd
 .text.__s2b    0x000000000011a920      0x110 /opt/devkitpro/devkitARM/bin/../lib/gcc/arm-none-eabi/12.1.0/../../../../arm-none-eabi/lib/armv6k/fpu/libg.a(lib_a-mprec.o)
                0x000000000011a920                __s2b
 .text.__hi0bits
                0x000000000011aa30       0x60 /opt/devkitpro/devkitARM/bin/../lib/gcc/arm-none-eabi/12.1.0/../../../../arm-none-eabi/lib/armv6k/fpu/libg.a(lib_a-mprec.o)
                0x000000000011aa30                __hi0bits
 .text.__lo0bits
                0x000000000011aa90       0x9c /opt/devkitpro/devkitARM/bin/../lib/gcc/arm-none-eabi/12.1.0/../../../../arm-none-eabi/lib/armv6k/fpu/libg.a(lib_a-mprec.o)
                0x000000000011aa90                __lo0bits
 .text.__i2b    0x000000000011ab2c       0xa8 /opt/devkitpro/devkitARM/bin/../lib/gcc/arm-none-eabi/12.1.0/../../../../arm-none-eabi/lib/armv6k/fpu/libg.a(lib_a-mprec.o)
                0x000000000011ab2c                __i2b
 .text.__multiply
                0x000000000011abd4      0x204 /opt/devkitpro/devkitARM/bin/../lib/gcc/arm-none-eabi/12.1.0/../../../../arm-none-eabi/lib/armv6k/fpu/libg.a(lib_a-mprec.o)
                0x000000000011abd4                __multiply
 .text.__pow5mult
                0x000000000011add8      0x124 /opt/devkitpro/devkitARM/bin/../lib/gcc/arm-none-eabi/12.1.0/../../../../arm-none-eabi/lib/armv6k/fpu/libg.a(lib_a-mprec.o)
                0x000000000011add8                __pow5mult
 .text.__lshift
                0x000000000011aefc      0x140 /opt/devkitpro/devkitARM/bin/../lib/gcc/arm-none-eabi/12.1.0/../../../../arm-none-eabi/lib/armv6k/fpu/libg.a(lib_a-mprec.o)
                0x000000000011aefc                __lshift
 .text.__mcmp   0x000000000011b03c       0x58 /opt/devkitpro/devkitARM/bin/../lib/gcc/arm-none-eabi/12.1.0/../../../../arm-none-eabi/lib/armv6k/fpu/libg.a(lib_a-mprec.o)
                0x000000000011b03c                __mcmp
 .text.__mdiff  0x000000000011b094      0x1ec /opt/devkitpro/devkitARM/bin/../lib/gcc/arm-none-eabi/12.1.0/../../../../arm-none-eabi/lib/armv6k/fpu/libg.a(lib_a-mprec.o)
                0x000000000011b094                __mdiff
 .text.__ulp    0x000000000011b280       0x68 /opt/devkitpro/devkitARM/bin/../lib/gcc/arm-none-eabi/12.1.0/../../../../arm-none-eabi/lib/armv6k/fpu/libg.a(lib_a-mprec.o)
                0x000000000011b280                __ulp
 .text.__b2d    0x000000000011b2e8       0xd0 /opt/devkitpro/devkitARM/bin/../lib/gcc/arm-none-eabi/12.1.0/../../../../arm-none-eabi/lib/armv6k/fpu/libg.a(lib_a-mprec.o)
                0x000000000011b2e8                __b2d
 .text.__d2b    0x000000000011b3b8      0x120 /opt/devkitpro/devkitARM/bin/../lib/gcc/arm-none-eabi/12.1.0/../../../../arm-none-eabi/lib/armv6k/fpu/libg.a(lib_a-mprec.o)
                0x000000000011b3b8                __d2b
 .text.__ratio  0x000000000011b4d8       0x78 /opt/devkitpro/devkitARM/bin/../lib/gcc/arm-none-eabi/12.1.0/../../../../arm-none-eabi/lib/armv6k/fpu/libg.a(lib_a-mprec.o)
                0x000000000011b4d8                __ratio
 .text.__copybits
                0x000000000011b550       0x88 /opt/devkitpro/devkitARM/bin/../lib/gcc/arm-none-eabi/12.1.0/../../../../arm-none-eabi/lib/armv6k/fpu/libg.a(lib_a-mprec.o)
                0x000000000011b550                __copybits
 .text.__any_on
                0x000000000011b5d8       0x5c /opt/devkitpro/devkitARM/bin/../lib/gcc/arm-none-eabi/12.1.0/../../../../arm-none-eabi/lib/armv6k/fpu/libg.a(lib_a-mprec.o)
                0x000000000011b5d8                __any_on
 .text.realloc  0x000000000011b634       0x20 /opt/devkitpro/devkitARM/bin/../lib/gcc/arm-none-eabi/12.1.0/../../../../arm-none-eabi/lib/armv6k/fpu/libg.a(lib_a-realloc.o)
                0x000000000011b634                realloc
 .text._realloc_r
                0x000000000011b654      0x4a0 /opt/devkitpro/devkitARM/bin/../lib/gcc/arm-none-eabi/12.1.0/../../../../arm-none-eabi/lib/armv6k/fpu/libg.a(lib_a-reallocr.o)
                0x000000000011b654                _realloc_r
 .text.__sccl   0x000000000011baf4       0xf4 /opt/devkitpro/devkitARM/bin/../lib/gcc/arm-none-eabi/12.1.0/../../../../arm-none-eabi/lib/armv6k/fpu/libg.a(lib_a-sccl.o)
                0x000000000011baf4                __sccl
 .text.nanf     0x000000000011bbe8        0xc /opt/devkitpro/devkitARM/bin/../lib/gcc/arm-none-eabi/12.1.0/../../../../arm-none-eabi/lib/armv6k/fpu/libg.a(lib_a-sf_nan.o)
                0x000000000011bbe8                nanf
 *fill*         0x000000000011bbf4        0x4 
 .text.frexp    0x000000000011bbf8       0x88 /opt/devkitpro/devkitARM/bin/../lib/gcc/arm-none-eabi/12.1.0/../../../../arm-none-eabi/lib/armv6k/fpu/libg.a(lib_a-s_frexp.o)
                0x000000000011bbf8                frexp
 .text.sprintf  0x000000000011bc80       0x64 /opt/devkitpro/devkitARM/bin/../lib/gcc/arm-none-eabi/12.1.0/../../../../arm-none-eabi/lib/armv6k/fpu/libg.a(lib_a-sprintf.o)
                0x000000000011bc80                sprintf
 .text.stpncpy  0x000000000011bce4       0xcc /opt/devkitpro/devkitARM/bin/../lib/gcc/arm-none-eabi/12.1.0/../../../../arm-none-eabi/lib/armv6k/fpu/libg.a(lib_a-stpncpy.o)
                0x000000000011bce4                stpncpy
 .text.strchr   0x000000000011bdb0      0x130 /opt/devkitpro/devkitARM/bin/../lib/gcc/arm-none-eabi/12.1.0/../../../../arm-none-eabi/lib/armv6k/fpu/libg.a(lib_a-strchr.o)
                0x000000000011bdb0                strchr
 .text.sulp     0x000000000011bee0       0x64 /opt/devkitpro/devkitARM/bin/../lib/gcc/arm-none-eabi/12.1.0/../../../../arm-none-eabi/lib/armv6k/fpu/libg.a(lib_a-strtod.o)
 *fill*         0x000000000011bf44        0x4 
 .text._strtod_l
                0x000000000011bf48     0x13a8 /opt/devkitpro/devkitARM/bin/../lib/gcc/arm-none-eabi/12.1.0/../../../../arm-none-eabi/lib/armv6k/fpu/libg.a(lib_a-strtod.o)
                0x000000000011bf48                _strtod_l
 .text._strtod_r
                0x000000000011d2f0        0xc /opt/devkitpro/devkitARM/bin/../lib/gcc/arm-none-eabi/12.1.0/../../../../arm-none-eabi/lib/armv6k/fpu/libg.a(lib_a-strtod.o)
                0x000000000011d2f0                _strtod_r
 .text._strtoll_l.constprop.0
                0x000000000011d2fc      0x22c /opt/devkitpro/devkitARM/bin/../lib/gcc/arm-none-eabi/12.1.0/../../../../arm-none-eabi/lib/armv6k/fpu/libg.a(lib_a-strtoll.o)
 .text._strtoll_r
                0x000000000011d528        0x4 /opt/devkitpro/devkitARM/bin/../lib/gcc/arm-none-eabi/12.1.0/../../../../arm-none-eabi/lib/armv6k/fpu/libg.a(lib_a-strtoll.o)
                0x000000000011d528                _strtoll_r
 .text._strtol_l.part.0
                0x000000000011d52c      0x1a4 /opt/devkitpro/devkitARM/bin/../lib/gcc/arm-none-eabi/12.1.0/../../../../arm-none-eabi/lib/armv6k/fpu/libg.a(lib_a-strtol.o)
 .text._strtol_r
                0x000000000011d6d0       0x3c /opt/devkitpro/devkitARM/bin/../lib/gcc/arm-none-eabi/12.1.0/../../../../arm-none-eabi/lib/armv6k/fpu/libg.a(lib_a-strtol.o)
                0x000000000011d6d0                _strtol_r
 .text._strtoull_l.constprop.0
                0x000000000011d70c      0x244 /opt/devkitpro/devkitARM/bin/../lib/gcc/arm-none-eabi/12.1.0/../../../../arm-none-eabi/lib/armv6k/fpu/libg.a(lib_a-strtoull.o)
 .text._strtoull_r
                0x000000000011d950        0x4 /opt/devkitpro/devkitARM/bin/../lib/gcc/arm-none-eabi/12.1.0/../../../../arm-none-eabi/lib/armv6k/fpu/libg.a(lib_a-strtoull.o)
                0x000000000011d950                _strtoull_r
 .text.__ssprint_r
                0x000000000011d954      0x188 /opt/devkitpro/devkitARM/bin/../lib/gcc/arm-none-eabi/12.1.0/../../../../arm-none-eabi/lib/armv6k/fpu/libg.a(lib_a-svfiprintf.o)
                0x000000000011d954                __ssprint_r
 .text._sungetc_r
                0x000000000011dadc       0xd4 /opt/devkitpro/devkitARM/bin/../lib/gcc/arm-none-eabi/12.1.0/../../../../arm-none-eabi/lib/armv6k/fpu/libg.a(lib_a-svfiscanf.o)
                0x000000000011dadc                _sungetc_r
 .text.__ssrefill_r
                0x000000000011dbb0       0x6c /opt/devkitpro/devkitARM/bin/../lib/gcc/arm-none-eabi/12.1.0/../../../../arm-none-eabi/lib/armv6k/fpu/libg.a(lib_a-svfiscanf.o)
                0x000000000011dbb0                __ssrefill_r
 .text._sfread_r
                0x000000000011dc1c       0xc4 /opt/devkitpro/devkitARM/bin/../lib/gcc/arm-none-eabi/12.1.0/../../../../arm-none-eabi/lib/armv6k/fpu/libg.a(lib_a-svfiscanf.o)
                0x000000000011dc1c                _sfread_r
 .text.get_arg  0x000000000011dce0      0x66c /opt/devkitpro/devkitARM/bin/../lib/gcc/arm-none-eabi/12.1.0/../../../../arm-none-eabi/lib/armv6k/fpu/libg.a(lib_a-svfprintf.o)
 *fill*         0x000000000011e34c        0x4 
 .text._svfprintf_r
                0x000000000011e350     0x3334 /opt/devkitpro/devkitARM/bin/../lib/gcc/arm-none-eabi/12.1.0/../../../../arm-none-eabi/lib/armv6k/fpu/libg.a(lib_a-svfprintf.o)
                0x000000000011e350                _svfprintf_r
 .text.__submore
                0x0000000000121684       0xa8 /opt/devkitpro/devkitARM/bin/../lib/gcc/arm-none-eabi/12.1.0/../../../../arm-none-eabi/lib/armv6k/fpu/libg.a(lib_a-ungetc.o)
                0x0000000000121684                __submore
 .text.get_arg  0x000000000012172c      0x66c /opt/devkitpro/devkitARM/bin/../lib/gcc/arm-none-eabi/12.1.0/../../../../arm-none-eabi/lib/armv6k/fpu/libg.a(lib_a-vfiprintf.o)
 .text.__sprint_r
                0x0000000000121d98       0x30 /opt/devkitpro/devkitARM/bin/../lib/gcc/arm-none-eabi/12.1.0/../../../../arm-none-eabi/lib/armv6k/fpu/libg.a(lib_a-vfiprintf.o)
                0x0000000000121d98                __sprint_r
 .text._vfiprintf_r
                0x0000000000121dc8     0x22ec /opt/devkitpro/devkitARM/bin/../lib/gcc/arm-none-eabi/12.1.0/../../../../arm-none-eabi/lib/armv6k/fpu/libg.a(lib_a-vfiprintf.o)
                0x0000000000121dc8                _vfiprintf_r
 .text.__sbprintf
                0x00000000001240b4       0xd0 /opt/devkitpro/devkitARM/bin/../lib/gcc/arm-none-eabi/12.1.0/../../../../arm-none-eabi/lib/armv6k/fpu/libg.a(lib_a-vfiprintf.o)
 .text._wcsnrtombs_l
                0x0000000000124184      0x188 /opt/devkitpro/devkitARM/bin/../lib/gcc/arm-none-eabi/12.1.0/../../../../arm-none-eabi/lib/armv6k/fpu/libg.a(lib_a-wcsnrtombs.o)
                0x0000000000124184                _wcsnrtombs_l
 .text._wcsnrtombs_r
                0x000000000012430c       0x4c /opt/devkitpro/devkitARM/bin/../lib/gcc/arm-none-eabi/12.1.0/../../../../arm-none-eabi/lib/armv6k/fpu/libg.a(lib_a-wcsnrtombs.o)
                0x000000000012430c                _wcsnrtombs_r
 .text.__utf8_wctomb
                0x0000000000124358       0xf0 /opt/devkitpro/devkitARM/bin/../lib/gcc/arm-none-eabi/12.1.0/../../../../arm-none-eabi/lib/armv6k/fpu/libg.a(lib_a-wctomb_r.o)
                0x0000000000124358                __utf8_wctomb
 .text.__assert_func
                0x0000000000124448       0x5c /opt/devkitpro/devkitARM/bin/../lib/gcc/arm-none-eabi/12.1.0/../../../../arm-none-eabi/lib/armv6k/fpu/libg.a(lib_a-assert.o)
                0x0000000000124448                __assert_func
 .text.fiprintf
                0x00000000001244a4       0x3c /opt/devkitpro/devkitARM/bin/../lib/gcc/arm-none-eabi/12.1.0/../../../../arm-none-eabi/lib/armv6k/fpu/libg.a(lib_a-fiprintf.o)
                0x00000000001244a4                fiprintf
 .text.rshift   0x00000000001244e0       0xf0 /opt/devkitpro/devkitARM/bin/../lib/gcc/arm-none-eabi/12.1.0/../../../../arm-none-eabi/lib/armv6k/fpu/libg.a(lib_a-gdtoa-gethex.o)
 .text.__gethex
                0x00000000001245d0      0x814 /opt/devkitpro/devkitARM/bin/../lib/gcc/arm-none-eabi/12.1.0/../../../../arm-none-eabi/lib/armv6k/fpu/libg.a(lib_a-gdtoa-gethex.o)
                0x00000000001245d0                __gethex
 .text.__match  0x0000000000124de4       0x4c /opt/devkitpro/devkitARM/bin/../lib/gcc/arm-none-eabi/12.1.0/../../../../arm-none-eabi/lib/armv6k/fpu/libg.a(lib_a-gdtoa-hexnan.o)
                0x0000000000124de4                __match
 .text.__hexnan
                0x0000000000124e30      0x29c /opt/devkitpro/devkitARM/bin/../lib/gcc/arm-none-eabi/12.1.0/../../../../arm-none-eabi/lib/armv6k/fpu/libg.a(lib_a-gdtoa-hexnan.o)
                0x0000000000124e30                __hexnan
 .text.iswspace_l
                0x00000000001250cc       0x3c /opt/devkitpro/devkitARM/bin/../lib/gcc/arm-none-eabi/12.1.0/../../../../arm-none-eabi/lib/armv6k/fpu/libg.a(lib_a-iswspace_l.o)
                0x00000000001250cc                iswspace_l
 .text.__jp2uc  0x0000000000125108      0x1d8 /opt/devkitpro/devkitARM/bin/../lib/gcc/arm-none-eabi/12.1.0/../../../../arm-none-eabi/lib/armv6k/fpu/libg.a(lib_a-jp2uc.o)
 .text._jp2uc_l
                0x00000000001252e0       0x9c /opt/devkitpro/devkitARM/bin/../lib/gcc/arm-none-eabi/12.1.0/../../../../arm-none-eabi/lib/armv6k/fpu/libg.a(lib_a-jp2uc.o)
                0x00000000001252e0                _jp2uc_l
 *fill*         0x000000000012537c        0x4 
 .text.nan      0x0000000000125380       0x10 /opt/devkitpro/devkitARM/bin/../lib/gcc/arm-none-eabi/12.1.0/../../../../arm-none-eabi/lib/armv6k/fpu/libg.a(lib_a-s_nan.o)
                0x0000000000125380                nan
 .text.abort    0x0000000000125390       0x14 /opt/devkitpro/devkitARM/bin/../lib/gcc/arm-none-eabi/12.1.0/../../../../arm-none-eabi/lib/armv6k/fpu/libg.a(lib_a-abort.o)
                0x0000000000125390                abort
 .text.category
                0x00000000001253a4       0x8c /opt/devkitpro/devkitARM/bin/../lib/gcc/arm-none-eabi/12.1.0/../../../../arm-none-eabi/lib/armv6k/fpu/libg.a(lib_a-categories.o)
                0x00000000001253a4                category
 .text._raise_r
                0x0000000000125430       0x90 /opt/devkitpro/devkitARM/bin/../lib/gcc/arm-none-eabi/12.1.0/../../../../arm-none-eabi/lib/armv6k/fpu/libg.a(lib_a-signal.o)
                0x0000000000125430                _raise_r
 .text.raise    0x00000000001254c0       0x18 /opt/devkitpro/devkitARM/bin/../lib/gcc/arm-none-eabi/12.1.0/../../../../arm-none-eabi/lib/armv6k/fpu/libg.a(lib_a-signal.o)
                0x00000000001254c0                raise
 .text.null_write
                0x00000000001254d8        0x8 /opt/devkitpro/devkitARM/bin/../lib/gcc/arm-none-eabi/12.1.0/../../../../arm-none-eabi/lib/armv6k/fpu/libsysbase.a(iosupport.o)
 .text.setDefaultDevice
                0x00000000001254e0       0x18 /opt/devkitpro/devkitARM/bin/../lib/gcc/arm-none-eabi/12.1.0/../../../../arm-none-eabi/lib/armv6k/fpu/libsysbase.a(iosupport.o)