Archive member included to satisfy reference by file (symbol)

/opt/devkitpro/libctru/lib/libcitro2d.a(base.o)
                              main.o (C2D_Init)
/opt/devkitpro/libctru/lib/libcitro2d.a(render2d.shbin.o)
                              /opt/devkitpro/libctru/lib/libcitro2d.a(base.o) (render2d_shbin)
/opt/devkitpro/libctru/lib/libcitro3d.a(base.o)
                              main.o (C3D_Init)
/opt/devkitpro/libctru/lib/libcitro3d.a(renderqueue.o)
                              /opt/devkitpro/libctru/lib/libcitro3d.a(base.o) (C3Di_RenderQueueEnableVBlank)
/opt/devkitpro/libctru/lib/libcitro3d.a(texture.o)
                              /opt/devkitpro/libctru/lib/libcitro2d.a(base.o) (C3D_TexBind)
/opt/devkitpro/libctru/lib/libcitro3d.a(framebuffer.o)
                              /opt/devkitpro/libctru/lib/libcitro3d.a(renderqueue.o) (C3D_CalcColorBufSize)
/opt/devkitpro/libctru/lib/libcitro3d.a(texenv.o)
                              /opt/devkitpro/libctru/lib/libcitro2d.a(base.o) (C3D_GetTexEnv)
/opt/devkitpro/libctru/lib/libcitro3d.a(drawElements.o)
                              /opt/devkitpro/libctru/lib/libcitro2d.a(base.o) (C3D_DrawElements)
/opt/devkitpro/libctru/lib/libcitro3d.a(proctex.o)
                              /opt/devkitpro/libctru/lib/libcitro2d.a(base.o) (C3D_ProcTexInit)
/opt/devkitpro/libctru/lib/libcitro3d.a(buffers.o)
                              /opt/devkitpro/libctru/lib/libcitro2d.a(base.o) (BufInfo_Init)
/opt/devkitpro/libctru/lib/libcitro3d.a(effect.o)
                              /opt/devkitpro/libctru/lib/libcitro3d.a(base.o) (C3D_DepthMap)
/opt/devkitpro/libctru/lib/libcitro3d.a(attribs.o)
                              /opt/devkitpro/libctru/lib/libcitro2d.a(base.o) (AttrInfo_Init)
/opt/devkitpro/libctru/lib/libcitro3d.a(immediate.o)
                              /opt/devkitpro/libctru/lib/libcitro3d.a(base.o) (C3D_ImmSendAttrib)
/opt/devkitpro/libctru/lib/libcitro3d.a(uniforms.o)
                              /opt/devkitpro/libctru/lib/libcitro3d.a(base.o) (C3D_UpdateUniforms)
/opt/devkitpro/libctru/lib/libcitro3d.a(mtx_ortho.o)
                              /opt/devkitpro/libctru/lib/libcitro2d.a(base.o) (Mtx_Ortho)
/opt/devkitpro/libctru/lib/libcitro3d.a(mtx_scale.o)
                              /opt/devkitpro/libctru/lib/libcitro2d.a(base.o) (Mtx_Scale)
/opt/devkitpro/libctru/lib/libcitro3d.a(mtx_multiply.o)
                              /opt/devkitpro/libctru/lib/libcitro2d.a(base.o) (Mtx_Multiply)
/opt/devkitpro/libctru/lib/libcitro3d.a(mtx_orthotilt.o)
                              /opt/devkitpro/libctru/lib/libcitro2d.a(base.o) (Mtx_OrthoTilt)
/opt/devkitpro/libctru/lib/libcitro3d.a(mtx_translate.o)
                              /opt/devkitpro/libctru/lib/libcitro2d.a(base.o) (Mtx_Translate)
/opt/devkitpro/libctru/lib/libcitro3d.a(mtx_rotatez.o)
                              /opt/devkitpro/libctru/lib/libcitro2d.a(base.o) (Mtx_RotateZ)
/opt/devkitpro/libctru/lib/libctru.a(vram.o)
                              /opt/devkitpro/libctru/lib/libcitro3d.a(renderqueue.o) (vramAlloc)
/opt/devkitpro/libctru/lib/libctru.a(linear.o)
                              /opt/devkitpro/libctru/lib/libcitro2d.a(base.o) (linearAlloc)
/opt/devkitpro/libctru/lib/libctru.a(mem_pool.o)
                              /opt/devkitpro/libctru/lib/libctru.a(vram.o) (MemPool::Allocate(MemChunk&, unsigned long, int))
/opt/devkitpro/libctru/lib/libctru.a(os.o)
                              /opt/devkitpro/libctru/lib/libcitro3d.a(texture.o) (osConvertVirtToPhys)
/opt/devkitpro/libctru/lib/libctru.a(console.o)
                              main.o (consoleInit)
/opt/devkitpro/libctru/lib/libctru.a(gfx.o)
                              /opt/devkitpro/libctru/lib/libcitro2d.a(base.o) (gfxIsWide)
/opt/devkitpro/libctru/lib/libctru.a(shaderProgram.o)
                              /opt/devkitpro/libctru/lib/libcitro2d.a(base.o) (shaderInstanceGetUniformLocation)
/opt/devkitpro/libctru/lib/libctru.a(shbin.o)
                              /opt/devkitpro/libctru/lib/libcitro2d.a(base.o) (DVLB_ParseFile)
/opt/devkitpro/libctru/lib/libctru.a(gx.o)
                              /opt/devkitpro/libctru/lib/libcitro3d.a(renderqueue.o) (GX_BindQueue)
/opt/devkitpro/libctru/lib/libctru.a(gxqueue.o)
                              /opt/devkitpro/libctru/lib/libcitro3d.a(renderqueue.o) (gxCmdQueueClear)
/opt/devkitpro/libctru/lib/libctru.a(gpu.o)
                              /opt/devkitpro/libctru/lib/libcitro3d.a(base.o) (gpuCmdBufOffset)
/opt/devkitpro/libctru/lib/libctru.a(gspgpu.o)
                              /opt/devkitpro/libctru/lib/libctru.a(gfx.o) (gspInit)
/opt/devkitpro/libctru/lib/libctru.a(apt.o)
                              /opt/devkitpro/libctru/lib/libcitro3d.a(base.o) (aptHook)
/opt/devkitpro/libctru/lib/libctru.a(hid.o)
                              main.o (hidScanInput)
/opt/devkitpro/libctru/lib/libctru.a(ptmsysm.o)
[...]
Memory Configuration

Name             Origin             Length             Attributes
*default*        0x0000000000000000 0xffffffffffffffff

Linker script and memory map

                0x0000000000100000                PROVIDE (__start__ = 0x100000)
                0x0000000000100000                . = __start__

.text           0x0000000000100000    0x25d00
 *(.crt0)
 .crt0          0x0000000000100000       0x94 /opt/devkitpro/devkitARM/bin/../lib/gcc/arm-none-eabi/12.1.0/../../../../arm-none-eabi/lib/armv6k/fpu/3dsx_crt0.o
                0x0000000000100000                _start
                0x0000000000100008                __service_ptr
                0x000000000010000c                __apt_appid
                0x0000000000100010                __heap_size
                0x0000000000100014                __linear_heap_size
                0x0000000000100018                __system_arglist
                0x000000000010001c                __system_runflags
 *(.init)
 .init          0x0000000000100094        0xc /opt/devkitpro/devkitARM/bin/../lib/gcc/arm-none-eabi/12.1.0/armv6k/fpu/crti.o
                0x0000000000100094                _init
 .init          0x00000000001000a0        0xc /opt/devkitpro/devkitARM/bin/../lib/gcc/arm-none-eabi/12.1.0/armv6k/fpu/crtn.o
                0x00000000001000ac                . = ALIGN (0x4)
 *(.text)
 .text          0x00000000001000ac      0x240 /opt/devkitpro/devkitARM/bin/../lib/gcc/arm-none-eabi/12.1.0/armv6k/fpu/libgcc.a(_divsi3.o)
                0x00000000001000ac                __aeabi_idiv
                0x00000000001000ac                __divsi3
                0x00000000001002cc                __aeabi_idivmod
 .text          0x00000000001002ec        0x4 /opt/devkitpro/devkitARM/bin/../lib/gcc/arm-none-eabi/12.1.0/armv6k/fpu/libgcc.a(_dvmd_tls.o)
                0x00000000001002ec                __aeabi_ldiv0
                0x00000000001002ec                __aeabi_idiv0
 .text          0x00000000001002f0      0x3c0 /opt/devkitpro/devkitARM/bin/../lib/gcc/arm-none-eabi/12.1.0/armv6k/fpu/libgcc.a(_arm_addsubdf3.o)
                0x00000000001002f0                __aeabi_drsub
                0x00000000001002f8                __aeabi_dsub
                0x00000000001002f8                __subdf3
                0x00000000001002fc                __adddf3
                0x00000000001002fc                __aeabi_dadd
                0x00000000001005a8                __aeabi_ui2d
                0x00000000001005a8                __floatunsidf
                0x00000000001005cc                __floatsidf
                0x00000000001005cc                __aeabi_i2d
                0x00000000001005f4                __extendsfdf2
                0x00000000001005f4                __aeabi_f2d
                0x000000000010063c                __aeabi_ul2d
                0x000000000010063c                __floatundidf
                0x0000000000100650                __floatdidf
                0x0000000000100650                __aeabi_l2d
 .text          0x00000000001006b0       0xd4 /opt/devkitpro/devkitARM/bin/../lib/gcc/arm-none-eabi/12.1.0/armv6k/fpu/libgcc.a(_aeabi_ldivmod.o)
                0x00000000001006b0                __aeabi_ldivmod
 .text          0x0000000000100784       0x3c /opt/devkitpro/devkitARM/bin/../lib/gcc/arm-none-eabi/12.1.0/armv6k/fpu/libgcc.a(_aeabi_uldivmod.o)
                0x0000000000100784                __aeabi_uldivmod
 .text          0x00000000001007c0      0x390 /opt/devkitpro/devkitARM/bin/../lib/gcc/arm-none-eabi/12.1.0/../../../../arm-none-eabi/lib/armv6k/fpu/libg.a(lib_a-strcmp.o)
                0x00000000001007c8                strcmp
 .text          0x0000000000100b50      0x20c /opt/devkitpro/devkitARM/bin/../lib/gcc/arm-none-eabi/12.1.0/armv6k/fpu/libgcc.a(_udivsi3.o)
                0x0000000000100b50                __udivsi3
                0x0000000000100b50                __aeabi_uidiv
                0x0000000000100d3c                __aeabi_uidivmod
 *(.text.*)
 .text.__do_global_dtors_aux
                0x0000000000100d5c       0x40 /opt/devkitpro/devkitARM/bin/../lib/gcc/arm-none-eabi/12.1.0/armv6k/fpu/crtbegin.o
 .text.frame_dummy
                0x0000000000100d9c       0x2c /opt/devkitpro/devkitARM/bin/../lib/gcc/arm-none-eabi/12.1.0/armv6k/fpu/crtbegin.o
 .text.startup.main
                0x0000000000100dc8      0x278 main.o
                0x0000000000100dc8                main
 .text.C2Di_FrameEndHook
                0x0000000000101040       0x44 /opt/devkitpro/libctru/lib/libcitro2d.a(base.o)
 *fill*         0x0000000000101084        0x4 
 .text.C2D_Init
                0x0000000000101088      0x36c /opt/devkitpro/libctru/lib/libcitro2d.a(base.o)
                0x0000000000101088                C2D_Init
 .text.C2D_Fini
                0x00000000001013f4       0x4c /opt/devkitpro/libctru/lib/libcitro2d.a(base.o)
                0x00000000001013f4                C2D_Fini
 .text.C2D_Prepare
                0x0000000000101440       0xb8 /opt/devkitpro/libctru/lib/libcitro2d.a(base.o)
                0x0000000000101440                C2D_Prepare
 .text.C2D_Flush
                0x00000000001014f8       0x48 /opt/devkitpro/libctru/lib/libcitro2d.a(base.o)
                0x00000000001014f8                C2D_Flush
 .text.C2D_SceneSize
                0x0000000000101540      0x104 /opt/devkitpro/libctru/lib/libcitro2d.a(base.o)
                0x0000000000101540                C2D_SceneSize
 .text.C2D_CreateScreenTarget
                0x0000000000101644       0x58 /opt/devkitpro/libctru/lib/libcitro2d.a(base.o)
                0x0000000000101644                C2D_CreateScreenTarget
 .text.C2D_TargetClear
                0x000000000010169c       0x64 /opt/devkitpro/libctru/lib/libcitro2d.a(base.o)
                0x000000000010169c                C2D_TargetClear
 .text.C3Di_LightEnvUpdate
                0x0000000000101700        0x4 /opt/devkitpro/libctru/lib/libcitro3d.a(base.o)
                0x0000000000101700                C3Di_LightEnvUpdate
 .text.C3Di_LightEnvDirty
                0x0000000000101704        0x4 /opt/devkitpro/libctru/lib/libcitro3d.a(base.o)
                0x0000000000101704                C3Di_LightEnvDirty
 .text.C3Di_AptEventHook
                0x0000000000101708       0xb4 /opt/devkitpro/libctru/lib/libcitro3d.a(base.o)
 .text.C3Di_GasUpdate
                0x00000000001017bc        0x4 /opt/devkitpro/libctru/lib/libcitro3d.a(base.o)
                0x00000000001017bc                C3Di_GasUpdate
 .text.C3D_Init
                0x00000000001017c0      0x1e0 /opt/devkitpro/libctru/lib/libcitro3d.a(base.o)
                0x00000000001017c0                C3D_Init
 .text.C3D_SetViewport
                0x00000000001019a0       0x98 /opt/devkitpro/libctru/lib/libcitro3d.a(base.o)
                0x00000000001019a0                C3D_SetViewport
 .text.C3Di_UpdateContext
                0x0000000000101a38      0x4e8 /opt/devkitpro/libctru/lib/libcitro3d.a(base.o)
                0x0000000000101a38                C3Di_UpdateContext
 .text.C3Di_SplitFrame
                0x0000000000101f20       0xe0 /opt/devkitpro/libctru/lib/libcitro3d.a(base.o)
                0x0000000000101f20                C3Di_SplitFrame
 .text.C3D_GetCmdBufUsage
                0x0000000000102000       0x10 /opt/devkitpro/libctru/lib/libcitro3d.a(base.o)
                0x0000000000102000                C3D_GetCmdBufUsage
 .text.C3D_Fini
                0x0000000000102010       0x44 /opt/devkitpro/libctru/lib/libcitro3d.a(base.o)
                0x0000000000102010                C3D_Fini
 .text.C3D_BindProgram
                0x0000000000102054      0x114 /opt/devkitpro/libctru/lib/libcitro3d.a(base.o)
                0x0000000000102054                C3D_BindProgram
 .text.onVBlank0
                0x0000000000102168       0x4c /opt/devkitpro/libctru/lib/libcitro3d.a(renderqueue.o)
 .text.onVBlank1
                0x00000000001021b4       0x4c /opt/devkitpro/libctru/lib/libcitro3d.a(renderqueue.o)
 .text.C3Di_RenderTargetDestroy
                0x0000000000102200       0x80 /opt/devkitpro/libctru/lib/libcitro3d.a(renderqueue.o)
 .text.onQueueFinish
                0x0000000000102280       0xf4 /opt/devkitpro/libctru/lib/libcitro3d.a(renderqueue.o)
 .text.C3Di_RenderQueueEnableVBlank
                0x0000000000102374       0x38 /opt/devkitpro/libctru/lib/libcitro3d.a(renderqueue.o)
                0x0000000000102374                C3Di_RenderQueueEnableVBlank
 .text.C3Di_RenderQueueDisableVBlank
                0x00000000001023ac       0x30 /opt/devkitpro/libctru/lib/libcitro3d.a(renderqueue.o)
                0x00000000001023ac                C3Di_RenderQueueDisableVBlank
 .text.C3Di_RenderQueueInit
                0x00000000001023dc       0x60 /opt/devkitpro/libctru/lib/libcitro3d.a(renderqueue.o)
                0x00000000001023dc                C3Di_RenderQueueInit
 .text.C3Di_RenderQueueExit
                0x000000000010243c       0xb0 /opt/devkitpro/libctru/lib/libcitro3d.a(renderqueue.o)
                0x000000000010243c                C3Di_RenderQueueExit
 .text.C3Di_RenderQueueWaitDone
                0x00000000001024ec       0x34 /opt/devkitpro/libctru/lib/libcitro3d.a(renderqueue.o)
                0x00000000001024ec                C3Di_RenderQueueWaitDone
 .text.C3D_FrameBegin
                0x0000000000102520       0xe4 /opt/devkitpro/libctru/lib/libcitro3d.a(renderqueue.o)
                0x0000000000102520                C3D_FrameBegin
 .text.C3D_FrameDrawOn
                0x0000000000102604       0x48 /opt/devkitpro/libctru/lib/libcitro3d.a(renderqueue.o)
                0x0000000000102604                C3D_FrameDrawOn
 .text.C3D_FrameSplit
                0x000000000010264c       0x58 /opt/devkitpro/libctru/lib/libcitro3d.a(renderqueue.o)
                0x000000000010264c                C3D_FrameSplit
 .text.C3D_FrameEnd
                0x00000000001026a4      0x1d8 /opt/devkitpro/libctru/lib/libcitro3d.a(renderqueue.o)
                0x00000000001026a4                C3D_FrameEnd
 .text.C3D_FrameEndHook
                0x000000000010287c       0x1c /opt/devkitpro/libctru/lib/libcitro3d.a(renderqueue.o)
                0x000000000010287c                C3D_FrameEndHook
 .text.C3D_GetDrawingTime
                0x0000000000102898       0x18 /opt/devkitpro/libctru/lib/libcitro3d.a(renderqueue.o)
                0x0000000000102898                C3D_GetDrawingTime
 .text.C3D_GetProcessingTime
                0x00000000001028b0       0x18 /opt/devkitpro/libctru/lib/libcitro3d.a(renderqueue.o)
                0x00000000001028b0                C3D_GetProcessingTime
 .text.C3D_RenderTargetCreate
                0x00000000001028c8      0x184 /opt/devkitpro/libctru/lib/libcitro3d.a(renderqueue.o)
                0x00000000001028c8                C3D_RenderTargetCreate
 .text.C3D_RenderTargetSetOutput
                0x0000000000102a4c       0xa8 /opt/devkitpro/libctru/lib/libcitro3d.a(renderqueue.o)
                0x0000000000102a4c                C3D_RenderTargetSetOutput
 .text.C3Di_SetTex
                0x0000000000102af4      0x16c /opt/devkitpro/libctru/lib/libcitro3d.a(texture.o)
                0x0000000000102af4                C3Di_SetTex
 .text.C3D_CalcColorBufSize
                0x0000000000102c60       0x1c /opt/devkitpro/libctru/lib/libcitro3d.a(framebuffer.o)
                0x0000000000102c60                C3D_CalcColorBufSize
 .text.C3D_CalcDepthBufSize
                0x0000000000102c7c       0x1c /opt/devkitpro/libctru/lib/libcitro3d.a(framebuffer.o)
                0x0000000000102c7c                C3D_CalcDepthBufSize
 .text.C3D_SetFrameBuf
                0x0000000000102c98       0x44 /opt/devkitpro/libctru/lib/libcitro3d.a(framebuffer.o)
                0x0000000000102c98                C3D_SetFrameBuf
 .text.C3Di_FrameBufBind
                0x0000000000102cdc      0x16c /opt/devkitpro/libctru/lib/libcitro3d.a(framebuffer.o)
                0x0000000000102cdc                C3Di_FrameBufBind
 .text.C3D_FrameBufClear
                0x0000000000102e48       0xc8 /opt/devkitpro/libctru/lib/libcitro3d.a(framebuffer.o)
                0x0000000000102e48                C3D_FrameBufClear
 .text.C3D_FrameBufTransfer
                0x0000000000102f10       0x44 /opt/devkitpro/libctru/lib/libcitro3d.a(framebuffer.o)
                0x0000000000102f10                C3D_FrameBufTransfer
 .text.C3D_GetTexEnv
                0x0000000000102f54       0x34 /opt/devkitpro/libctru/lib/libcitro3d.a(texenv.o)
                0x0000000000102f54                C3D_GetTexEnv
 .text.C3Di_TexEnvBind
                0x0000000000102f88       0x24 /opt/devkitpro/libctru/lib/libcitro3d.a(texenv.o)
                0x0000000000102f88                C3Di_TexEnvBind
 .text.C3D_DrawElements
                0x0000000000102fac      0x218 /opt/devkitpro/libctru/lib/libcitro3d.a(drawElements.o)
                0x0000000000102fac                C3D_DrawElements
 .text.C3D_ProcTexInit
                0x00000000001031c4       0x70 /opt/devkitpro/libctru/lib/libcitro3d.a(proctex.o)
                0x00000000001031c4                C3D_ProcTexInit
 .text.ProcTexLut_FromArray
                0x0000000000103234       0xa4 /opt/devkitpro/libctru/lib/libcitro3d.a(proctex.o)
                0x0000000000103234                ProcTexLut_FromArray
 .text.C3Di_ProcTexUpdate
                0x00000000001032d8      0x17c /opt/devkitpro/libctru/lib/libcitro3d.a(proctex.o)
                0x00000000001032d8                C3Di_ProcTexUpdate
 .text.C3Di_ProcTexDirty
                0x0000000000103454       0x68 /opt/devkitpro/libctru/lib/libcitro3d.a(proctex.o)
                0x0000000000103454                C3Di_ProcTexDirty
 .text.BufInfo_Init
                0x00000000001034bc       0x24 /opt/devkitpro/libctru/lib/libcitro3d.a(buffers.o)
                0x00000000001034bc                BufInfo_Init
 .text.BufInfo_Add
                0x00000000001034e0       0x80 /opt/devkitpro/libctru/lib/libcitro3d.a(buffers.o)
                0x00000000001034e0                BufInfo_Add
 .text.C3D_SetBufInfo
                0x0000000000103560       0x40 /opt/devkitpro/libctru/lib/libcitro3d.a(buffers.o)
                0x0000000000103560                C3D_SetBufInfo
 .text.C3Di_BufInfoBind
                0x00000000001035a0       0x48 /opt/devkitpro/libctru/lib/libcitro3d.a(buffers.o)
                0x00000000001035a0                C3Di_BufInfoBind
 .text.C3D_DepthMap
                0x00000000001035e8       0x40 /opt/devkitpro/libctru/lib/libcitro3d.a(effect.o)
                0x00000000001035e8                C3D_DepthMap
 .text.C3D_CullFace
                0x0000000000103628       0x1c /opt/devkitpro/libctru/lib/libcitro3d.a(effect.o)
                0x0000000000103628                C3D_CullFace
 .text.C3D_StencilTest
                0x0000000000103644       0x40 /opt/devkitpro/libctru/lib/libcitro3d.a(effect.o)
                0x0000000000103644                C3D_StencilTest
 .text.C3D_StencilOp
                0x0000000000103684       0x24 /opt/devkitpro/libctru/lib/libcitro3d.a(effect.o)
                0x0000000000103684                C3D_StencilOp
 .text.C3D_BlendingColor
                0x00000000001036a8       0x1c /opt/devkitpro/libctru/lib/libcitro3d.a(effect.o)
                0x00000000001036a8                C3D_BlendingColor
 .text.C3D_EarlyDepthTest
                0x00000000001036c4       0x24 /opt/devkitpro/libctru/lib/libcitro3d.a(effect.o)
                0x00000000001036c4                C3D_EarlyDepthTest
 .text.C3D_DepthTest
                0x00000000001036e8       0x2c /opt/devkitpro/libctru/lib/libcitro3d.a(effect.o)
                0x00000000001036e8                C3D_DepthTest
 .text.C3D_AlphaTest
                0x0000000000103714       0x2c /opt/devkitpro/libctru/lib/libcitro3d.a(effect.o)
                0x0000000000103714                C3D_AlphaTest
 .text.C3D_AlphaBlend
                0x0000000000103740       0x50 /opt/devkitpro/libctru/lib/libcitro3d.a(effect.o)
                0x0000000000103740                C3D_AlphaBlend
 .text.C3D_FragOpMode
                0x0000000000103790       0x30 /opt/devkitpro/libctru/lib/libcitro3d.a(effect.o)
                0x0000000000103790                C3D_FragOpMode
 .text.C3D_FragOpShadow
                0x00000000001037c0       0x44 /opt/devkitpro/libctru/lib/libcitro3d.a(effect.o)
                0x00000000001037c0                C3D_FragOpShadow
 .text.C3Di_EffectBind
                0x0000000000103804      0x1ac /opt/devkitpro/libctru/lib/libcitro3d.a(effect.o)
                0x0000000000103804                C3Di_EffectBind
 .text.AttrInfo_Init
                0x00000000001039b0       0x28 /opt/devkitpro/libctru/lib/libcitro3d.a(attribs.o)
                0x00000000001039b0                AttrInfo_Init
 .text.AttrInfo_AddLoader
                0x00000000001039d8       0x94 /opt/devkitpro/libctru/lib/libcitro3d.a(attribs.o)
                0x00000000001039d8                AttrInfo_AddLoader
 .text.C3D_SetAttrInfo
                0x0000000000103a6c       0x54 /opt/devkitpro/libctru/lib/libcitro3d.a(attribs.o)
                0x0000000000103a6c                C3D_SetAttrInfo
 .text.C3Di_AttrInfoBind
                0x0000000000103ac0       0x80 /opt/devkitpro/libctru/lib/libcitro3d.a(attribs.o)
                0x0000000000103ac0                C3Di_AttrInfoBind
 .text.C3D_ImmSendAttrib
                0x0000000000103b40       0xa8 /opt/devkitpro/libctru/lib/libcitro3d.a(immediate.o)
                0x0000000000103b40                C3D_ImmSendAttrib
 .text.C3D_UpdateUniforms
                0x0000000000103be8      0x280 /opt/devkitpro/libctru/lib/libcitro3d.a(uniforms.o)
                0x0000000000103be8                C3D_UpdateUniforms
 .text.C3Di_DirtyUniforms
                0x0000000000103e68       0xc0 /opt/devkitpro/libctru/lib/libcitro3d.a(uniforms.o)
                0x0000000000103e68                C3Di_DirtyUniforms
 .text.C3Di_LoadShaderUniforms
                0x0000000000103f28       0xd8 /opt/devkitpro/libctru/lib/libcitro3d.a(uniforms.o)
                0x0000000000103f28                C3Di_LoadShaderUniforms
 .text.C3Di_ClearShaderUniforms
                0x0000000000104000       0x28 /opt/devkitpro/libctru/lib/libcitro3d.a(uniforms.o)
                0x0000000000104000                C3Di_ClearShaderUniforms
 .text.Mtx_Ortho
                0x0000000000104028       0xcc /opt/devkitpro/libctru/lib/libcitro3d.a(mtx_ortho.o)
                0x0000000000104028                Mtx_Ortho
 .text.Mtx_OrthoTilt
                0x00000000001040f4       0xcc /opt/devkitpro/libctru/lib/libcitro3d.a(mtx_orthotilt.o)
                0x00000000001040f4                Mtx_OrthoTilt
 .text._ZL21addrMapNodeComparatorPK11rbtree_nodeS1_
                0x00000000001041c0       0x24 /opt/devkitpro/libctru/lib/libctru.a(vram.o)
 .text._ZL21addrMapNodeDestructorP11rbtree_node
                0x00000000001041e4        0x4 /opt/devkitpro/libctru/lib/libctru.a(vram.o)
 .text.vramMemAlignAt
                0x00000000001041e8      0x250 /opt/devkitpro/libctru/lib/libctru.a(vram.o)
                0x00000000001041e8                vramMemAlignAt
 .text.vramAlloc
                0x0000000000104438        0xc /opt/devkitpro/libctru/lib/libctru.a(vram.o)
                0x0000000000104438                vramAlloc
 .text.vramAllocAt
                0x0000000000104444        0xc /opt/devkitpro/libctru/lib/libctru.a(vram.o)
                0x0000000000104444                vramAllocAt
 .text.vramFree
                0x0000000000104450       0x90 /opt/devkitpro/libctru/lib/libctru.a(vram.o)
                0x0000000000104450                vramFree
 .text._ZL21addrMapNodeComparatorPK11rbtree_nodeS1_
                0x00000000001044e0       0x24 /opt/devkitpro/libctru/lib/libctru.a(linear.o)
 .text._ZL21addrMapNodeDestructorP11rbtree_node
                0x0000000000104504        0x4 /opt/devkitpro/libctru/lib/libctru.a(linear.o)
 .text.linearMemAlign
                0x0000000000104508      0x120 /opt/devkitpro/libctru/lib/libctru.a(linear.o)
                0x0000000000104508                linearMemAlign
 .text.linearAlloc
                0x0000000000104628        0x8 /opt/devkitpro/libctru/lib/libctru.a(linear.o)
                0x0000000000104628                linearAlloc
 .text.linearFree
                0x0000000000104630       0x5c /opt/devkitpro/libctru/lib/libctru.a(linear.o)
                0x0000000000104630                linearFree
 .text._ZN7MemPool13CoalesceRightEP8MemBlock
                0x000000000010468c       0x80 /opt/devkitpro/libctru/lib/libctru.a(mem_pool.o)
                0x000000000010468c                MemPool::CoalesceRight(MemBlock*)
 .text._ZN7MemPool8AllocateER8MemChunkmi
                0x000000000010470c      0x16c /opt/devkitpro/libctru/lib/libctru.a(mem_pool.o)
                0x000000000010470c                MemPool::Allocate(MemChunk&, unsigned long, int)
 .text._ZN7MemPool10DeallocateERK8MemChunk
                0x0000000000104878       0xfc /opt/devkitpro/libctru/lib/libctru.a(mem_pool.o)
                0x0000000000104878                MemPool::Deallocate(MemChunk const&)
 .text._ZN7MemPool12GetFreeSpaceEv
                0x0000000000104974       0x30 /opt/devkitpro/libctru/lib/libctru.a(mem_pool.o)
                0x0000000000104974                MemPool::GetFreeSpace()
 .text.osConvertVirtToPhys
                0x00000000001049a4       0x74 /opt/devkitpro/libctru/lib/libctru.a(os.o)
                0x00000000001049a4                osConvertVirtToPhys
 .text.osGetTimeRef
                0x0000000000104a18       0x54 /opt/devkitpro/libctru/lib/libctru.a(os.o)
                0x0000000000104a18                osGetTimeRef
 .text.osGetTime
                0x0000000000104a6c       0xec /opt/devkitpro/libctru/lib/libctru.a(os.o)
                0x0000000000104a6c                osGetTime
 .text.osTickCounterRead
                0x0000000000104b58       0x38 /opt/devkitpro/libctru/lib/libctru.a(os.o)
                0x0000000000104b58                osTickCounterRead
 .text.__ctru_speedup_config
                0x0000000000104b90       0x34 /opt/devkitpro/libctru/lib/libctru.a(os.o)
                0x0000000000104b90                __ctru_speedup_config
 .text.parseColor
                0x0000000000104bc4      0x1e8 /opt/devkitpro/libctru/lib/libctru.a(console.o)
 .text.consoleDrawChar
                0x0000000000104dac      0x1ac /opt/devkitpro/libctru/lib/libctru.a(console.o)
                0x0000000000104dac                consoleDrawChar
 .text.consolePrintChar
                0x0000000000104f58      0x124 /opt/devkitpro/libctru/lib/libctru.a(console.o)
                0x0000000000104f58                consolePrintChar
 .text.con_write
                0x000000000010507c      0xb94 /opt/devkitpro/libctru/lib/libctru.a(console.o)
                0x000000000010507c                con_write
 .text.newRow   0x0000000000105c10       0xfc /opt/devkitpro/libctru/lib/libctru.a(console.o)
 .text.consoleInit
                0x0000000000105d0c      0x168 /opt/devkitpro/libctru/lib/libctru.a(console.o)
                0x0000000000105d0c                consoleInit
 .text.gfxPresentFramebuffer
                0x0000000000105e74       0xd0 /opt/devkitpro/libctru/lib/libctru.a(gfx.o)
 .text.gfxIsWide
                0x0000000000105f44       0x1c /opt/devkitpro/libctru/lib/libctru.a(gfx.o)
                0x0000000000105f44                gfxIsWide
 .text.gfxSetScreenFormat
                0x0000000000105f60       0xec /opt/devkitpro/libctru/lib/libctru.a(gfx.o)
                0x0000000000105f60                gfxSetScreenFormat
 .text.gfxSetDoubleBuffering
                0x000000000010604c       0x10 /opt/devkitpro/libctru/lib/libctru.a(gfx.o)
                0x000000000010604c                gfxSetDoubleBuffering
 .text.gfxInit  0x000000000010605c       0xe0 /opt/devkitpro/libctru/lib/libctru.a(gfx.o)
                0x000000000010605c                gfxInit
 .text.gfxInitDefault
                0x000000000010613c       0x10 /opt/devkitpro/libctru/lib/libctru.a(gfx.o)
                0x000000000010613c                gfxInitDefault
 .text.gfxExit  0x000000000010614c       0xb4 /opt/devkitpro/libctru/lib/libctru.a(gfx.o)
                0x000000000010614c                gfxExit
 .text.gfxGetFramebuffer
                0x0000000000106200       0xa0 /opt/devkitpro/libctru/lib/libctru.a(gfx.o)
                0x0000000000106200                gfxGetFramebuffer
 .text.gfxFlushBuffers
                0x00000000001062a0      0x104 /opt/devkitpro/libctru/lib/libctru.a(gfx.o)
                0x00000000001062a0                gfxFlushBuffers
 .text.gfxScreenSwapBuffers
                0x00000000001063a4       0x30 /opt/devkitpro/libctru/lib/libctru.a(gfx.o)
                0x00000000001063a4                gfxScreenSwapBuffers
 .text.gfxSwapBuffersGpu
                0x00000000001063d4       0x50 /opt/devkitpro/libctru/lib/libctru.a(gfx.o)
                0x00000000001063d4                gfxSwapBuffersGpu
 .text.shaderInstanceInit
                0x0000000000106424      0x1d4 /opt/devkitpro/libctru/lib/libctru.a(shaderProgram.o)
                0x0000000000106424                shaderInstanceInit
 .text.shaderInstanceGetUniformLocation
                0x00000000001065f8       0x18 /opt/devkitpro/libctru/lib/libctru.a(shaderProgram.o)
                0x00000000001065f8                shaderInstanceGetUniformLocation
 .text.shaderProgramInit
                0x0000000000106610       0x1c /opt/devkitpro/libctru/lib/libctru.a(shaderProgram.o)
                0x0000000000106610                shaderProgramInit
 .text.shaderProgramFree
                0x000000000010662c       0x64 /opt/devkitpro/libctru/lib/libctru.a(shaderProgram.o)
                0x000000000010662c                shaderProgramFree
 .text.shaderProgramSetVsh
                0x0000000000106690       0x80 /opt/devkitpro/libctru/lib/libctru.a(shaderProgram.o)
                0x0000000000106690                shaderProgramSetVsh
 .text.shaderProgramConfigure
                0x0000000000106710      0x8e0 /opt/devkitpro/libctru/lib/libctru.a(shaderProgram.o)
                0x0000000000106710                shaderProgramConfigure
 .text.DVLE_GenerateOutmap.part.0
                0x0000000000106ff0      0x1cc /opt/devkitpro/libctru/lib/libctru.a(shbin.o)
 .text.DVLB_ParseFile
                0x00000000001071bc      0x1b4 /opt/devkitpro/libctru/lib/libctru.a(shbin.o)
                0x00000000001071bc                DVLB_ParseFile
 .text.DVLB_Free
                0x0000000000107370       0x38 /opt/devkitpro/libctru/lib/libctru.a(shbin.o)
                0x0000000000107370                DVLB_Free
 .text.DVLE_GetUniformRegister
                0x00000000001073a8       0x74 /opt/devkitpro/libctru/lib/libctru.a(shbin.o)
                0x00000000001073a8                DVLE_GetUniformRegister
 .text.GX_BindQueue
                0x000000000010741c       0x10 /opt/devkitpro/libctru/lib/libctru.a(gx.o)
                0x000000000010741c                GX_BindQueue
 .text.GX_ProcessCommandList
                0x000000000010742c       0x78 /opt/devkitpro/libctru/lib/libctru.a(gx.o)
                0x000000000010742c                GX_ProcessCommandList
 .text.GX_MemoryFill
                0x00000000001074a4       0x74 /opt/devkitpro/libctru/lib/libctru.a(gx.o)
                0x00000000001074a4                GX_MemoryFill
 .text.GX_DisplayTransfer
                0x0000000000107518       0x70 /opt/devkitpro/libctru/lib/libctru.a(gx.o)
                0x0000000000107518                GX_DisplayTransfer
 .text.gxCmdQueueDoCommands.part.0
                0x0000000000107588       0x68 /opt/devkitpro/libctru/lib/libctru.a(gxqueue.o)
 .text.gxCmdQueueInterrupt
                0x00000000001075f0       0xc8 /opt/devkitpro/libctru/lib/libctru.a(gxqueue.o)
                0x00000000001075f0                gxCmdQueueInterrupt
 .text.gxCmdQueueClear
                0x00000000001076b8       0x4c /opt/devkitpro/libctru/lib/libctru.a(gxqueue.o)
                0x00000000001076b8                gxCmdQueueClear
 .text.gxCmdQueueAdd
                0x0000000000107704       0xf8 /opt/devkitpro/libctru/lib/libctru.a(gxqueue.o)
                0x0000000000107704                gxCmdQueueAdd
 .text.gxCmdQueueRun
                0x00000000001077fc       0x80 /opt/devkitpro/libctru/lib/libctru.a(gxqueue.o)
                0x00000000001077fc                gxCmdQueueRun
 .text.gxCmdQueueStop
                0x000000000010787c       0x60 /opt/devkitpro/libctru/lib/libctru.a(gxqueue.o)
                0x000000000010787c                gxCmdQueueStop
 .text.gxCmdQueueWait
                0x00000000001078dc       0x74 /opt/devkitpro/libctru/lib/libctru.a(gxqueue.o)
                0x00000000001078dc                gxCmdQueueWait
 .text.GPUCMD_Add
                0x0000000000107950      0x13c /opt/devkitpro/libctru/lib/libctru.a(gpu.o)
                0x0000000000107950                GPUCMD_Add
 .text.GPUCMD_Split
                0x0000000000107a8c       0xb0 /opt/devkitpro/libctru/lib/libctru.a(gpu.o)
                0x0000000000107a8c                GPUCMD_Split
 .text.f32tof16
                0x0000000000107b3c       0x34 /opt/devkitpro/libctru/lib/libctru.a(gpu.o)
                0x0000000000107b3c                f32tof16
 .text.f32tof24
                0x0000000000107b70       0x34 /opt/devkitpro/libctru/lib/libctru.a(gpu.o)
                0x0000000000107b70                f32tof24
 .text.f32tof31
                0x0000000000107ba4       0x38 /opt/devkitpro/libctru/lib/libctru.a(gpu.o)
                0x0000000000107ba4                f32tof31
 .text.gspHardwareInit
                0x0000000000107bdc      0xc58 /opt/devkitpro/libctru/lib/libctru.a(gspgpu.o)
 .text.gspInit  0x0000000000108834      0x248 /opt/devkitpro/libctru/lib/libctru.a(gspgpu.o)
                0x0000000000108834                gspInit
 .text.gspExit  0x0000000000108a7c       0xf0 /opt/devkitpro/libctru/lib/libctru.a(gspgpu.o)
                0x0000000000108a7c                gspExit
 .text.gspHasGpuRight
                0x0000000000108b6c       0x10 /opt/devkitpro/libctru/lib/libctru.a(gspgpu.o)
                0x0000000000108b6c                gspHasGpuRight
 .text.gspPresentBuffer
                0x0000000000108b7c       0xa0 /opt/devkitpro/libctru/lib/libctru.a(gspgpu.o)
                0x0000000000108b7c                gspPresentBuffer
 .text.gspSetEventCallback
                0x0000000000108c1c       0x30 /opt/devkitpro/libctru/lib/libctru.a(gspgpu.o)
                0x0000000000108c1c                gspSetEventCallback
 .text.gspWaitForEvent
                0x0000000000108c4c       0x44 /opt/devkitpro/libctru/lib/libctru.a(gspgpu.o)
                0x0000000000108c4c                gspWaitForEvent
 .text.gspWaitForAnyEvent
                0x0000000000108c90       0x4c /opt/devkitpro/libctru/lib/libctru.a(gspgpu.o)
                0x0000000000108c90                gspWaitForAnyEvent
 .text.gspEventThreadMain
                0x0000000000108cdc      0x158 /opt/devkitpro/libctru/lib/libctru.a(gspgpu.o)
 .text.gspSubmitGxCommand
                0x0000000000108e34      0x130 /opt/devkitpro/libctru/lib/libctru.a(gspgpu.o)
                0x0000000000108e34                gspSubmitGxCommand
 .text.GSPGPU_FlushDataCache
                0x0000000000108f64       0x50 /opt/devkitpro/libctru/lib/libctru.a(gspgpu.o)
                0x0000000000108f64                GSPGPU_FlushDataCache
 .text.GSPGPU_SetLcdForceBlack
                0x0000000000108fb4       0x34 /opt/devkitpro/libctru/lib/libctru.a(gspgpu.o)
                0x0000000000108fb4                GSPGPU_SetLcdForceBlack
 .text.GSPGPU_AcquireRight
                0x0000000000108fe8       0x68 /opt/devkitpro/libctru/lib/libctru.a(gspgpu.o)
                0x0000000000108fe8                GSPGPU_AcquireRight
 .text.GSPGPU_ReleaseRight
                0x0000000000109050       0x48 /opt/devkitpro/libctru/lib/libctru.a(gspgpu.o)
                0x0000000000109050                GSPGPU_ReleaseRight
 .text.GSPGPU_ImportDisplayCaptureInfo
                0x0000000000109098       0x7c /opt/devkitpro/libctru/lib/libctru.a(gspgpu.o)
                0x0000000000109098                GSPGPU_ImportDisplayCaptureInfo
 .text.GSPGPU_SaveVramSysArea
                0x0000000000109114       0x2c /opt/devkitpro/libctru/lib/libctru.a(gspgpu.o)
                0x0000000000109114                GSPGPU_SaveVramSysArea
 .text.GSPGPU_RestoreVramSysArea
                0x0000000000109140       0x2c /opt/devkitpro/libctru/lib/libctru.a(gspgpu.o)
                0x0000000000109140                GSPGPU_RestoreVramSysArea
 .text.aptConvertScreenForCapture
                0x000000000010916c      0x1a4 /opt/devkitpro/libctru/lib/libctru.a(apt.o)
 .text.aptDspSleep
                0x0000000000109310        0x8 /opt/devkitpro/libctru/lib/libctru.a(apt.o)
                0x0000000000109310                aptDspSleep
 .text.aptDspWakeup
                0x0000000000109318        0x4 /opt/devkitpro/libctru/lib/libctru.a(apt.o)
                0x0000000000109318                aptDspWakeup
 .text.aptDspCancel
                0x000000000010931c        0x4 /opt/devkitpro/libctru/lib/libctru.a(apt.o)
                0x000000000010931c                aptDspCancel
 .text.aptSendCommand
                0x0000000000109320      0x158 /opt/devkitpro/libctru/lib/libctru.a(apt.o)
                0x0000000000109320                aptSendCommand
 .text.aptExitProcess
                0x0000000000109478       0x44 /opt/devkitpro/libctru/lib/libctru.a(apt.o)
 .text.aptExit  0x00000000001094bc      0x2f4 /opt/devkitpro/libctru/lib/libctru.a(apt.o)
                0x00000000001094bc                aptExit
 .text.aptHandleSleep
                0x00000000001097b0       0xe0 /opt/devkitpro/libctru/lib/libctru.a(apt.o)
                0x00000000001097b0                aptHandleSleep
 .text.aptHook  0x0000000000109890       0x30 /opt/devkitpro/libctru/lib/libctru.a(apt.o)
                0x0000000000109890                aptHook
 .text.aptUnhook
                0x00000000001098c0       0x30 /opt/devkitpro/libctru/lib/libctru.a(apt.o)
                0x00000000001098c0                aptUnhook
 .text.APT_SleepIfShellClosed
                0x00000000001098f0       0x84 /opt/devkitpro/libctru/lib/libctru.a(apt.o)
                0x00000000001098f0                APT_SleepIfShellClosed
 .text.aptSetSleepAllowed
                0x0000000000109974       0x84 /opt/devkitpro/libctru/lib/libctru.a(apt.o)
                0x0000000000109974                aptSetSleepAllowed
 .text.APT_UnlockTransition
                0x00000000001099f8       0x84 /opt/devkitpro/libctru/lib/libctru.a(apt.o)
                0x00000000001099f8                APT_UnlockTransition
 *fill*         0x0000000000109a7c        0x4 
 .text.aptEventHandler
                0x0000000000109a80      0x4a4 /opt/devkitpro/libctru/lib/libctru.a(apt.o)
 .text.APT_ReceiveParameter
                0x0000000000109f24       0xb0 /opt/devkitpro/libctru/lib/libctru.a(apt.o)
                0x0000000000109f24                APT_ReceiveParameter
 .text.aptReceiveParameter.constprop.0
                0x0000000000109fd4       0xb0 /opt/devkitpro/libctru/lib/libctru.a(apt.o)
 *fill*         0x000000000010a084        0x4 
 .text.aptScreenTransfer
                0x000000000010a088      0x2ac /opt/devkitpro/libctru/lib/libctru.a(apt.o)
 .text.aptWaitForWakeUp.isra.0
                0x000000000010a334      0x344 /opt/devkitpro/libctru/lib/libctru.a(apt.o)
 .text.aptJumpToHomeMenu
                0x000000000010a678      0x100 /opt/devkitpro/libctru/lib/libctru.a(apt.o)
                0x000000000010a678                aptJumpToHomeMenu
 .text.aptMainLoop
                0x000000000010a778       0x48 /opt/devkitpro/libctru/lib/libctru.a(apt.o)
                0x000000000010a778                aptMainLoop
 .text.aptInit  0x000000000010a7c0      0x22c /opt/devkitpro/libctru/lib/libctru.a(apt.o)
                0x000000000010a7c0                aptInit
 .text.APT_CheckNew3DS
                0x000000000010a9ec       0x7c /opt/devkitpro/libctru/lib/libctru.a(apt.o)
                0x000000000010a9ec                APT_CheckNew3DS
 .text.hidShouldUseIrrst
                0x000000000010aa68       0x24 /opt/devkitpro/libctru/lib/libctru.a(hid.o)
                0x000000000010aa68                hidShouldUseIrrst
 .text.hidInit  0x000000000010aa8c      0x18c /opt/devkitpro/libctru/lib/libctru.a(hid.o)
                0x000000000010aa8c                hidInit
 .text.hidExit  0x000000000010ac18       0xe8 /opt/devkitpro/libctru/lib/libctru.a(hid.o)
                0x000000000010ac18                hidExit
 .text.hidScanInput
                0x000000000010ad00      0x2a4 /opt/devkitpro/libctru/lib/libctru.a(hid.o)
                0x000000000010ad00                hidScanInput
 .text.hidKeysDown
                0x000000000010afa4       0x10 /opt/devkitpro/libctru/lib/libctru.a(hid.o)
                0x000000000010afa4                hidKeysDown
 .text.ptmSysmInit
                0x000000000010afb4       0x74 /opt/devkitpro/libctru/lib/libctru.a(ptmsysm.o)
                0x000000000010afb4                ptmSysmInit
 .text.ptmSysmExit
                0x000000000010b028       0x3c /opt/devkitpro/libctru/lib/libctru.a(ptmsysm.o)
                0x000000000010b028                ptmSysmExit
 .text.PTMSYSM_ConfigureNew3DSCPU
                0x000000000010b064       0x34 /opt/devkitpro/libctru/lib/libctru.a(ptmsysm.o)
                0x000000000010b064                PTMSYSM_ConfigureNew3DSCPU
 .text.rbtree_init
                0x000000000010b098       0x10 /opt/devkitpro/libctru/lib/libctru.a(rbtree_init.o)
                0x000000000010b098                rbtree_init
 .text.do_insert
                0x000000000010b0a8      0x1b4 /opt/devkitpro/libctru/lib/libctru.a(rbtree_insert.o)
 .text.rbtree_insert
                0x000000000010b25c        0x8 /opt/devkitpro/libctru/lib/libctru.a(rbtree_insert.o)
                0x000000000010b25c                rbtree_insert
 .text.rbtree_rotate
                0x000000000010b264       0x90 /opt/devkitpro/libctru/lib/libctru.a(rbtree_rotate.o)
                0x000000000010b264                rbtree_rotate
 .text.rbtree_remove
                0x000000000010b2f4      0x318 /opt/devkitpro/libctru/lib/libctru.a(rbtree_remove.o)
                0x000000000010b2f4                rbtree_remove
 .text.rbtree_find
                0x000000000010b60c       0x74 /opt/devkitpro/libctru/lib/libctru.a(rbtree_find.o)
                0x000000000010b60c                rbtree_find
 .text.__system_allocateHeaps
                0x000000000010b680      0x1e0 /opt/devkitpro/libctru/lib/libctru.a(allocateHeaps.o)
                0x000000000010b680                __system_allocateHeaps
 .text.__libctru_init
                0x000000000010b860       0x38 /opt/devkitpro/libctru/lib/libctru.a(ctru_init.o)
                0x000000000010b860                __libctru_init
 .text.__system_initArgv
                0x000000000010b898      0x170 /opt/devkitpro/libctru/lib/libctru.a(initArgv.o)
                0x000000000010b898                __system_initArgv
 .text.svcControlMemory
                0x000000000010ba08       0x20 /opt/devkitpro/libctru/lib/libctru.a(svc.o)
                0x000000000010ba08                svcControlMemory
 .text.svcQueryMemory
                0x000000000010ba28       0x30 /opt/devkitpro/libctru/lib/libctru.a(svc.o)
                0x000000000010ba28                svcQueryMemory
 .text.svcExitProcess
                0x000000000010ba58        0x8 /opt/devkitpro/libctru/lib/libctru.a(svc.o)
                0x000000000010ba58                svcExitProcess
 .text.svcCreateThread
                0x000000000010ba60       0x20 /opt/devkitpro/libctru/lib/libctru.a(svc.o)
                0x000000000010ba60                svcCreateThread
 .text.svcExitThread
                0x000000000010ba80        0x8 /opt/devkitpro/libctru/lib/libctru.a(svc.o)
                0x000000000010ba80                svcExitThread
 .text.svcSleepThread
                0x000000000010ba88        0x8 /opt/devkitpro/libctru/lib/libctru.a(svc.o)
                0x000000000010ba88                svcSleepThread
 .text.svcReleaseMutex
                0x000000000010ba90        0x8 /opt/devkitpro/libctru/lib/libctru.a(svc.o)
                0x000000000010ba90                svcReleaseMutex
 .text.svcCreateEvent
                0x000000000010ba98       0x14 /opt/devkitpro/libctru/lib/libctru.a(svc.o)
                0x000000000010ba98                svcCreateEvent
 .text.svcSignalEvent
                0x000000000010baac        0x8 /opt/devkitpro/libctru/lib/libctru.a(svc.o)
                0x000000000010baac                svcSignalEvent
 .text.svcClearEvent
                0x000000000010bab4        0x8 /opt/devkitpro/libctru/lib/libctru.a(svc.o)
                0x000000000010bab4                svcClearEvent
 .text.svcMapMemoryBlock
                0x000000000010babc        0x8 /opt/devkitpro/libctru/lib/libctru.a(svc.o)
                0x000000000010babc                svcMapMemoryBlock
 .text.svcUnmapMemoryBlock
                0x000000000010bac4        0x8 /opt/devkitpro/libctru/lib/libctru.a(svc.o)
                0x000000000010bac4                svcUnmapMemoryBlock
 .text.svcCreateAddressArbiter
                0x000000000010bacc       0x14 /opt/devkitpro/libctru/lib/libctru.a(svc.o)
                0x000000000010bacc                svcCreateAddressArbiter
 .text.svcArbitrateAddressNoTimeout
                0x000000000010bae0        0x8 /opt/devkitpro/libctru/lib/libctru.a(svc.o)
                0x000000000010bae0                svcArbitrateAddressNoTimeout
 .text.svcCloseHandle
                0x000000000010bae8        0x8 /opt/devkitpro/libctru/lib/libctru.a(svc.o)
                0x000000000010bae8                svcCloseHandle
 .text.svcWaitSynchronization
                0x000000000010baf0        0x8 /opt/devkitpro/libctru/lib/libctru.a(svc.o)
                0x000000000010baf0                svcWaitSynchronization
 .text.svcWaitSynchronizationN
                0x000000000010baf8       0x28 /opt/devkitpro/libctru/lib/libctru.a(svc.o)
                0x000000000010baf8                svcWaitSynchronizationN
 .text.svcDuplicateHandle
                0x000000000010bb20       0x14 /opt/devkitpro/libctru/lib/libctru.a(svc.o)
                0x000000000010bb20                svcDuplicateHandle
 .text.svcGetSystemTick
                0x000000000010bb34        0x8 /opt/devkitpro/libctru/lib/libctru.a(svc.o)
                0x000000000010bb34                svcGetSystemTick
 .text.svcConnectToPort
                0x000000000010bb3c       0x14 /opt/devkitpro/libctru/lib/libctru.a(svc.o)
                0x000000000010bb3c                svcConnectToPort
 .text.svcSendSyncRequest
                0x000000000010bb50        0x8 /opt/devkitpro/libctru/lib/libctru.a(svc.o)
                0x000000000010bb50                svcSendSyncRequest
 .text.svcGetResourceLimit
                0x000000000010bb58       0x14 /opt/devkitpro/libctru/lib/libctru.a(svc.o)
                0x000000000010bb58                svcGetResourceLimit
 .text.svcGetResourceLimitLimitValues
                0x000000000010bb6c        0x8 /opt/devkitpro/libctru/lib/libctru.a(svc.o)
                0x000000000010bb6c                svcGetResourceLimitLimitValues
 .text.svcGetResourceLimitCurrentValues
                0x000000000010bb74        0x8 /opt/devkitpro/libctru/lib/libctru.a(svc.o)
                0x000000000010bb74                svcGetResourceLimitCurrentValues
 .text.svcBreak
                0x000000000010bb7c        0x8 /opt/devkitpro/libctru/lib/libctru.a(svc.o)
                0x000000000010bb7c                svcBreak
 .text.initSystem
                0x000000000010bb84       0x50 /opt/devkitpro/libctru/lib/libctru.a(stack_adjust.o)
                0x000000000010bb84                initSystem
 .text.__ctru_exit
                0x000000000010bbd4       0x18 /opt/devkitpro/libctru/lib/libctru.a(stack_adjust.o)
                0x000000000010bbd4                __ctru_exit
 .text.__sync_init
                0x000000000010bbec        0xc /opt/devkitpro/libctru/lib/libctru.a(synchronization.o)
                0x000000000010bbec                __sync_init
 .text.__sync_fini
                0x000000000010bbf8       0x18 /opt/devkitpro/libctru/lib/libctru.a(synchronization.o)
                0x000000000010bbf8                __sync_fini
 .text.syncArbitrateAddress
                0x000000000010bc10       0x2c /opt/devkitpro/libctru/lib/libctru.a(synchronization.o)
                0x000000000010bc10                syncArbitrateAddress
 .text.LightLock_Lock
                0x000000000010bc3c       0xb0 /opt/devkitpro/libctru/lib/libctru.a(synchronization.o)
                0x000000000010bc3c                LightLock_Lock
 .text.LightLock_Unlock
                0x000000000010bcec       0x40 /opt/devkitpro/libctru/lib/libctru.a(synchronization.o)
                0x000000000010bcec                LightLock_Unlock
 .text.RecursiveLock_Init
                0x000000000010bd2c       0x24 /opt/devkitpro/libctru/lib/libctru.a(synchronization.o)
                0x000000000010bd2c                RecursiveLock_Init
 .text.RecursiveLock_Lock
                0x000000000010bd50       0x30 /opt/devkitpro/libctru/lib/libctru.a(synchronization.o)
                0x000000000010bd50                RecursiveLock_Lock
 .text.RecursiveLock_Unlock
                0x000000000010bd80       0x54 /opt/devkitpro/libctru/lib/libctru.a(synchronization.o)
                0x000000000010bd80                RecursiveLock_Unlock
 .text.LightEvent_Init
                0x000000000010bdd4       0x40 /opt/devkitpro/libctru/lib/libctru.a(synchronization.o)
                0x000000000010bdd4                LightEvent_Init
 .text.LightEvent_Clear
                0x000000000010be14       0xa4 /opt/devkitpro/libctru/lib/libctru.a(synchronization.o)
                0x000000000010be14                LightEvent_Clear
 .text.LightEvent_Signal
                0x000000000010beb8       0xc8 /opt/devkitpro/libctru/lib/libctru.a(synchronization.o)
                0x000000000010beb8                LightEvent_Signal
 .text.LightEvent_TryWait
                0x000000000010bf80       0x50 /opt/devkitpro/libctru/lib/libctru.a(synchronization.o)
                0x000000000010bf80                LightEvent_TryWait
 .text.LightEvent_Wait
                0x000000000010bfd0       0xb0 /opt/devkitpro/libctru/lib/libctru.a(synchronization.o)
                0x000000000010bfd0                LightEvent_Wait
 .text.srvInit  0x000000000010c080      0x130 /opt/devkitpro/libctru/lib/libctru.a(srv.o)
                0x000000000010c080                srvInit
 .text.srvExit  0x000000000010c1b0       0x58 /opt/devkitpro/libctru/lib/libctru.a(srv.o)
                0x000000000010c1b0                srvExit
 .text.srvGetServiceHandleDirect
                0x000000000010c208       0xa0 /opt/devkitpro/libctru/lib/libctru.a(srv.o)
                0x000000000010c208                srvGetServiceHandleDirect
 .text.srvGetServiceHandle
                0x000000000010c2a8       0x38 /opt/devkitpro/libctru/lib/libctru.a(srv.o)
                0x000000000010c2a8                srvGetServiceHandle
 .text.srvPublishToSubscriber
                0x000000000010c2e0       0x38 /opt/devkitpro/libctru/lib/libctru.a(srv.o)
                0x000000000010c2e0                srvPublishToSubscriber
 .text.threadCreate
                0x000000000010c318      0x178 /opt/devkitpro/libctru/lib/libctru.a(thread.o)
                0x000000000010c318                threadCreate
 .text.threadFree
                0x000000000010c490       0x2c /opt/devkitpro/libctru/lib/libctru.a(thread.o)
                0x000000000010c490                threadFree
 .text.threadJoin
                0x000000000010c4bc       0x24 /opt/devkitpro/libctru/lib/libctru.a(thread.o)
                0x000000000010c4bc                threadJoin
 .text.threadGetCurrent
                0x000000000010c4e0       0x30 /opt/devkitpro/libctru/lib/libctru.a(thread.o)
                0x000000000010c4e0                threadGetCurrent
 .text.threadExit
                0x000000000010c510       0x40 /opt/devkitpro/libctru/lib/libctru.a(thread.o)
                0x000000000010c510                threadExit
 .text._thread_begin
                0x000000000010c550       0x20 /opt/devkitpro/libctru/lib/libctru.a(thread.o)
 .text.mappableFindAddressWithin
                0x000000000010c570       0xb4 /opt/devkitpro/libctru/lib/libctru.a(mappable.o)
 .text.mappableInit
                0x000000000010c624       0x28 /opt/devkitpro/libctru/lib/libctru.a(mappable.o)
                0x000000000010c624                mappableInit
 .text.mappableAlloc
                0x000000000010c64c       0x80 /opt/devkitpro/libctru/lib/libctru.a(mappable.o)
                0x000000000010c64c                mappableAlloc
 .text.mappableFree
                0x000000000010c6cc        0x4 /opt/devkitpro/libctru/lib/libctru.a(mappable.o)
                0x000000000010c6cc                mappableFree
 .text.irrstInit
                0x000000000010c6d0      0x164 /opt/devkitpro/libctru/lib/libctru.a(irrst.o)
                0x000000000010c6d0                irrstInit
 .text.irrstExit
                0x000000000010c834       0xcc /opt/devkitpro/libctru/lib/libctru.a(irrst.o)
                0x000000000010c834                irrstExit
 .text.irrstScanInput
                0x000000000010c900       0xb4 /opt/devkitpro/libctru/lib/libctru.a(irrst.o)
                0x000000000010c900                irrstScanInput
 .text.irrstKeysHeld
                0x000000000010c9b4       0x24 /opt/devkitpro/libctru/lib/libctru.a(irrst.o)
                0x000000000010c9b4                irrstKeysHeld
 .text.srvPmGetSessionHandle
                0x000000000010c9d8        0xc /opt/devkitpro/libctru/lib/libctru.a(srvpm.o)
                0x000000000010c9d8                srvPmGetSessionHandle
 .text.rbtree_node_next
                0x000000000010c9e4       0x5c /opt/devkitpro/libctru/lib/libctru.a(rbtree_iterator.o)
                0x000000000010c9e4                rbtree_node_next
 .text.__appInit
                0x000000000010ca40       0x30 /opt/devkitpro/libctru/lib/libctru.a(appInit.o)
                0x000000000010ca40                __appInit
 .text.__syscall_getreent
                0x000000000010ca70       0x30 /opt/devkitpro/libctru/lib/libctru.a(syscalls.o)
                0x000000000010ca70                __syscall_getreent
 .text.__syscall_gettod_r
                0x000000000010caa0       0x74 /opt/devkitpro/libctru/lib/libctru.a(syscalls.o)
                0x000000000010caa0                __syscall_gettod_r
 .text.__syscall_lock_acquire
                0x000000000010cb14        0x4 /opt/devkitpro/libctru/lib/libctru.a(syscalls.o)
                0x000000000010cb14                __syscall_lock_acquire
 .text.__syscall_lock_release
                0x000000000010cb18        0x4 /opt/devkitpro/libctru/lib/libctru.a(syscalls.o)
                0x000000000010cb18                __syscall_lock_release
 .text.__syscall_lock_init_recursive
                0x000000000010cb1c        0x4 /opt/devkitpro/libctru/lib/libctru.a(syscalls.o)
                0x000000000010cb1c                __syscall_lock_init_recursive
 .text.__syscall_lock_acquire_recursive
                0x000000000010cb20        0x4 /opt/devkitpro/libctru/lib/libctru.a(syscalls.o)
                0x000000000010cb20                __syscall_lock_acquire_recursive
 .text.__syscall_lock_release_recursive
                0x000000000010cb24        0x4 /opt/devkitpro/libctru/lib/libctru.a(syscalls.o)
                0x000000000010cb24                __syscall_lock_release_recursive
 .text.__syscall_exit
                0x000000000010cb28        0x4 /opt/devkitpro/libctru/lib/libctru.a(syscalls.o)
                0x000000000010cb28                __syscall_exit
 .text.initThreadVars
                0x000000000010cb2c       0x50 /opt/devkitpro/libctru/lib/libctru.a(syscalls.o)
                0x000000000010cb2c                initThreadVars
 .text.__system_initSyscalls
                0x000000000010cb7c       0x68 /opt/devkitpro/libctru/lib/libctru.a(syscalls.o)
                0x000000000010cb7c                __system_initSyscalls
 .text.__appExit
                0x000000000010cbe4       0x30 /opt/devkitpro/libctru/lib/libctru.a(appExit.o)
                0x000000000010cbe4                __appExit
 .text.__libctru_exit
                0x000000000010cc14       0x90 /opt/devkitpro/libctru/lib/libctru.a(ctru_exit.o)
                0x000000000010cc14                __libctru_exit
 .text.envGetHandle
                0x000000000010cca4       0x84 /opt/devkitpro/libctru/lib/libctru.a(env.o)
                0x000000000010cca4                envGetHandle
 .text.envDestroyHandles
                0x000000000010cd28       0x50 /opt/devkitpro/libctru/lib/libctru.a(env.o)
                0x000000000010cd28                envDestroyHandles
 .text.archive_link
                0x000000000010cd78       0x14 /opt/devkitpro/libctru/lib/libctru.a(archive_dev.o)
 .text.archive_dirreset
                0x000000000010cd8c       0x14 /opt/devkitpro/libctru/lib/libctru.a(archive_dev.o)
 .text.archive_chmod
                0x000000000010cda0       0x14 /opt/devkitpro/libctru/lib/libctru.a(archive_dev.o)
 .text.error_cmp
                0x000000000010cdb4       0x24 /opt/devkitpro/libctru/lib/libctru.a(archive_dev.o)
 .text.archive_translate_error
                0x000000000010cdd8       0x50 /opt/devkitpro/libctru/lib/libctru.a(archive_dev.o)
 .text.archive_seek
                0x000000000010ce28       0xc8 /opt/devkitpro/libctru/lib/libctru.a(archive_dev.o)
 .text._archiveInit.part.0
                0x000000000010cef0       0x7c /opt/devkitpro/libctru/lib/libctru.a(archive_dev.o)
 .text.archiveFindDevice.part.0
                0x000000000010cf6c       0xc4 /opt/devkitpro/libctru/lib/libctru.a(archive_dev.o)
 .text.archive_utf16path
                0x000000000010d030      0x25c /opt/devkitpro/libctru/lib/libctru.a(archive_dev.o)
 .text._archiveUnmountDeviceStruct.part.0
                0x000000000010d28c       0xa0 /opt/devkitpro/libctru/lib/libctru.a(archive_dev.o)
 .text.archive_fchmod
                0x000000000010d32c       0x14 /opt/devkitpro/libctru/lib/libctru.a(archive_dev.o)
 .text.archive_statvfs
                0x000000000010d340       0x14 /opt/devkitpro/libctru/lib/libctru.a(archive_dev.o)
 .text._archiveMountDevice
                0x000000000010d354      0x164 /opt/devkitpro/libctru/lib/libctru.a(archive_dev.o)
 .text.archive_diropen
                0x000000000010d4b8       0xe8 /opt/devkitpro/libctru/lib/libctru.a(archive_dev.o)
 .text.archive_fstat
                0x000000000010d5a0       0xa4 /opt/devkitpro/libctru/lib/libctru.a(archive_dev.o)
 .text.archive_close
                0x000000000010d644       0x6c /opt/devkitpro/libctru/lib/libctru.a(archive_dev.o)
 .text.archive_fsync
                0x000000000010d6b0       0x6c /opt/devkitpro/libctru/lib/libctru.a(archive_dev.o)
 .text.archive_dirclose
                0x000000000010d71c       0x70 /opt/devkitpro/libctru/lib/libctru.a(archive_dev.o)
 .text.sdmc_statvfs
                0x000000000010d78c       0xe8 /opt/devkitpro/libctru/lib/libctru.a(archive_dev.o)
 .text.archive_chdir
                0x000000000010d874       0xec /opt/devkitpro/libctru/lib/libctru.a(archive_dev.o)
 .text.archive_ftruncate
                0x000000000010d960       0x7c /opt/devkitpro/libctru/lib/libctru.a(archive_dev.o)
 .text.archive_read
                0x000000000010d9dc       0xac /opt/devkitpro/libctru/lib/libctru.a(archive_dev.o)
 .text.archive_unlink
                0x000000000010da88       0xa4 /opt/devkitpro/libctru/lib/libctru.a(archive_dev.o)
 .text.archive_rmdir
                0x000000000010db2c       0xbc /opt/devkitpro/libctru/lib/libctru.a(archive_dev.o)
 .text.archive_mkdir
                0x000000000010dbe8       0xdc /opt/devkitpro/libctru/lib/libctru.a(archive_dev.o)
 .text.archive_stat
                0x000000000010dcc4      0x19c /opt/devkitpro/libctru/lib/libctru.a(archive_dev.o)
 .text.archive_dirnext
                0x000000000010de60      0x15c /opt/devkitpro/libctru/lib/libctru.a(archive_dev.o)
 .text.archive_write
                0x000000000010dfbc       0xec /opt/devkitpro/libctru/lib/libctru.a(archive_dev.o)
 .text.archive_open
                0x000000000010e0a8      0x1d4 /opt/devkitpro/libctru/lib/libctru.a(archive_dev.o)
 .text.archive_rename
                0x000000000010e27c      0x278 /opt/devkitpro/libctru/lib/libctru.a(archive_dev.o)
 .text.archiveMountSdmc
                0x000000000010e4f4      0x19c /opt/devkitpro/libctru/lib/libctru.a(archive_dev.o)
                0x000000000010e4f4                archiveMountSdmc
 .text.archiveUnmountAll
                0x000000000010e690       0x54 /opt/devkitpro/libctru/lib/libctru.a(archive_dev.o)
                0x000000000010e690                archiveUnmountAll
 .text.fsInit   0x000000000010e6e4       0xcc /opt/devkitpro/libctru/lib/libctru.a(fs.o)
                0x000000000010e6e4                fsInit
 .text.fsExit   0x000000000010e7b0       0x3c /opt/devkitpro/libctru/lib/libctru.a(fs.o)
                0x000000000010e7b0                fsExit
 .text.fsExemptFromSession
                0x000000000010e7ec       0x60 /opt/devkitpro/libctru/lib/libctru.a(fs.o)
                0x000000000010e7ec                fsExemptFromSession
 .text.fsUnexemptFromSession
                0x000000000010e84c       0x50 /opt/devkitpro/libctru/lib/libctru.a(fs.o)
                0x000000000010e84c                fsUnexemptFromSession
 .text.FSUSER_OpenFile
                0x000000000010e89c       0xcc /opt/devkitpro/libctru/lib/libctru.a(fs.o)
                0x000000000010e89c                FSUSER_OpenFile
 .text.FSUSER_DeleteFile
                0x000000000010e968       0xbc /opt/devkitpro/libctru/lib/libctru.a(fs.o)
                0x000000000010e968                FSUSER_DeleteFile
 .text.FSUSER_RenameFile
                0x000000000010ea24       0xf8 /opt/devkitpro/libctru/lib/libctru.a(fs.o)
                0x000000000010ea24                FSUSER_RenameFile
 .text.FSUSER_DeleteDirectory
                0x000000000010eb1c       0xbc /opt/devkitpro/libctru/lib/libctru.a(fs.o)
                0x000000000010eb1c                FSUSER_DeleteDirectory
 .text.FSUSER_CreateFile
                0x000000000010ebd8       0xd4 /opt/devkitpro/libctru/lib/libctru.a(fs.o)
                0x000000000010ebd8                FSUSER_CreateFile
 .text.FSUSER_CreateDirectory
                0x000000000010ecac       0xc4 /opt/devkitpro/libctru/lib/libctru.a(fs.o)
                0x000000000010ecac                FSUSER_CreateDirectory
 .text.FSUSER_RenameDirectory
                0x000000000010ed70       0xf8 /opt/devkitpro/libctru/lib/libctru.a(fs.o)
                0x000000000010ed70                FSUSER_RenameDirectory
 .text.FSUSER_OpenDirectory
                0x000000000010ee68       0xb4 /opt/devkitpro/libctru/lib/libctru.a(fs.o)
                0x000000000010ee68                FSUSER_OpenDirectory
 .text.FSUSER_OpenArchive
                0x000000000010ef1c       0x98 /opt/devkitpro/libctru/lib/libctru.a(fs.o)
                0x000000000010ef1c                FSUSER_OpenArchive
 .text.FSUSER_CloseArchive
                0x000000000010efb4       0x8c /opt/devkitpro/libctru/lib/libctru.a(fs.o)
                0x000000000010efb4                FSUSER_CloseArchive
 .text.FSUSER_GetSdmcArchiveResource
                0x000000000010f040       0x74 /opt/devkitpro/libctru/lib/libctru.a(fs.o)
                0x000000000010f040                FSUSER_GetSdmcArchiveResource
 .text.FSUSER_IsSdmcWritable
                0x000000000010f0b4       0x64 /opt/devkitpro/libctru/lib/libctru.a(fs.o)
                0x000000000010f0b4                FSUSER_IsSdmcWritable
 .text.FSFILE_Read
                0x000000000010f118       0x58 /opt/devkitpro/libctru/lib/libctru.a(fs.o)
                0x000000000010f118                FSFILE_Read
 .text.FSFILE_Write
                0x000000000010f170       0x60 /opt/devkitpro/libctru/lib/libctru.a(fs.o)
                0x000000000010f170                FSFILE_Write
 .text.FSFILE_GetSize
                0x000000000010f1d0       0x3c /opt/devkitpro/libctru/lib/libctru.a(fs.o)
                0x000000000010f1d0                FSFILE_GetSize
 .text.FSFILE_SetSize
                0x000000000010f20c       0x28 /opt/devkitpro/libctru/lib/libctru.a(fs.o)
                0x000000000010f20c                FSFILE_SetSize
 .text.FSFILE_Close
                0x000000000010f234       0x3c /opt/devkitpro/libctru/lib/libctru.a(fs.o)
                0x000000000010f234                FSFILE_Close
 .text.FSFILE_Flush
                0x000000000010f270       0x24 /opt/devkitpro/libctru/lib/libctru.a(fs.o)
                0x000000000010f270                FSFILE_Flush
 .text.FSDIR_Read
                0x000000000010f294       0x50 /opt/devkitpro/libctru/lib/libctru.a(fs.o)
                0x000000000010f294                FSDIR_Read
 .text.FSDIR_Close
                0x000000000010f2e4       0x3c /opt/devkitpro/libctru/lib/libctru.a(fs.o)
                0x000000000010f2e4                FSDIR_Close
 .text.utf16_to_utf8
                0x000000000010f320       0xe8 /opt/devkitpro/libctru/lib/libctru.a(utf16_to_utf8.o)
                0x000000000010f320                utf16_to_utf8
 .text.decode_utf16
                0x000000000010f408       0x64 /opt/devkitpro/libctru/lib/libctru.a(decode_utf16.o)
                0x000000000010f408                decode_utf16
 .text.decode_utf8
                0x000000000010f46c      0x13c /opt/devkitpro/libctru/lib/libctru.a(decode_utf8.o)
                0x000000000010f46c                decode_utf8
 .text.utf8_to_utf16
                0x000000000010f5a8       0xc0 /opt/devkitpro/libctru/lib/libctru.a(utf8_to_utf16.o)
                0x000000000010f5a8                utf8_to_utf16
 .text.__aeabi_read_tp
                0x000000000010f668        0xc /opt/devkitpro/libctru/lib/libctru.a(readtp.o)
                0x000000000010f668                __aeabi_read_tp
 .text.encode_utf16
                0x000000000010f674       0x54 /opt/devkitpro/libctru/lib/libctru.a(encode_utf16.o)
                0x000000000010f674                encode_utf16
 .text.encode_utf8
                0x000000000010f6c8       0xe0 /opt/devkitpro/libctru/lib/libctru.a(encode_utf8.o)
                0x000000000010f6c8                encode_utf8
 .text.__udivmoddi4
                0x000000000010f7a8      0x120 /opt/devkitpro/devkitARM/bin/../lib/gcc/arm-none-eabi/12.1.0/armv6k/fpu/libgcc.a(_udivmoddi4.o)
                0x000000000010f7a8                __udivmoddi4
 .text.bsearch  0x000000000010f8c8       0x78 /opt/devkitpro/devkitARM/bin/../lib/gcc/arm-none-eabi/12.1.0/../../../../arm-none-eabi/lib/armv6k/fpu/libg.a(lib_a-bsearch.o)
                0x000000000010f8c8                bsearch
 .text.calloc   0x000000000010f940       0x20 /opt/devkitpro/devkitARM/bin/../lib/gcc/arm-none-eabi/12.1.0/../../../../arm-none-eabi/lib/armv6k/fpu/libg.a(lib_a-calloc.o)
                0x000000000010f940                calloc
 .text._calloc_r
                0x000000000010f960       0xc0 /opt/devkitpro/devkitARM/bin/../lib/gcc/arm-none-eabi/12.1.0/../../../../arm-none-eabi/lib/armv6k/fpu/libg.a(lib_a-callocr.o)
                0x000000000010f960                _calloc_r
 .text.__errno  0x000000000010fa20        0xc /opt/devkitpro/devkitARM/bin/../lib/gcc/arm-none-eabi/12.1.0/../../../../arm-none-eabi/lib/armv6k/fpu/libg.a(lib_a-errno.o)
                0x000000000010fa20                __errno
 .text.exit     0x000000000010fa2c       0x34 /opt/devkitpro/devkitARM/bin/../lib/gcc/arm-none-eabi/12.1.0/../../../../arm-none-eabi/lib/armv6k/fpu/libg.a(lib_a-exit.o)
                0x000000000010fa2c                exit
 .text.__sflush_r
                0x000000000010fa60      0x234 /opt/devkitpro/devkitARM/bin/../lib/gcc/arm-none-eabi/12.1.0/../../../../arm-none-eabi/lib/armv6k/fpu/libg.a(lib_a-fflush.o)
                0x000000000010fa60                __sflush_r
 .text._fflush_r
                0x000000000010fc94       0x94 /opt/devkitpro/devkitARM/bin/../lib/gcc/arm-none-eabi/12.1.0/../../../../arm-none-eabi/lib/armv6k/fpu/libg.a(lib_a-fflush.o)
                0x000000000010fc94                _fflush_r
 .text._cleanup_r
                0x000000000010fd28        0xc /opt/devkitpro/devkitARM/bin/../lib/gcc/arm-none-eabi/12.1.0/../../../../arm-none-eabi/lib/armv6k/fpu/libg.a(lib_a-findfp.o)
                0x000000000010fd28                _cleanup_r
 .text.__sinit  0x000000000010fd34      0x184 /opt/devkitpro/devkitARM/bin/../lib/gcc/arm-none-eabi/12.1.0/../../../../arm-none-eabi/lib/armv6k/fpu/libg.a(lib_a-findfp.o)
                0x000000000010fd34                __sinit
 .text.__sfp_lock_acquire
                0x000000000010feb8        0xc /opt/devkitpro/devkitARM/bin/../lib/gcc/arm-none-eabi/12.1.0/../../../../arm-none-eabi/lib/armv6k/fpu/libg.a(lib_a-findfp.o)
                0x000000000010feb8                __sfp_lock_acquire
 .text.__sfp_lock_release
                0x000000000010fec4        0xc /opt/devkitpro/devkitARM/bin/../lib/gcc/arm-none-eabi/12.1.0/../../../../arm-none-eabi/lib/armv6k/fpu/libg.a(lib_a-findfp.o)
                0x000000000010fec4                __sfp_lock_release
 .text.__libc_fini_array
                0x000000000010fed0       0x3c /opt/devkitpro/devkitARM/bin/../lib/gcc/arm-none-eabi/12.1.0/../../../../arm-none-eabi/lib/armv6k/fpu/libg.a(lib_a-fini.o)
                0x000000000010fed0                __libc_fini_array
 .text._malloc_trim_r
                0x000000000010ff0c       0xf8 /opt/devkitpro/devkitARM/bin/../lib/gcc/arm-none-eabi/12.1.0/../../../../arm-none-eabi/lib/armv6k/fpu/libg.a(lib_a-freer.o)
                0x000000000010ff0c                _malloc_trim_r
 .text._free_r  0x0000000000110004      0x2e8 /opt/devkitpro/devkitARM/bin/../lib/gcc/arm-none-eabi/12.1.0/../../../../arm-none-eabi/lib/armv6k/fpu/libg.a(lib_a-freer.o)
                0x0000000000110004                _free_r
 .text._fwalk_reent
                0x00000000001102ec       0x70 /opt/devkitpro/devkitARM/bin/../lib/gcc/arm-none-eabi/12.1.0/../../../../arm-none-eabi/lib/armv6k/fpu/libg.a(lib_a-fwalk.o)
                0x00000000001102ec                _fwalk_reent
 .text.__libc_init_array
                0x000000000011035c       0x84 /opt/devkitpro/devkitARM/bin/../lib/gcc/arm-none-eabi/12.1.0/../../../../arm-none-eabi/lib/armv6k/fpu/libg.a(lib_a-init.o)
                0x000000000011035c                __libc_init_array
 .text.memalign
                0x00000000001103e0       0x20 /opt/devkitpro/devkitARM/bin/../lib/gcc/arm-none-eabi/12.1.0/../../../../arm-none-eabi/lib/armv6k/fpu/libg.a(lib_a-malign.o)
                0x00000000001103e0                memalign
 .text._memalign_r
                0x0000000000110400      0x14c /opt/devkitpro/devkitARM/bin/../lib/gcc/arm-none-eabi/12.1.0/../../../../arm-none-eabi/lib/armv6k/fpu/libg.a(lib_a-malignr.o)
                0x0000000000110400                _memalign_r
 .text.malloc   0x000000000011054c       0x18 /opt/devkitpro/devkitARM/bin/../lib/gcc/arm-none-eabi/12.1.0/../../../../arm-none-eabi/lib/armv6k/fpu/libg.a(lib_a-malloc.o)
                0x000000000011054c                malloc
 .text.free     0x0000000000110564       0x18 /opt/devkitpro/devkitARM/bin/../lib/gcc/arm-none-eabi/12.1.0/../../../../arm-none-eabi/lib/armv6k/fpu/libg.a(lib_a-malloc.o)
                0x0000000000110564                free
 .text._malloc_r
                0x000000000011057c      0x7e4 /opt/devkitpro/devkitARM/bin/../lib/gcc/arm-none-eabi/12.1.0/../../../../arm-none-eabi/lib/armv6k/fpu/libg.a(lib_a-mallocr.o)
                0x000000000011057c                _malloc_r
 .text.memchr   0x0000000000110d60       0xe4 /opt/devkitpro/devkitARM/bin/../lib/gcc/arm-none-eabi/12.1.0/../../../../arm-none-eabi/lib/armv6k/fpu/libg.a(lib_a-memchr-stub.o)
                0x0000000000110d60                memchr
 .text.memcpy   0x0000000000110e44      0x118 /opt/devkitpro/devkitARM/bin/../lib/gcc/arm-none-eabi/12.1.0/../../../../arm-none-eabi/lib/armv6k/fpu/libg.a(lib_a-memcpy-stub.o)
                0x0000000000110e44                memcpy
 .text.memset   0x0000000000110f5c       0xf4 /opt/devkitpro/devkitARM/bin/../lib/gcc/arm-none-eabi/12.1.0/../../../../arm-none-eabi/lib/armv6k/fpu/libg.a(lib_a-memset.o)
                0x0000000000110f5c                memset
 .text.__malloc_lock
                0x0000000000111050        0xc /opt/devkitpro/devkitARM/bin/../lib/gcc/arm-none-eabi/12.1.0/../../../../arm-none-eabi/lib/armv6k/fpu/libg.a(lib_a-mlock.o)
                0x0000000000111050                __malloc_lock
 .text.__malloc_unlock
                0x000000000011105c        0xc /opt/devkitpro/devkitARM/bin/../lib/gcc/arm-none-eabi/12.1.0/../../../../arm-none-eabi/lib/armv6k/fpu/libg.a(lib_a-mlock.o)
                0x000000000011105c                __malloc_unlock
 .text.printf   0x0000000000111068       0x34 /opt/devkitpro/devkitARM/bin/../lib/gcc/arm-none-eabi/12.1.0/../../../../arm-none-eabi/lib/armv6k/fpu/libg.a(lib_a-printf.o)
                0x0000000000111068                printf
 .text._puts_r  0x000000000011109c       0xe0 /opt/devkitpro/devkitARM/bin/../lib/gcc/arm-none-eabi/12.1.0/../../../../arm-none-eabi/lib/armv6k/fpu/libg.a(lib_a-puts.o)
                0x000000000011109c                _puts_r
 .text.puts     0x000000000011117c       0x18 /opt/devkitpro/devkitARM/bin/../lib/gcc/arm-none-eabi/12.1.0/../../../../arm-none-eabi/lib/armv6k/fpu/libg.a(lib_a-puts.o)
                0x000000000011117c                puts
 .text.setvbuf  0x0000000000111194      0x25c /opt/devkitpro/devkitARM/bin/../lib/gcc/arm-none-eabi/12.1.0/../../../../arm-none-eabi/lib/armv6k/fpu/libg.a(lib_a-setvbuf.o)
                0x0000000000111194                setvbuf
 .text.sscanf   0x00000000001113f0       0x74 /opt/devkitpro/devkitARM/bin/../lib/gcc/arm-none-eabi/12.1.0/../../../../arm-none-eabi/lib/armv6k/fpu/libg.a(lib_a-sscanf.o)
                0x00000000001113f0                sscanf
 .text.__sread  0x0000000000111464       0x44 /opt/devkitpro/devkitARM/bin/../lib/gcc/arm-none-eabi/12.1.0/../../../../arm-none-eabi/lib/armv6k/fpu/libg.a(lib_a-stdio.o)
                0x0000000000111464                __sread
 .text.__seofread
                0x00000000001114a8        0x8 /opt/devkitpro/devkitARM/bin/../lib/gcc/arm-none-eabi/12.1.0/../../../../arm-none-eabi/lib/armv6k/fpu/libg.a(lib_a-stdio.o)
                0x00000000001114a8                __seofread
 .text.__swrite
                0x00000000001114b0       0x68 /opt/devkitpro/devkitARM/bin/../lib/gcc/arm-none-eabi/12.1.0/../../../../arm-none-eabi/lib/armv6k/fpu/libg.a(lib_a-stdio.o)
                0x00000000001114b0                __swrite
 .text.__sseek  0x0000000000111518       0x44 /opt/devkitpro/devkitARM/bin/../lib/gcc/arm-none-eabi/12.1.0/../../../../arm-none-eabi/lib/armv6k/fpu/libg.a(lib_a-stdio.o)
                0x0000000000111518                __sseek
 .text.__sclose
                0x000000000011155c        0x8 /opt/devkitpro/devkitARM/bin/../lib/gcc/arm-none-eabi/12.1.0/../../../../arm-none-eabi/lib/armv6k/fpu/libg.a(lib_a-stdio.o)
                0x000000000011155c                __sclose
 .text.strlen   0x0000000000111564       0x5c /opt/devkitpro/devkitARM/bin/../lib/gcc/arm-none-eabi/12.1.0/../../../../arm-none-eabi/lib/armv6k/fpu/libg.a(lib_a-strlen-stub.o)
                0x0000000000111564                strlen
 .text.strncat  0x00000000001115c0       0xe4 /opt/devkitpro/devkitARM/bin/../lib/gcc/arm-none-eabi/12.1.0/../../../../arm-none-eabi/lib/armv6k/fpu/libg.a(lib_a-strncat.o)
                0x00000000001115c0                strncat
 .text.strncmp  0x00000000001116a4       0xe4 /opt/devkitpro/devkitARM/bin/../lib/gcc/arm-none-eabi/12.1.0/../../../../arm-none-eabi/lib/armv6k/fpu/libg.a(lib_a-strncmp.o)
                0x00000000001116a4                strncmp
 .text.strncpy  0x0000000000111788       0xc4 /opt/devkitpro/devkitARM/bin/../lib/gcc/arm-none-eabi/12.1.0/../../../../arm-none-eabi/lib/armv6k/fpu/libg.a(lib_a-strncpy.o)
                0x0000000000111788                strncpy
 .text.strnlen  0x000000000011184c       0x48 /opt/devkitpro/devkitARM/bin/../lib/gcc/arm-none-eabi/12.1.0/../../../../arm-none-eabi/lib/armv6k/fpu/libg.a(lib_a-strnlen.o)
                0x000000000011184c                strnlen
 .text._strtoul_l.constprop.0
                0x0000000000111894      0x1c4 /opt/devkitpro/devkitARM/bin/../lib/gcc/arm-none-eabi/12.1.0/../../../../arm-none-eabi/lib/armv6k/fpu/libg.a(lib_a-strtoul.o)
 .text._strtoul_r
                0x0000000000111a58        0x4 /opt/devkitpro/devkitARM/bin/../lib/gcc/arm-none-eabi/12.1.0/../../../../arm-none-eabi/lib/armv6k/fpu/libg.a(lib_a-strtoul.o)
                0x0000000000111a58                _strtoul_r
 .text.strtoul  0x0000000000111a5c       0x28 /opt/devkitpro/devkitARM/bin/../lib/gcc/arm-none-eabi/12.1.0/../../../../arm-none-eabi/lib/armv6k/fpu/libg.a(lib_a-strtoul.o)
                0x0000000000111a5c                strtoul
 .text.get_arg  0x0000000000111a84       0x50 /opt/devkitpro/devkitARM/bin/../lib/gcc/arm-none-eabi/12.1.0/../../../../arm-none-eabi/lib/armv6k/fpu/libg.a(lib_a-svfscanf.o)
 .text.__ssvfscanf_r
                0x0000000000111ad4     0x2c38 /opt/devkitpro/devkitARM/bin/../lib/gcc/arm-none-eabi/12.1.0/../../../../arm-none-eabi/lib/armv6k/fpu/libg.a(lib_a-svfscanf.o)
                0x0000000000111ad4                __ssvfscanf_r
 .text.gettimeofday
                0x000000000011470c       0x20 /opt/devkitpro/devkitARM/bin/../lib/gcc/arm-none-eabi/12.1.0/../../../../arm-none-eabi/lib/armv6k/fpu/libg.a(lib_a-sysgettod.o)
                0x000000000011470c                gettimeofday
 .text.get_arg  0x000000000011472c      0x66c /opt/devkitpro/devkitARM/bin/../lib/gcc/arm-none-eabi/12.1.0/../../../../arm-none-eabi/lib/armv6k/fpu/libg.a(lib_a-vfprintf.o)
 .text._vfprintf_r
                0x0000000000114d98     0x339c /opt/devkitpro/devkitARM/bin/../lib/gcc/arm-none-eabi/12.1.0/../../../../arm-none-eabi/lib/armv6k/fpu/libg.a(lib_a-vfprintf.o)
                0x0000000000114d98                _vfprintf_r
 .text.__sbprintf
                0x0000000000118134       0xd0 /opt/devkitpro/devkitARM/bin/../lib/gcc/arm-none-eabi/12.1.0/../../../../arm-none-eabi/lib/armv6k/fpu/libg.a(lib_a-vfprintf.o)
 .text._wcrtomb_r
                0x0000000000118204       0x54 /opt/devkitpro/devkitARM/bin/../lib/gcc/arm-none-eabi/12.1.0/../../../../arm-none-eabi/lib/armv6k/fpu/libg.a(lib_a-wcrtomb.o)
                0x0000000000118204                _wcrtomb_r
 .text._wcsrtombs_r
                0x0000000000118258       0x28 /opt/devkitpro/devkitARM/bin/../lib/gcc/arm-none-eabi/12.1.0/../../../../arm-none-eabi/lib/armv6k/fpu/libg.a(lib_a-wcsrtombs.o)
                0x0000000000118258                _wcsrtombs_r
 .text.__swsetup_r
                0x0000000000118280      0x13c /opt/devkitpro/devkitARM/bin/../lib/gcc/arm-none-eabi/12.1.0/../../../../arm-none-eabi/lib/armv6k/fpu/libg.a(lib_a-wsetup.o)
                0x0000000000118280                __swsetup_r
 .text.__call_exitprocs
                0x00000000001183bc      0x114 /opt/devkitpro/devkitARM/bin/../lib/gcc/arm-none-eabi/12.1.0/../../../../arm-none-eabi/lib/armv6k/fpu/libg.a(lib_a-__call_atexit.o)
                0x00000000001183bc                __call_exitprocs
 .text.quorem   0x00000000001184d0      0x1b0 /opt/devkitpro/devkitARM/bin/../lib/gcc/arm-none-eabi/12.1.0/../../../../arm-none-eabi/lib/armv6k/fpu/libg.a(lib_a-dtoa.o)
 .text._dtoa_r  0x0000000000118680     0x11f8 /opt/devkitpro/devkitARM/bin/../lib/gcc/arm-none-eabi/12.1.0/../../../../arm-none-eabi/lib/armv6k/fpu/libg.a(lib_a-dtoa.o)
                0x0000000000118680                _dtoa_r
 .text._fclose_r
                0x0000000000119878      0x15c /opt/devkitpro/devkitARM/bin/../lib/gcc/arm-none-eabi/12.1.0/../../../../arm-none-eabi/lib/armv6k/fpu/libg.a(lib_a-fclose.o)
                0x0000000000119878                _fclose_r
 .text.__sfvwrite_r
                0x00000000001199d4      0x4b4 /opt/devkitpro/devkitARM/bin/../lib/gcc/arm-none-eabi/12.1.0/../../../../arm-none-eabi/lib/armv6k/fpu/libg.a(lib_a-fvwrite.o)
                0x00000000001199d4                __sfvwrite_r
 .text.iswspace
                0x0000000000119e88        0x8 /opt/devkitpro/devkitARM/bin/../lib/gcc/arm-none-eabi/12.1.0/../../../../arm-none-eabi/lib/armv6k/fpu/libg.a(lib_a-iswspace.o)
                0x0000000000119e88                iswspace
 .text._localeconv_r
                0x0000000000119e90        0xc /opt/devkitpro/devkitARM/bin/../lib/gcc/arm-none-eabi/12.1.0/../../../../arm-none-eabi/lib/armv6k/fpu/libg.a(lib_a-localeconv.o)
                0x0000000000119e90                _localeconv_r
 .text.__locale_mb_cur_max
                0x0000000000119e9c       0x10 /opt/devkitpro/devkitARM/bin/../lib/gcc/arm-none-eabi/12.1.0/../../../../arm-none-eabi/lib/armv6k/fpu/libg.a(lib_a-locale.o)
                0x0000000000119e9c                __locale_mb_cur_max
 .text.__smakebuf_r
                0x0000000000119eac      0x138 /opt/devkitpro/devkitARM/bin/../lib/gcc/arm-none-eabi/12.1.0/../../../../arm-none-eabi/lib/armv6k/fpu/libg.a(lib_a-makebuf.o)
                0x0000000000119eac                __smakebuf_r
 .text.__swhatbuf_r
                0x0000000000119fe4       0x8c /opt/devkitpro/devkitARM/bin/../lib/gcc/arm-none-eabi/12.1.0/../../../../arm-none-eabi/lib/armv6k/fpu/libg.a(lib_a-makebuf.o)
                0x0000000000119fe4                __swhatbuf_r
 .text._mbrtowc_r
                0x000000000011a070       0x68 /opt/devkitpro/devkitARM/bin/../lib/gcc/arm-none-eabi/12.1.0/../../../../arm-none-eabi/lib/armv6k/fpu/libg.a(lib_a-mbrtowc.o)
                0x000000000011a070                _mbrtowc_r
 .text.__utf8_mbtowc
                0x000000000011a0d8      0x2f8 /opt/devkitpro/devkitARM/bin/../lib/gcc/arm-none-eabi/12.1.0/../../../../arm-none-eabi/lib/armv6k/fpu/libg.a(lib_a-mbtowc_r.o)
                0x000000000011a0d8                __utf8_mbtowc
 .text.memmove  0x000000000011a3d0      0x150 /opt/devkitpro/devkitARM/bin/../lib/gcc/arm-none-eabi/12.1.0/../../../../arm-none-eabi/lib/armv6k/fpu/libg.a(lib_a-memmove.o)
                0x000000000011a3d0                memmove
 .text._Balloc  0x000000000011a520       0x88 /opt/devkitpro/devkitARM/bin/../lib/gcc/arm-none-eabi/12.1.0/../../../../arm-none-eabi/lib/armv6k/fpu/libg.a(lib_a-mprec.o)
                0x000000000011a520                _Balloc
 .text._Bfree   0x000000000011a5a8       0x1c /opt/devkitpro/devkitARM/bin/../lib/gcc/arm-none-eabi/12.1.0/../../../../arm-none-eabi/lib/armv6k/fpu/libg.a(lib_a-mprec.o)
                0x000000000011a5a8                _Bfree
 .text.__multadd
                0x000000000011a5c4       0xf4 /opt/devkitpro/devkitARM/bin/../lib/gcc/arm-none-eabi/12.1.0/../../../../arm-none-eabi/lib/armv6k/fpu/libg.a(lib_a-mprec.o)
                0x000000000011a5c4                __multadd
 .text.__s2b    0x000000000011a6b8      0x110 /opt/devkitpro/devkitARM/bin/../lib/gcc/arm-none-eabi/12.1.0/../../../../arm-none-eabi/lib/armv6k/fpu/libg.a(lib_a-mprec.o)
                0x000000000011a6b8                __s2b
 .text.__hi0bits
                0x000000000011a7c8       0x60 /opt/devkitpro/devkitARM/bin/../lib/gcc/arm-none-eabi/12.1.0/../../../../arm-none-eabi/lib/armv6k/fpu/libg.a(lib_a-mprec.o)
                0x000000000011a7c8                __hi0bits
 .text.__lo0bits
                0x000000000011a828       0x9c /opt/devkitpro/devkitARM/bin/../lib/gcc/arm-none-eabi/12.1.0/../../../../arm-none-eabi/lib/armv6k/fpu/libg.a(lib_a-mprec.o)
                0x000000000011a828                __lo0bits
 .text.__i2b    0x000000000011a8c4       0xa8 /opt/devkitpro/devkitARM/bin/../lib/gcc/arm-none-eabi/12.1.0/../../../../arm-none-eabi/lib/armv6k/fpu/libg.a(lib_a-mprec.o)
                0x000000000011a8c4                __i2b
 .text.__multiply
                0x000000000011a96c      0x204 /opt/devkitpro/devkitARM/bin/../lib/gcc/arm-none-eabi/12.1.0/../../../../arm-none-eabi/lib/armv6k/fpu/libg.a(lib_a-mprec.o)
                0x000000000011a96c                __multiply
 .text.__pow5mult
                0x000000000011ab70      0x124 /opt/devkitpro/devkitARM/bin/../lib/gcc/arm-none-eabi/12.1.0/../../../../arm-none-eabi/lib/armv6k/fpu/libg.a(lib_a-mprec.o)
                0x000000000011ab70                __pow5mult
 .text.__lshift
                0x000000000011ac94      0x140 /opt/devkitpro/devkitARM/bin/../lib/gcc/arm-none-eabi/12.1.0/../../../../arm-none-eabi/lib/armv6k/fpu/libg.a(lib_a-mprec.o)
                0x000000000011ac94                __lshift
 .text.__mcmp   0x000000000011add4       0x58 /opt/devkitpro/devkitARM/bin/../lib/gcc/arm-none-eabi/12.1.0/../../../../arm-none-eabi/lib/armv6k/fpu/libg.a(lib_a-mprec.o)
                0x000000000011add4                __mcmp
 .text.__mdiff  0x000000000011ae2c      0x1ec /opt/devkitpro/devkitARM/bin/../lib/gcc/arm-none-eabi/12.1.0/../../../../arm-none-eabi/lib/armv6k/fpu/libg.a(lib_a-mprec.o)
                0x000000000011ae2c                __mdiff
 .text.__ulp    0x000000000011b018       0x68 /opt/devkitpro/devkitARM/bin/../lib/gcc/arm-none-eabi/12.1.0/../../../../arm-none-eabi/lib/armv6k/fpu/libg.a(lib_a-mprec.o)
                0x000000000011b018                __ulp
 .text.__b2d    0x000000000011b080       0xd0 /opt/devkitpro/devkitARM/bin/../lib/gcc/arm-none-eabi/12.1.0/../../../../arm-none-eabi/lib/armv6k/fpu/libg.a(lib_a-mprec.o)
                0x000000000011b080                __b2d
 .text.__d2b    0x000000000011b150      0x120 /opt/devkitpro/devkitARM/bin/../lib/gcc/arm-none-eabi/12.1.0/../../../../arm-none-eabi/lib/armv6k/fpu/libg.a(lib_a-mprec.o)
                0x000000000011b150                __d2b
 .text.__ratio  0x000000000011b270       0x78 /opt/devkitpro/devkitARM/bin/../lib/gcc/arm-none-eabi/12.1.0/../../../../arm-none-eabi/lib/armv6k/fpu/libg.a(lib_a-mprec.o)
                0x000000000011b270                __ratio
 .text.__copybits
                0x000000000011b2e8       0x88 /opt/devkitpro/devkitARM/bin/../lib/gcc/arm-none-eabi/12.1.0/../../../../arm-none-eabi/lib/armv6k/fpu/libg.a(lib_a-mprec.o)
                0x000000000011b2e8                __copybits
 .text.__any_on
                0x000000000011b370       0x5c /opt/devkitpro/devkitARM/bin/../lib/gcc/arm-none-eabi/12.1.0/../../../../arm-none-eabi/lib/armv6k/fpu/libg.a(lib_a-mprec.o)
                0x000000000011b370                __any_on
 .text.realloc  0x000000000011b3cc       0x20 /opt/devkitpro/devkitARM/bin/../lib/gcc/arm-none-eabi/12.1.0/../../../../arm-none-eabi/lib/armv6k/fpu/libg.a(lib_a-realloc.o)
                0x000000000011b3cc                realloc
 .text._realloc_r
                0x000000000011b3ec      0x4a0 /opt/devkitpro/devkitARM/bin/../lib/gcc/arm-none-eabi/12.1.0/../../../../arm-none-eabi/lib/armv6k/fpu/libg.a(lib_a-reallocr.o)
                0x000000000011b3ec                _realloc_r
 .text.__sccl   0x000000000011b88c       0xf4 /opt/devkitpro/devkitARM/bin/../lib/gcc/arm-none-eabi/12.1.0/../../../../arm-none-eabi/lib/armv6k/fpu/libg.a(lib_a-sccl.o)
                0x000000000011b88c                __sccl
 .text.nanf     0x000000000011b980        0xc /opt/devkitpro/devkitARM/bin/../lib/gcc/arm-none-eabi/12.1.0/../../../../arm-none-eabi/lib/armv6k/fpu/libg.a(lib_a-sf_nan.o)
                0x000000000011b980                nanf
 *fill*         0x000000000011b98c        0x4 
 .text.frexp    0x000000000011b990       0x88 /opt/devkitpro/devkitARM/bin/../lib/gcc/arm-none-eabi/12.1.0/../../../../arm-none-eabi/lib/armv6k/fpu/libg.a(lib_a-s_frexp.o)
                0x000000000011b990                frexp
 .text.sprintf  0x000000000011ba18       0x64 /opt/devkitpro/devkitARM/bin/../lib/gcc/arm-none-eabi/12.1.0/../../../../arm-none-eabi/lib/armv6k/fpu/libg.a(lib_a-sprintf.o)
                0x000000000011ba18                sprintf
 .text.stpncpy  0x000000000011ba7c       0xcc /opt/devkitpro/devkitARM/bin/../lib/gcc/arm-none-eabi/12.1.0/../../../../arm-none-eabi/lib/armv6k/fpu/libg.a(lib_a-stpncpy.o)
                0x000000000011ba7c                stpncpy
 .text.strchr   0x000000000011bb48      0x130 /opt/devkitpro/devkitARM/bin/../lib/gcc/arm-none-eabi/12.1.0/../../../../arm-none-eabi/lib/armv6k/fpu/libg.a(lib_a-strchr.o)
                0x000000000011bb48                strchr
 .text.sulp     0x000000000011bc78       0x64 /opt/devkitpro/devkitARM/bin/../lib/gcc/arm-none-eabi/12.1.0/../../../../arm-none-eabi/lib/armv6k/fpu/libg.a(lib_a-strtod.o)
 *fill*         0x000000000011bcdc        0x4 
 .text._strtod_l
                0x000000000011bce0     0x13a8 /opt/devkitpro/devkitARM/bin/../lib/gcc/arm-none-eabi/12.1.0/../../../../arm-none-eabi/lib/armv6k/fpu/libg.a(lib_a-strtod.o)
                0x000000000011bce0                _strtod_l
 .text._strtod_r
                0x000000000011d088        0xc /opt/devkitpro/devkitARM/bin/../lib/gcc/arm-none-eabi/12.1.0/../../../../arm-none-eabi/lib/armv6k/fpu/libg.a(lib_a-strtod.o)
                0x000000000011d088                _strtod_r
 .text._strtoll_l.constprop.0
                0x000000000011d094      0x22c /opt/devkitpro/devkitARM/bin/../lib/gcc/arm-none-eabi/12.1.0/../../../../arm-none-eabi/lib/armv6k/fpu/libg.a(lib_a-strtoll.o)
 .text._strtoll_r
                0x000000000011d2c0        0x4 /opt/devkitpro/devkitARM/bin/../lib/gcc/arm-none-eabi/12.1.0/../../../../arm-none-eabi/lib/armv6k/fpu/libg.a(lib_a-strtoll.o)
                0x000000000011d2c0                _strtoll_r
 .text._strtol_l.part.0
                0x000000000011d2c4      0x1a4 /opt/devkitpro/devkitARM/bin/../lib/gcc/arm-none-eabi/12.1.0/../../../../arm-none-eabi/lib/armv6k/fpu/libg.a(lib_a-strtol.o)
 .text._strtol_r
                0x000000000011d468       0x3c /opt/devkitpro/devkitARM/bin/../lib/gcc/arm-none-eabi/12.1.0/../../../../arm-none-eabi/lib/armv6k/fpu/libg.a(lib_a-strtol.o)
                0x000000000011d468                _strtol_r
 .text._strtoull_l.constprop.0
                0x000000000011d4a4      0x244 /opt/devkitpro/devkitARM/bin/../lib/gcc/arm-none-eabi/12.1.0/../../../../arm-none-eabi/lib/armv6k/fpu/libg.a(lib_a-strtoull.o)
 .text._strtoull_r
                0x000000000011d6e8        0x4 /opt/devkitpro/devkitARM/bin/../lib/gcc/arm-none-eabi/12.1.0/../../../../arm-none-eabi/lib/armv6k/fpu/libg.a(lib_a-strtoull.o)
                0x000000000011d6e8                _strtoull_r
 .text.__ssprint_r
                0x000000000011d6ec      0x188 /opt/devkitpro/devkitARM/bin/../lib/gcc/arm-none-eabi/12.1.0/../../../../arm-none-eabi/lib/armv6k/fpu/libg.a(lib_a-svfiprintf.o)
                0x000000000011d6ec                __ssprint_r
 .text._sungetc_r
                0x000000000011d874       0xd4 /opt/devkitpro/devkitARM/bin/../lib/gcc/arm-none-eabi/12.1.0/../../../../arm-none-eabi/lib/armv6k/fpu/libg.a(lib_a-svfiscanf.o)
                0x000000000011d874                _sungetc_r
 .text.__ssrefill_r
                0x000000000011d948       0x6c /opt/devkitpro/devkitARM/bin/../lib/gcc/arm-none-eabi/12.1.0/../../../../arm-none-eabi/lib/armv6k/fpu/libg.a(lib_a-svfiscanf.o)
                0x000000000011d948                __ssrefill_r
 .text._sfread_r
                0x000000000011d9b4       0xc4 /opt/devkitpro/devkitARM/bin/../lib/gcc/arm-none-eabi/12.1.0/../../../../arm-none-eabi/lib/armv6k/fpu/libg.a(lib_a-svfiscanf.o)
                0x000000000011d9b4                _sfread_r
 .text.get_arg  0x000000000011da78      0x66c /opt/devkitpro/devkitARM/bin/../lib/gcc/arm-none-eabi/12.1.0/../../../../arm-none-eabi/lib/armv6k/fpu/libg.a(lib_a-svfprintf.o)
 *fill*         0x000000000011e0e4        0x4 
 .text._svfprintf_r
                0x000000000011e0e8     0x3334 /opt/devkitpro/devkitARM/bin/../lib/gcc/arm-none-eabi/12.1.0/../../../../arm-none-eabi/lib/armv6k/fpu/libg.a(lib_a-svfprintf.o)
                0x000000000011e0e8                _svfprintf_r
 .text.__submore
                0x000000000012141c       0xa8 /opt/devkitpro/devkitARM/bin/../lib/gcc/arm-none-eabi/12.1.0/../../../../arm-none-eabi/lib/armv6k/fpu/libg.a(lib_a-ungetc.o)
                0x000000000012141c                __submore
 .text.get_arg  0x00000000001214c4      0x66c /opt/devkitpro/devkitARM/bin/../lib/gcc/arm-none-eabi/12.1.0/../../../../arm-none-eabi/lib/armv6k/fpu/libg.a(lib_a-vfiprintf.o)
 .text.__sprint_r
                0x0000000000121b30       0x30 /opt/devkitpro/devkitARM/bin/../lib/gcc/arm-none-eabi/12.1.0/../../../../arm-none-eabi/lib/armv6k/fpu/libg.a(lib_a-vfiprintf.o)
                0x0000000000121b30                __sprint_r
 .text._vfiprintf_r
                0x0000000000121b60     0x22ec /opt/devkitpro/devkitARM/bin/../lib/gcc/arm-none-eabi/12.1.0/../../../../arm-none-eabi/lib/armv6k/fpu/libg.a(lib_a-vfiprintf.o)
                0x0000000000121b60                _vfiprintf_r
 .text.__sbprintf
                0x0000000000123e4c       0xd0 /opt/devkitpro/devkitARM/bin/../lib/gcc/arm-none-eabi/12.1.0/../../../../arm-none-eabi/lib/armv6k/fpu/libg.a(lib_a-vfiprintf.o)
 .text._wcsnrtombs_l
                0x0000000000123f1c      0x188 /opt/devkitpro/devkitARM/bin/../lib/gcc/arm-none-eabi/12.1.0/../../../../arm-none-eabi/lib/armv6k/fpu/libg.a(lib_a-wcsnrtombs.o)
                0x0000000000123f1c                _wcsnrtombs_l
 .text._wcsnrtombs_r
                0x00000000001240a4       0x4c /opt/devkitpro/devkitARM/bin/../lib/gcc/arm-none-eabi/12.1.0/../../../../arm-none-eabi/lib/armv6k/fpu/libg.a(lib_a-wcsnrtombs.o)
                0x00000000001240a4                _wcsnrtombs_r
 .text.__utf8_wctomb
                0x00000000001240f0       0xf0 /opt/devkitpro/devkitARM/bin/../lib/gcc/arm-none-eabi/12.1.0/../../../../arm-none-eabi/lib/armv6k/fpu/libg.a(lib_a-wctomb_r.o)
                0x00000000001240f0                __utf8_wctomb
 .text.__assert_func
                0x00000000001241e0       0x5c /opt/devkitpro/devkitARM/bin/../lib/gcc/arm-none-eabi/12.1.0/../../../../arm-none-eabi/lib/armv6k/fpu/libg.a(lib_a-assert.o)
                0x00000000001241e0                __assert_func
 .text.fiprintf
                0x000000000012423c       0x3c /opt/devkitpro/devkitARM/bin/../lib/gcc/arm-none-eabi/12.1.0/../../../../arm-none-eabi/lib/armv6k/fpu/libg.a(lib_a-fiprintf.o)
                0x000000000012423c                fiprintf
 .text.rshift   0x0000000000124278       0xf0 /opt/devkitpro/devkitARM/bin/../lib/gcc/arm-none-eabi/12.1.0/../../../../arm-none-eabi/lib/armv6k/fpu/libg.a(lib_a-gdtoa-gethex.o)
 .text.__gethex
                0x0000000000124368      0x814 /opt/devkitpro/devkitARM/bin/../lib/gcc/arm-none-eabi/12.1.0/../../../../arm-none-eabi/lib/armv6k/fpu/libg.a(lib_a-gdtoa-gethex.o)
                0x0000000000124368                __gethex
 .text.__match  0x0000000000124b7c       0x4c /opt/devkitpro/devkitARM/bin/../lib/gcc/arm-none-eabi/12.1.0/../../../../arm-none-eabi/lib/armv6k/fpu/libg.a(lib_a-gdtoa-hexnan.o)
                0x0000000000124b7c                __match
 .text.__hexnan
                0x0000000000124bc8      0x29c /opt/devkitpro/devkitARM/bin/../lib/gcc/arm-none-eabi/12.1.0/../../../../arm-none-eabi/lib/armv6k/fpu/libg.a(lib_a-gdtoa-hexnan.o)
                0x0000000000124bc8                __hexnan
 .text.iswspace_l
                0x0000000000124e64       0x3c /opt/devkitpro/devkitARM/bin/../lib/gcc/arm-none-eabi/12.1.0/../../../../arm-none-eabi/lib/armv6k/fpu/libg.a(lib_a-iswspace_l.o)
                0x0000000000124e64                iswspace_l
 .text.__jp2uc  0x0000000000124ea0      0x1d8 /opt/devkitpro/devkitARM/bin/../lib/gcc/arm-none-eabi/12.1.0/../../../../arm-none-eabi/lib/armv6k/fpu/libg.a(lib_a-jp2uc.o)
 .text._jp2uc_l
                0x0000000000125078       0x9c /opt/devkitpro/devkitARM/bin/../lib/gcc/arm-none-eabi/12.1.0/../../../../arm-none-eabi/lib/armv6k/fpu/libg.a(lib_a-jp2uc.o)
                0x0000000000125078                _jp2uc_l
 *fill*         0x0000000000125114        0x4 
 .text.nan      0x0000000000125118       0x10 /opt/devkitpro/devkitARM/bin/../lib/gcc/arm-none-eabi/12.1.0/../../../../arm-none-eabi/lib/armv6k/fpu/libg.a(lib_a-s_nan.o)
                0x0000000000125118                nan
 .text.abort    0x0000000000125128       0x14 /opt/devkitpro/devkitARM/bin/../lib/gcc/arm-none-eabi/12.1.0/../../../../arm-none-eabi/lib/armv6k/fpu/libg.a(lib_a-abort.o)
                0x0000000000125128                abort
 .text.category
                0x000000000012513c       0x8c /opt/devkitpro/devkitARM/bin/../lib/gcc/arm-none-eabi/12.1.0/../../../../arm-none-eabi/lib/armv6k/fpu/libg.a(lib_a-categories.o)
                0x000000000012513c                category
 .text._raise_r
                0x00000000001251c8       0x90 /opt/devkitpro/devkitARM/bin/../lib/gcc/arm-none-eabi/12.1.0/../../../../arm-none-eabi/lib/armv6k/fpu/libg.a(lib_a-signal.o)
                0x00000000001251c8                _raise_r
 .text.raise    0x0000000000125258       0x18 /opt/devkitpro/devkitARM/bin/../lib/gcc/arm-none-eabi/12.1.0/../../../../arm-none-eabi/lib/armv6k/fpu/libg.a(lib_a-signal.o)
                0x0000000000125258                raise
 .text.null_write
                0x0000000000125270        0x8 /opt/devkitpro/devkitARM/bin/../lib/gcc/arm-none-eabi/12.1.0/../../../../arm-none-eabi/lib/armv6k/fpu/libsysbase.a(iosupport.o)
 .text.setDefaultDevice
                0x0000000000125278       0x18 /opt/devkitpro/devkitARM/bin/../lib/gcc/arm-none-eabi/12.1.0/../../../../arm-none-eabi/lib/armv6k/fpu/libsysbase.a(iosupport.o)
                0x0000000000125278                setDefaultDevice
 .text.FindDevice
                0x0000000000125290       0xc8 /opt/devkitpro/devkitARM/bin/../lib/gcc/arm-none-eabi/12.1.0/../../../../arm-none-eabi/lib/armv6k/fpu/libsysbase.a(iosupport.o)
                0x0000000000125290                FindDevice
 .text.RemoveDevice
                0x0000000000125358       0x28 /opt/devkitpro/devkitARM/bin/../lib/gcc/arm-none-eabi/12.1.0/../../../../arm-none-eabi/lib/armv6k/fpu/libsysbase.a(iosupport.o)
                0x0000000000125358                RemoveDevice
 .text.AddDevice